02-06 05:08:58.719  8203  8203 I AppIconSolution: return adaptive icon for com.katsuyamaki.DroidOSLauncher, isNight = true
02-06 05:08:58.729  1027  1204 I SurfaceFlinger: Capture layer list: 	 Wallpaper BBQ wrapper 7_systemlock#110(seamlessTransition:0)
02-06 05:08:58.729  1027  1204 I SurfaceFlinger: Capture layer list: 	 com.sec.android.app.launcher/com.sec.android.app.launcher.activities.LauncherActivity$_2708#23130(seamlessTransition:0)
02-06 05:08:58.729  1027  1204 I SurfaceFlinger: Capture layer list: 	 InputMethod$_7811#23673(seamlessTransition:0)
02-06 05:08:58.829  1027  1204 I SurfaceFlinger: Capture layer list: 	 Wallpaper BBQ wrapper 7_systemlock#110(seamlessTransition:0)
02-06 05:08:58.829  1027  1204 I SurfaceFlinger: Capture layer list: 	 com.sec.android.app.launcher/com.sec.android.app.launcher.activities.LauncherActivity$_2708#23130(seamlessTransition:0)
02-06 05:08:58.829  1027  1204 I SurfaceFlinger: Capture layer list: 	 InputMethod$_7811#23673(seamlessTransition:0)
02-06 05:08:59.339  1027  1204 I SurfaceFlinger: Capture layer list: 	 Wallpaper BBQ wrapper 7_systemlock#110(seamlessTransition:0)
02-06 05:08:59.339  1027  1204 I SurfaceFlinger: Capture layer list: 	 com.sec.android.app.launcher/com.sec.android.app.launcher.activities.LauncherActivity$_2708#23130(seamlessTransition:0)
02-06 05:08:59.339  1027  1204 I SurfaceFlinger: Capture layer list: 	 InputMethod$_7811#23673(seamlessTransition:0)
02-06 05:08:59.610  1027  1204 I SurfaceFlinger: Capture layer list: 	 Wallpaper BBQ wrapper 7_systemlock#110(seamlessTransition:0)
02-06 05:08:59.610  1027  1204 I SurfaceFlinger: Capture layer list: 	 com.sec.android.app.launcher/com.sec.android.app.launcher.activities.LauncherActivity$_2708#23130(seamlessTransition:0)
02-06 05:08:59.610  1027  1204 I SurfaceFlinger: Capture layer list: 	 InputMethod$_7811#23673(seamlessTransition:0)
02-06 05:08:59.698  7811  7811 D DroidOS_Debug: handleKeyPress: key='f' customModKeyCode=0
02-06 05:08:59.698  7811  7811 D DroidOS_Debug: Resolved KeyCode: 34
02-06 05:08:59.698  7811  7811 D KeyboardView: Shortcut check: 2|34, registered=true, argCount=1, override=true
02-06 05:08:59.698  7811  7811 D KeyboardView: Pre-set capture mode for command with argCount=1
02-06 05:08:59.699  7811  7811 D KeyboardView: Broadcasting Remote Key: f (34) (Latched: false)
02-06 05:08:59.702  7873  7873 D DroidOS_Keys: RECEIVER: handleRemoteKeyEvent called with 34 (Meta: 2)
02-06 05:08:59.703  7873  7873 D DroidOS_Keys: REMOTE INPUT: Key=KEYCODE_F(34) Meta=Meta(2)(2)
02-06 05:08:59.703  7873  7873 D DroidOS_Keys:     MATCH! Triggering via Remote...
02-06 05:08:59.704  7873  7873 I WindowManager: WindowManagerGlobal#addView, ty=2032, view=android.widget.LinearLayout{daa2533 V.E...... ......I. 0,0-412,168}, caller=android.view.WindowManagerImpl.addView:158 com.katsuyamaki.DroidOSLauncher.FloatingLauncherService.showVisualQueue:2534 com.katsuyamaki.DroidOSLauncher.FloatingLauncherService.triggerCommand:1182 
02-06 05:08:59.712  1027  2359 I SurfaceFlinger: id=23732 createSurf, flag=84004, 93c9ef8 com.katsuyamaki.DroidOSLauncher#23732
02-06 05:08:59.712  1415  2342 D RestrictionPolicy: isScreenCaptureEnabled : ret=true userId=0
02-06 05:08:59.715  1027  1027 I SurfaceFlinger: [93c9ef8 com.katsuyamaki.DroidOSLauncher#23732] attach to parent LayerHierarchy{RequestedLayerState{WindowToken{8bd12d7 type=2032 android.os.Binder@eba7256}#21724 parentId=39 z=4} 2 children}
02-06 05:08:59.717  1415  4627 D CoreBackPreview: Window{93c9ef8 u0 com.katsuyamaki.DroidOSLauncher}: Setting back callback OnBackInvokedCallbackInfo{mCallback=android.window.IOnBackInvokedCallback$Stub$Proxy@fca9a0e, mPriority=0, mIsAnimationCallback=false, mOverrideBehavior=0}
02-06 05:08:59.718  7811  7811 D KeyboardView: Blocking registered shortcut: 2|34
02-06 05:08:59.722  1415  2707 I WindowManager: Relayout Window{93c9ef8 u0 com.katsuyamaki.DroidOSLauncher}: viewVisibility=0 req=412x168 ty=2032 d0
02-06 05:08:59.724  1027  1027 I SurfaceFlinger: RequestedLayer [93c9ef8 com.katsuyamaki.DroidOSLauncher#23732] hidden!! flag  from(1) --> to(0)
02-06 05:08:59.724  1027  1027 I SurfaceFlinger: [$_7873#23733] attach to parent LayerHierarchy{RequestedLayerState{93c9ef8 com.katsuyamaki.DroidOSLauncher#23732 parentId=21724 z=1} 1 children}
02-06 05:08:59.732  7811  7811 D OverlayService: Input Capture Set: true
02-06 05:08:59.749  1027  1204 I SurfaceFlinger: Capture layer list: 	 Wallpaper BBQ wrapper 7_systemlock#110(seamlessTransition:0)
02-06 05:08:59.749  1027  1204 I SurfaceFlinger: Capture layer list: 	 com.sec.android.app.launcher/com.sec.android.app.launcher.activities.LauncherActivity$_2708#23130(seamlessTransition:0)
02-06 05:08:59.749  1027  1204 I SurfaceFlinger: Capture layer list: 	 InputMethod$_7811#23673(seamlessTransition:0)
02-06 05:08:59.834   740   740 D io_stats: !@ Read_top(KB): .gms.persistent:high(2766) 600 android.youtube:low(24365) 276 DroidOSLauncher:high(7873) 64
02-06 05:08:59.850  1027  1204 I SurfaceFlinger: Capture layer list: 	 Wallpaper BBQ wrapper 7_systemlock#110(seamlessTransition:0)
02-06 05:08:59.850  1027  1204 I SurfaceFlinger: Capture layer list: 	 com.sec.android.app.launcher/com.sec.android.app.launcher.activities.LauncherActivity$_2708#23130(seamlessTransition:0)
02-06 05:08:59.850  1027  1204 I SurfaceFlinger: Capture layer list: 	 InputMethod$_7811#23673(seamlessTransition:0)
02-06 05:08:59.893  1415  1696 D WindowManager: finishDrawingWindow: Window{93c9ef8 u0 com.katsuyamaki.DroidOSLauncher} mDrawState=DRAW_PENDING seqId=0
02-06 05:08:59.903  1415  1548 V WindowManager: performShowLocked: mDrawState=HAS_DRAWN in Window{93c9ef8 u0 com.katsuyamaki.DroidOSLauncher}
02-06 05:08:59.951  1027  1204 I SurfaceFlinger: Capture layer list: 	 Wallpaper BBQ wrapper 7_systemlock#110(seamlessTransition:0)
02-06 05:08:59.951  1027  1204 I SurfaceFlinger: Capture layer list: 	 com.sec.android.app.launcher/com.sec.android.app.launcher.activities.LauncherActivity$_2708#23130(seamlessTransition:0)
02-06 05:08:59.951  1027  1204 I SurfaceFlinger: Capture layer list: 	 InputMethod$_7811#23673(seamlessTransition:0)
02-06 05:09:00.052  1027  1204 I SurfaceFlinger: Capture layer list: 	 Wallpaper BBQ wrapper 7_systemlock#110(seamlessTransition:0)
02-06 05:09:00.052  1027  1204 I SurfaceFlinger: Capture layer list: 	 com.sec.android.app.launcher/com.sec.android.app.launcher.activities.LauncherActivity$_2708#23130(seamlessTransition:0)
02-06 05:09:00.052  1027  1204 I SurfaceFlinger: Capture layer list: 	 InputMethod$_7811#23673(seamlessTransition:0)
02-06 05:09:00.152  1027  1204 I SurfaceFlinger: Capture layer list: 	 Wallpaper BBQ wrapper 7_systemlock#110(seamlessTransition:0)
02-06 05:09:00.152  1027  1204 I SurfaceFlinger: Capture layer list: 	 com.sec.android.app.launcher/com.sec.android.app.launcher.activities.LauncherActivity$_2708#23130(seamlessTransition:0)
02-06 05:09:00.152  1027  1204 I SurfaceFlinger: Capture layer list: 	 InputMethod$_7811#23673(seamlessTransition:0)
02-06 05:09:00.546  1027  1204 I SurfaceFlinger: Capture layer list: 	 Wallpaper BBQ wrapper 7_systemlock#110(seamlessTransition:0)
02-06 05:09:00.546  1027  1204 I SurfaceFlinger: Capture layer list: 	 com.sec.android.app.launcher/com.sec.android.app.launcher.activities.LauncherActivity$_2708#23130(seamlessTransition:0)
02-06 05:09:00.546  1027  1204 I SurfaceFlinger: Capture layer list: 	 InputMethod$_7811#23673(seamlessTransition:0)
02-06 05:09:01.146  1027  1204 I SurfaceFlinger: Capture layer list: 	 Wallpaper BBQ wrapper 7_systemlock#110(seamlessTransition:0)
02-06 05:09:01.146  1027  1204 I SurfaceFlinger: Capture layer list: 	 com.sec.android.app.launcher/com.sec.android.app.launcher.activities.LauncherActivity$_2708#23130(seamlessTransition:0)
02-06 05:09:01.146  1027  1204 I SurfaceFlinger: Capture layer list: 	 InputMethod$_7811#23673(seamlessTransition:0)
02-06 05:09:01.210  7811  7811 D DroidOS_Debug: handleKeyPress: key='*' customModKeyCode=0
02-06 05:09:01.210  7811  7811 D DroidOS_Debug: Resolved KeyCode: 15
02-06 05:09:01.212  7811  7811 D KeyboardView: Capture Mode: Sent 15 for key *
02-06 05:09:01.222  7873  7873 D DroidOS_Keys: RECEIVER: handleRemoteKeyEvent called with 15 (Meta: 0)
02-06 05:09:01.222  7873  7873 D DroidOS_Keys: REMOTE INPUT: Key=KEYCODE_8(15) Meta=None(0)
02-06 05:09:01.222  7873  7873 I WindowManager: WindowManagerGlobal#removeView, ty=2032, view=android.widget.LinearLayout{daa2533 V.E...... ........ 0,0-412,168}, caller=android.view.WindowManagerGlobal.removeView:654 android.view.WindowManagerImpl.removeView:211 com.katsuyamaki.DroidOSLauncher.FloatingLauncherService.hideVisualQueue:2566 
02-06 05:09:01.227  7811  7811 D OverlayService: Input Capture Set: false
02-06 05:09:01.227  1415  2707 D CoreBackPreview: Window{93c9ef8 u0 com.katsuyamaki.DroidOSLauncher}: Setting back callback null
02-06 05:09:01.229  1415  2707 V WindowManager: Remove Window{93c9ef8 u0 com.katsuyamaki.DroidOSLauncher}: mSurfaceControl=Surface(name=$_7873)/@0x4600cd4 mAnimatingExit=false mRemoveOnExit=false mHasSurface=true surfaceShowing=true animating=false app-animation=false callers=com.android.server.wm.Session.remove:16 android.view.IWindowSession$Stub.onTransact:804 com.android.server.wm.Session.onTransact:1 android.os.Binder.execTransactInternal:1457 android.os.Binder.execTransact:1401 <bottom of call stack> 
02-06 05:09:01.239  1027  1027 I SurfaceFlinger: [LayerHierarchy{RequestedLayerState{93c9ef8 com.katsuyamaki.DroidOSLauncher#23732 z=1} 1 children}] reparent to OffscreenRoot
02-06 05:09:01.239  1027  1027 I SurfaceFlinger: [LayerHierarchy{RequestedLayerState{93c9ef8 com.katsuyamaki.DroidOSLauncher#23732 z=1} 1 children}] RelativeParent to null
02-06 05:09:01.239  1027  1027 I SurfaceFlinger: id=23732 Removed 93c9ef8 com.katsuyamaki.DroidOSLauncher#23732 (244)
02-06 05:09:01.247  1027  1027 I SurfaceFlinger: destroyed 93c9ef8 com.katsuyamaki.DroidOSLauncher#23732
02-06 05:09:01.247  1027  1027 I Layer   : id=23732 Destroyed 93c9ef8 com.katsuyamaki.DroidOSLauncher#23732
02-06 05:09:01.251  1027  1204 I SurfaceFlinger: Capture layer list: 	 Wallpaper BBQ wrapper 7_systemlock#110(seamlessTransition:0)
02-06 05:09:01.251  1027  1204 I SurfaceFlinger: Capture layer list: 	 com.sec.android.app.launcher/com.sec.android.app.launcher.activities.LauncherActivity$_2708#23130(seamlessTransition:0)
02-06 05:09:01.251  1027  1204 I SurfaceFlinger: Capture layer list: 	 InputMethod$_7811#23673(seamlessTransition:0)
02-06 05:09:01.287  7811  7811 D DroidOS_Debug: handleKeyPress: key='z' customModKeyCode=0
02-06 05:09:01.287  7811  7811 D DroidOS_Debug: Resolved KeyCode: 54
02-06 05:09:01.290  7811  7811 D DroidOS_Suggest: Updated: [wqfjz(new=true,custom=false)]
02-06 05:09:01.351  1027  1204 I SurfaceFlinger: Capture layer list: 	 Wallpaper BBQ wrapper 7_systemlock#110(seamlessTransition:0)
02-06 05:09:01.351  1027  1204 I SurfaceFlinger: Capture layer list: 	 com.sec.android.app.launcher/com.sec.android.app.launcher.activities.LauncherActivity$_2708#23130(seamlessTransition:0)
02-06 05:09:01.351  1027  1204 I SurfaceFlinger: Capture layer list: 	 InputMethod$_7811#23673(seamlessTransition:0)
02-06 05:09:01.438  1415  1975 D NetdEventListenerService: DNS Requested by 104, 10115(com.microsoft.skydrive), 4(FAIL), isBlocked=true, 0ms
02-06 05:09:01.451  1027  1204 I SurfaceFlinger: Capture layer list: 	 Wallpaper BBQ wrapper 7_systemlock#110(seamlessTransition:0)
02-06 05:09:01.451  1027  1204 I SurfaceFlinger: Capture layer list: 	 com.sec.android.app.launcher/com.sec.android.app.launcher.activities.LauncherActivity$_2708#23130(seamlessTransition:0)
02-06 05:09:01.451  1027  1204 I SurfaceFlinger: Capture layer list: 	 InputMethod$_7811#23673(seamlessTransition:0)
02-06 05:09:01.552  1027  1204 I SurfaceFlinger: Capture layer list: 	 Wallpaper BBQ wrapper 7_systemlock#110(seamlessTransition:0)
02-06 05:09:01.552  1027  1204 I SurfaceFlinger: Capture layer list: 	 com.sec.android.app.launcher/com.sec.android.app.launcher.activities.LauncherActivity$_2708#23130(seamlessTransition:0)
02-06 05:09:01.552  1027  1204 I SurfaceFlinger: Capture layer list: 	 InputMethod$_7811#23673(seamlessTransition:0)
02-06 05:09:01.745  1027  1204 I SurfaceFlinger: Capture layer list: 	 Wallpaper BBQ wrapper 7_systemlock#110(seamlessTransition:0)
02-06 05:09:01.746  1027  1204 I SurfaceFlinger: Capture layer list: 	 com.sec.android.app.launcher/com.sec.android.app.launcher.activities.LauncherActivity$_2708#23130(seamlessTransition:0)
02-06 05:09:01.746  1027  1204 I SurfaceFlinger: Capture layer list: 	 InputMethod$_7811#23673(seamlessTransition:0)
02-06 05:09:02.343  1027  1204 I SurfaceFlinger: Capture layer list: 	 Wallpaper BBQ wrapper 7_systemlock#110(seamlessTransition:0)
02-06 05:09:02.343  1027  1204 I SurfaceFlinger: Capture layer list: 	 com.sec.android.app.launcher/com.sec.android.app.launcher.activities.LauncherActivity$_2708#23130(seamlessTransition:0)
02-06 05:09:02.343  1027  1204 I SurfaceFlinger: Capture layer list: 	 InputMethod$_7811#23673(seamlessTransition:0)
02-06 05:09:02.944  1027  1204 I SurfaceFlinger: Capture layer list: 	 Wallpaper BBQ wrapper 7_systemlock#110(seamlessTransition:0)
02-06 05:09:02.944  1027  1204 I SurfaceFlinger: Capture layer list: 	 com.sec.android.app.launcher/com.sec.android.app.launcher.activities.LauncherActivity$_2708#23130(seamlessTransition:0)
02-06 05:09:02.944  1027  1204 I SurfaceFlinger: Capture layer list: 	 InputMethod$_7811#23673(seamlessTransition:0)
02-06 05:09:03.468 15305 11124 I NotificationManager: com.paget96.batteryguru: notify(1, null, Notification(channel=battery_info_high shortcut=null contentView=null vibrate=null sound=null defaults=0 flags=ONGOING_EVENT|ONLY_ALERT_ONCE color=0x00000000 groupKey=silent vis=PUBLIC semFlags=0x0 semPriority=0 semMissedCount=0)) as user
02-06 05:09:03.542  1027  1204 I SurfaceFlinger: Capture layer list: 	 Wallpaper BBQ wrapper 7_systemlock#110(seamlessTransition:0)
02-06 05:09:03.542  1027  1204 I SurfaceFlinger: Capture layer list: 	 com.sec.android.app.launcher/com.sec.android.app.launcher.activities.LauncherActivity$_2708#23130(seamlessTransition:0)
02-06 05:09:03.542  1027  1204 I SurfaceFlinger: Capture layer list: 	 InputMethod$_7811#23673(seamlessTransition:0)
02-06 05:09:03.689  1415  1415 I EdgeLightingManager: showForNotificationScreenOn Alert once notification. sbn: StatusBarNotification(pkg=com.paget96.batteryguru user=UserHandle{0} id=1 tag=null key=0|com.paget96.batteryguru|1|null|10326: Notification(channel=battery_info_high shortcut=null contentView=null vibrate=null sound=null defaults=0 flags=ONGOING_EVENT|ONLY_ALERT_ONCE|NO_CLEAR|FOREGROUND_SERVICE|SILENT color=0x00000000 vis=PUBLIC semFlags=0x0 semPriority=0 semMissedCount=0))
02-06 05:09:03.732  1027  1204 I SurfaceFlinger: Capture layer list: 	 Wallpaper BBQ wrapper 7_systemlock#110(seamlessTransition:0)
02-06 05:09:03.732  1027  1204 I SurfaceFlinger: Capture layer list: 	 com.sec.android.app.launcher/com.sec.android.app.launcher.activities.LauncherActivity$_2708#23130(seamlessTransition:0)
02-06 05:09:03.732  1027  1204 I SurfaceFlinger: Capture layer list: 	 InputMethod$_7811#23673(seamlessTransition:0)
02-06 05:09:03.796  8203  8203 I AppIconSolution: return adaptive icon for com.katsuyamaki.DroidOSTrackpadKeyboard, isNight = true
02-06 05:09:03.804  8203  8203 I AppIconSolution: return adaptive icon for com.katsuyamaki.DroidOSLauncher, isNight = true
02-06 05:09:03.832  1027  1204 I SurfaceFlinger: Capture layer list: 	 Wallpaper BBQ wrapper 7_systemlock#110(seamlessTransition:0)
02-06 05:09:03.832  1027  1204 I SurfaceFlinger: Capture layer list: 	 com.sec.android.app.launcher/com.sec.android.app.launcher.activities.LauncherActivity$_2708#23130(seamlessTransition:0)
02-06 05:09:03.833  1027  1204 I SurfaceFlinger: Capture layer list: 	 InputMethod$_7811#23673(seamlessTransition:0)
02-06 05:09:04.150  1027  1204 I SurfaceFlinger: Capture layer list: 	 Wallpaper BBQ wrapper 7_systemlock#110(seamlessTransition:0)
02-06 05:09:04.150  1027  1204 I SurfaceFlinger: Capture layer list: 	 com.sec.android.app.launcher/com.sec.android.app.launcher.activities.LauncherActivity$_2708#23130(seamlessTransition:0)
02-06 05:09:04.150  1027  1204 I SurfaceFlinger: Capture layer list: 	 InputMethod$_7811#23673(seamlessTransition:0)
02-06 05:09:04.755  1027  1204 I SurfaceFlinger: Capture layer list: 	 Wallpaper BBQ wrapper 7_systemlock#110(seamlessTransition:0)
02-06 05:09:04.755  1027  1204 I SurfaceFlinger: Capture layer list: 	 com.sec.android.app.launcher/com.sec.android.app.launcher.activities.LauncherActivity$_2708#23130(seamlessTransition:0)
02-06 05:09:04.755  1027  1204 I SurfaceFlinger: Capture layer list: 	 InputMethod$_7811#23673(seamlessTransition:0)
02-06 05:09:05.350  1027  1204 I SurfaceFlinger: Capture layer list: 	 Wallpaper BBQ wrapper 7_systemlock#110(seamlessTransition:0)
02-06 05:09:05.350  1027  1204 I SurfaceFlinger: Capture layer list: 	 com.sec.android.app.launcher/com.sec.android.app.launcher.activities.LauncherActivity$_2708#23130(seamlessTransition:0)
02-06 05:09:05.350  1027  1204 I SurfaceFlinger: Capture layer list: 	 InputMethod$_7811#23673(seamlessTransition:0)
02-06 05:09:05.953  1027  1204 I SurfaceFlinger: Capture layer list: 	 Wallpaper BBQ wrapper 7_systemlock#110(seamlessTransition:0)
02-06 05:09:05.953  1027  1204 I SurfaceFlinger: Capture layer list: 	 com.sec.android.app.launcher/com.sec.android.app.launcher.activities.LauncherActivity$_2708#23130(seamlessTransition:0)
02-06 05:09:05.953  1027  1204 I SurfaceFlinger: Capture layer list: 	 InputMethod$_7811#23673(seamlessTransition:0)
02-06 05:09:06.553  1027  1204 I SurfaceFlinger: Capture layer list: 	 Wallpaper BBQ wrapper 7_systemlock#110(seamlessTransition:0)
02-06 05:09:06.553  1027  1204 I SurfaceFlinger: Capture layer list: 	 com.sec.android.app.launcher/com.sec.android.app.launcher.activities.LauncherActivity$_2708#23130(seamlessTransition:0)
02-06 05:09:06.553  1027  1204 I SurfaceFlinger: Capture layer list: 	 InputMethod$_7811#23673(seamlessTransition:0)
02-06 05:09:07.165  1415  1975 D NetdEventListenerService: DNS Requested by 104, 10115(com.microsoft.skydrive), 4(FAIL), isBlocked=true, 0ms
02-06 05:09:07.168  1027  1204 I SurfaceFlinger: Capture layer list: 	 Wallpaper BBQ wrapper 7_systemlock#110(seamlessTransition:0)
02-06 05:09:07.169  1027  1204 I SurfaceFlinger: Capture layer list: 	 com.sec.android.app.launcher/com.sec.android.app.launcher.activities.LauncherActivity$_2708#23130(seamlessTransition:0)
02-06 05:09:07.169  1027  1204 I SurfaceFlinger: Capture layer list: 	 InputMethod$_7811#23673(seamlessTransition:0)
02-06 05:09:07.767  1027  1204 I SurfaceFlinger: Capture layer list: 	 Wallpaper BBQ wrapper 7_systemlock#110(seamlessTransition:0)
02-06 05:09:07.767  1027  1204 I SurfaceFlinger: Capture layer list: 	 com.sec.android.app.launcher/com.sec.android.app.launcher.activities.LauncherActivity$_2708#23130(seamlessTransition:0)
02-06 05:09:07.767  1027  1204 I SurfaceFlinger: Capture layer list: 	 InputMethod$_7811#23673(seamlessTransition:0)
02-06 05:09:07.776  2766 11770 I FusedLocation: (REDACTED) location delivery to %s blocked - too close
02-06 05:09:07.783  2766 11770 I FusedLocation: (REDACTED) location delivery to %s blocked - too close
02-06 05:09:07.784  2766 11770 I FusedLocation: (REDACTED) location delivery to %s blocked - too close
02-06 05:09:07.785  2766 11770 I FusedLocation: (REDACTED) location delivery to %s blocked - too fast
02-06 05:09:07.788  2766 11770 I FusedLocation: (REDACTED) location delivery to %s blocked - too fast
02-06 05:09:07.870  1027  1204 I SurfaceFlinger: Capture layer list: 	 Wallpaper BBQ wrapper 7_systemlock#110(seamlessTransition:0)
02-06 05:09:07.870  1027  1204 I SurfaceFlinger: Capture layer list: 	 com.sec.android.app.launcher/com.sec.android.app.launcher.activities.LauncherActivity$_2708#23130(seamlessTransition:0)
02-06 05:09:07.870  1027  1204 I SurfaceFlinger: Capture layer list: 	 InputMethod$_7811#23673(seamlessTransition:0)
02-06 05:09:07.972  1027  1204 I SurfaceFlinger: Capture layer list: 	 Wallpaper BBQ wrapper 7_systemlock#110(seamlessTransition:0)
02-06 05:09:07.972  1027  1204 I SurfaceFlinger: Capture layer list: 	 com.sec.android.app.launcher/com.sec.android.app.launcher.activities.LauncherActivity$_2708#23130(seamlessTransition:0)
02-06 05:09:07.972  1027  1204 I SurfaceFlinger: Capture layer list: 	 InputMethod$_7811#23673(seamlessTransition:0)
02-06 05:09:08.080  1027  1204 I SurfaceFlinger: Capture layer list: 	 Wallpaper BBQ wrapper 7_systemlock#110(seamlessTransition:0)
02-06 05:09:08.080  1027  1204 I SurfaceFlinger: Capture layer list: 	 com.sec.android.app.launcher/com.sec.android.app.launcher.activities.LauncherActivity$_2708#23130(seamlessTransition:0)
02-06 05:09:08.080  1027  1204 I SurfaceFlinger: Capture layer list: 	 InputMethod$_7811#23673(seamlessTransition:0)
02-06 05:09:08.182  1027  1204 I SurfaceFlinger: Capture layer list: 	 Wallpaper BBQ wrapper 7_systemlock#110(seamlessTransition:0)
02-06 05:09:08.182  1027  1204 I SurfaceFlinger: Capture layer list: 	 com.sec.android.app.launcher/com.sec.android.app.launcher.activities.LauncherActivity$_2708#23130(seamlessTransition:0)
02-06 05:09:08.182  1027  1204 I SurfaceFlinger: Capture layer list: 	 InputMethod$_7811#23673(seamlessTransition:0)
02-06 05:09:08.289  1027  1204 I SurfaceFlinger: Capture layer list: 	 Wallpaper BBQ wrapper 7_systemlock#110(seamlessTransition:0)
02-06 05:09:08.289  1027  1204 I SurfaceFlinger: Capture layer list: 	 com.sec.android.app.launcher/com.sec.android.app.launcher.activities.LauncherActivity$_2708#23130(seamlessTransition:0)
02-06 05:09:08.289  1027  1204 I SurfaceFlinger: Capture layer list: 	 InputMethod$_7811#23673(seamlessTransition:0)
02-06 05:09:08.389  1027  1204 I SurfaceFlinger: Capture layer list: 	 Wallpaper BBQ wrapper 7_systemlock#110(seamlessTransition:0)
02-06 05:09:08.390  1027  1204 I SurfaceFlinger: Capture layer list: 	 com.sec.android.app.launcher/com.sec.android.app.launcher.activities.LauncherActivity$_2708#23130(seamlessTransition:0)
02-06 05:09:08.390  1027  1204 I SurfaceFlinger: Capture layer list: 	 InputMethod$_7811#23673(seamlessTransition:0)
02-06 05:09:08.486 15305 11124 I NotificationManager: com.paget96.batteryguru: notify(1, null, Notification(channel=battery_info_high shortcut=null contentView=null vibrate=null sound=null defaults=0 flags=ONGOING_EVENT|ONLY_ALERT_ONCE color=0x00000000 groupKey=silent vis=PUBLIC semFlags=0x0 semPriority=0 semMissedCount=0)) as user
02-06 05:09:08.610  1027  1204 I SurfaceFlinger: Capture layer list: 	 Wallpaper BBQ wrapper 7_systemlock#110(seamlessTransition:0)
02-06 05:09:08.611  1027  1204 I SurfaceFlinger: Capture layer list: 	 com.sec.android.app.launcher/com.sec.android.app.launcher.activities.LauncherActivity$_2708#23130(seamlessTransition:0)
02-06 05:09:08.611  1027  1204 I SurfaceFlinger: Capture layer list: 	 InputMethod$_7811#23673(seamlessTransition:0)
02-06 05:09:08.710  1415  1415 I EdgeLightingManager: showForNotificationScreenOn Alert once notification. sbn: StatusBarNotification(pkg=com.paget96.batteryguru user=UserHandle{0} id=1 tag=null key=0|com.paget96.batteryguru|1|null|10326: Notification(channel=battery_info_high shortcut=null contentView=null vibrate=null sound=null defaults=0 flags=ONGOING_EVENT|ONLY_ALERT_ONCE|NO_CLEAR|FOREGROUND_SERVICE|SILENT color=0x00000000 vis=PUBLIC semFlags=0x0 semPriority=0 semMissedCount=0))
02-06 05:09:08.748  8203  8203 I AppIconSolution: return adaptive icon for com.katsuyamaki.DroidOSTrackpadKeyboard, isNight = true
02-06 05:09:08.748  8203  8203 I AppIconSolution: return adaptive icon for com.katsuyamaki.DroidOSLauncher, isNight = true
02-06 05:09:08.826  1027  1204 I SurfaceFlinger: Capture layer list: 	 Wallpaper BBQ wrapper 7_systemlock#110(seamlessTransition:0)
02-06 05:09:08.826  1027  1204 I SurfaceFlinger: Capture layer list: 	 com.sec.android.app.launcher/com.sec.android.app.launcher.activities.LauncherActivity$_2708#23130(seamlessTransition:0)
02-06 05:09:08.826  1027  1204 I SurfaceFlinger: Capture layer list: 	 InputMethod$_7811#23673(seamlessTransition:0)
02-06 05:09:09.035  1027  1204 I SurfaceFlinger: Capture layer list: 	 Wallpaper BBQ wrapper 7_systemlock#110(seamlessTransition:0)
02-06 05:09:09.035  1027  1204 I SurfaceFlinger: Capture layer list: 	 com.sec.android.app.launcher/com.sec.android.app.launcher.activities.LauncherActivity$_2708#23130(seamlessTransition:0)
02-06 05:09:09.035  1027  1204 I SurfaceFlinger: Capture layer list: 	 InputMethod$_7811#23673(seamlessTransition:0)
02-06 05:09:09.127  1027  1204 I SurfaceFlinger: Capture layer list: 	 Wallpaper BBQ wrapper 7_systemlock#110(seamlessTransition:0)
02-06 05:09:09.127  1027  1204 I SurfaceFlinger: Capture layer list: 	 com.sec.android.app.launcher/com.sec.android.app.launcher.activities.LauncherActivity$_2708#23130(seamlessTransition:0)
02-06 05:09:09.127  1027  1204 I SurfaceFlinger: Capture layer list: 	 InputMethod$_7811#23673(seamlessTransition:0)
02-06 05:09:09.228  1027  1204 I SurfaceFlinger: Capture layer list: 	 Wallpaper BBQ wrapper 7_systemlock#110(seamlessTransition:0)
02-06 05:09:09.228  1027  1204 I SurfaceFlinger: Capture layer list: 	 com.sec.android.app.launcher/com.sec.android.app.launcher.activities.LauncherActivity$_2708#23130(seamlessTransition:0)
02-06 05:09:09.228  1027  1204 I SurfaceFlinger: Capture layer list: 	 InputMethod$_7811#23673(seamlessTransition:0)
02-06 05:09:09.396  1027  1204 I SurfaceFlinger: Capture layer list: 	 Wallpaper BBQ wrapper 7_systemlock#110(seamlessTransition:0)
02-06 05:09:09.396  1027  1204 I SurfaceFlinger: Capture layer list: 	 com.sec.android.app.launcher/com.sec.android.app.launcher.activities.LauncherActivity$_2708#23130(seamlessTransition:0)
02-06 05:09:09.396  1027  1204 I SurfaceFlinger: Capture layer list: 	 InputMethod$_7811#23673(seamlessTransition:0)
02-06 05:09:09.454  1415  5998 I SurfaceComposerClient: captureDisplay:Display-4633128672291735937
02-06 05:09:09.457  1027  1337 I SurfaceFlinger: Capture layer list: 	 Wallpaper BBQ wrapper 7_systemlock#110(seamlessTransition:0)
02-06 05:09:09.457  1027  1337 I SurfaceFlinger: Capture layer list: 	 com.sec.android.app.launcher/com.sec.android.app.launcher.activities.LauncherActivity$_2708#23130(seamlessTransition:0)
02-06 05:09:09.457  1027  1337 I SurfaceFlinger: Capture layer list: 	 Task=26749#2494(seamlessTransition:0)
02-06 05:09:09.457  1027  1337 I SurfaceFlinger: Capture layer list: 	 com.discord/com.discord.main.MainDefault$_9170#23646(seamlessTransition:0)
02-06 05:09:09.457  1027  1337 I SurfaceFlinger: Capture layer list: 	 Additional window of Task=26749 (Freeform Outline)#23642(seamlessTransition:0)
02-06 05:09:09.457  1027  1337 I SurfaceFlinger: Capture layer list: 	 Caption of Task=26749#14663(seamlessTransition:0)
02-06 05:09:09.457  1027  1337 I SurfaceFlinger: Capture layer list: 	 Task=26748#1547(seamlessTransition:0)
02-06 05:09:09.457  1027  1337 I SurfaceFlinger: Capture