12-22 20:15:00.604  1423  2220 I WindowManager: Relayout hash=82d55a2, pid=4255, syncId=-1: mAttrs={(0,0)(fillxfill) gr=BOTTOM CENTER_VERTICAL sim={adjust=pan} ty=INPUT_METHOD fmt=TRANSPARENT wanim=0x1030056 preferredMinDisplayRefreshRate=60.0 receive insets ignoring z-order
12-22 20:15:00.604  1423  2220 I WindowManager:   fl=81800108
12-22 20:15:00.604  1423  2220 I WindowManager:   pfl=14000000
12-22 20:15:00.604  1423  2220 I WindowManager:   bhv=1
12-22 20:15:00.604  1423  2220 I WindowManager:   fitTypes=3
12-22 20:15:00.604  1423  2220 I WindowManager:   fitSides=7
12-22 20:15:00.604  1423  2220 I WindowManager:   fitIgnoreVis
12-22 20:15:00.604  1423  2220 I WindowManager:   dvrrWindowFrameRateHint=true
12-22 20:15:00.604  1423  2220 I WindowManager:  dimAmount=0.18 dimDuration=150 naviIconColor=0}
12-22 20:15:00.607  1423  2220 D WindowManager: setInsetsWindow Window{82d55a2 u0 InputMethod}, contentInsets=Rect(0, 1904 - 0, 0) -> Rect(0, 2329 - 0, 0), visibleInsets=Rect(0, 1904 - 0, 0) -> Rect(0, 2329 - 0, 0), touchableRegion=SkRegion((0,1904,1080,2404)) -> SkRegion(), touchableInsets 3 -> 3
12-22 20:15:00.610  1423  4806 I WindowManager: Relayout Window{5a7dcc6 u0 com.android.systemui.wallpapers.ImageWallpaper}: viewVisibility=0 req=2486x2520 ty=2013 d0
12-22 20:15:00.612  1423  4806 I WindowManager: Relayout hash=5a7dcc6, pid=2022, syncId=-1: mAttrs={(0,0)(2486x2520) gr=TOP START CENTER layoutInDisplayCutoutMode=always ty=WALLPAPER fmt=RGBX_8888 wanim=0x1030328
12-22 20:15:00.612  1423  4806 I WindowManager:   fl=14318
12-22 20:15:00.612  1423  4806 I WindowManager:   pfl=14
12-22 20:15:00.612  1423  4806 I WindowManager:   bhv=1
12-22 20:15:00.612  1423  4806 I WindowManager:   frameRateBoostOnTouch=true
12-22 20:15:00.612  1423  4806 I WindowManager:   dvrrWindowFrameRateHint=true naviIconColor=0
12-22 20:15:00.612  1423  4806 I WindowManager:   sfl=8}
12-22 20:15:00.656 26287 26287 I WindowManager: WindowManagerGlobal#removeView, ty=2032, view=android.widget.FrameLayout{6018869 VFE...C.. ........ 0,0-93,93}, caller=android.view.WindowManagerGlobal.removeView:654 android.view.WindowManagerImpl.removeView:211 com.example.coverscreentester.OverlayService.setupUI:790 
12-22 20:15:00.658 16182 16182 I WindowManager: WindowManagerGlobal#removeView, ty=2032, view=android.widget.FrameLayout{315e86 VFE...C.. ........ 0,0-63,63}, caller=android.view.WindowManagerGlobal.removeView:654 android.view.WindowManagerImpl.removeView:211 com.example.quadrantlauncher.FloatingLauncherService.performDisplayChange:998 
12-22 20:15:00.660 26287 26287 I WindowManager: WindowManagerGlobal#removeView, ty=2032, view=android.widget.FrameLayout{fa14225 V.E...... ........ 0,0-50,50}, caller=android.view.WindowManagerGlobal.removeView:654 android.view.WindowManagerImpl.removeView:211 com.example.coverscreentester.OverlayService.setupUI:791 
12-22 20:15:00.662 26287 26287 I WindowManager: WindowManagerGlobal#removeView, ty=2032, view=android.widget.FrameLayout{f97326d G.E...... ......ID 0,0-681,551}, caller=android.view.WindowManagerGlobal.removeView:654 android.view.WindowManagerImpl.removeView:211 com.example.coverscreentester.OverlayService.setupUI:794 
12-22 20:15:00.675 26287 26287 I WindowManager: WindowManagerGlobal#addView, ty=2032, view=android.widget.FrameLayout{b520d09 G.E...... ......I. 0,0-0,0}, caller=android.view.WindowManagerImpl.addView:158 com.example.coverscreentester.OverlayService.setupTrackpad:938 com.example.coverscreentester.OverlayService.setupUI:822 
12-22 20:15:00.676 26287 26287 D ViewRootImpl: desktopMode is false
12-22 20:15:00.677 26287 26287 I ViewRootImpl: dVRR is disabled
12-22 20:15:00.689 26287 26287 I WindowManager: WindowManagerGlobal#addView, ty=2032, view=android.widget.FrameLayout{617d94b VFE...C.. ......I. 0,0-0,0}, caller=android.view.WindowManagerImpl.addView:158 com.example.coverscreentester.OverlayService.setupBubble:903 com.example.coverscreentester.OverlayService.setupUI:825 
12-22 20:15:00.690 26287 26287 D ViewRootImpl: desktopMode is false
12-22 20:15:00.690 26287 26287 I ViewRootImpl: dVRR is disabled
12-22 20:15:00.694 16182 16182 I WindowManager: WindowManagerGlobal#addView, ty=2032, view=android.widget.FrameLayout{5c104c0 VFE...C.. ......I. 0,0-0,0}, caller=android.view.WindowManagerImpl.addView:158 com.example.quadrantlauncher.FloatingLauncherService.setupBubble:551 com.example.quadrantlauncher.FloatingLauncherService.performDisplayChange:1015 
12-22 20:15:00.694 16182 16182 D ViewRootImpl: desktopMode is false
12-22 20:15:00.695 16182 16182 I ViewRootImpl: dVRR is disabled
12-22 20:15:00.697 26287 26287 I WindowManager: WindowManagerGlobal#addView, ty=2032, view=android.widget.FrameLayout{488bf27 V.E...... ......I. 0,0-0,0}, caller=android.view.WindowManagerImpl.addView:158 com.example.coverscreentester.OverlayService.setupCursor:957 com.example.coverscreentester.OverlayService.setupUI:826 
12-22 20:15:00.697 26287 26287 D ViewRootImpl: desktopMode is false
12-22 20:15:00.697 26287 26287 I ViewRootImpl: dVRR is disabled
12-22 20:15:00.717  1423  2697 W WindowManager: Failed looking up window session=Session{298fe90 26287:u0a10515} callers=com.android.server.wm.WindowManagerService.windowForClientLocked:1 com.android.server.wm.Session.setOnBackInvokedCallbackInfo:15 android.view.IWindowSession$Stub.onTransact:1390 
12-22 20:15:00.717  1423  2697 I WindowManager: setOnBackInvokedCallback(): No window state for package:com.katsuyamaki.DroidOSTrackpadKeyboard
12-22 20:15:00.717  1423  2697 W WindowManager: Failed looking up window session=Session{298fe90 26287:u0a10515} callers=com.android.server.wm.WindowManagerService.windowForClientLocked:1 com.android.server.wm.Session.setOnBackInvokedCallbackInfo:15 android.view.IWindowSession$Stub.onTransact:1390 
12-22 20:15:00.717  1423  2697 I WindowManager: setOnBackInvokedCallback(): No window state for package:com.katsuyamaki.DroidOSTrackpadKeyboard
12-22 20:15:00.718  1423  4806 I WindowManager: Relayout Window{fcde5e u0 com.katsuyamaki.DroidOSTrackpadKeyboard}: viewVisibility=8 req=681x551 ty=2032 d1
12-22 20:15:00.719  1423  2697 W WindowManager: Failed looking up window session=Session{298fe90 26287:u0a10515} callers=com.android.server.wm.WindowManagerService.windowForClientLocked:1 com.android.server.wm.Session.setOnBackInvokedCallbackInfo:15 android.view.IWindowSession$Stub.onTransact:1390 
12-22 20:15:00.719  1423  2697 I WindowManager: setOnBackInvokedCallback(): No window state for package:com.katsuyamaki.DroidOSTrackpadKeyboard
12-22 20:15:00.719  1423  4806 I WindowManager: Relayout hash=fcde5e, pid=26287, syncId=-1: mAttrs={(683,640)(681x551) gr=TOP LEFT CENTER sim={adjust=pan} layoutInDisplayCutoutMode=shortEdges ty=ACCESSIBILITY_OVERLAY fmt=TRANSLUCENT
12-22 20:15:00.719  1423  4806 I WindowManager:   fl=1040228
12-22 20:15:00.719  1423  4806 I WindowManager:   pfl=40000000
12-22 20:15:00.719  1423  4806 I WindowManager:   bhv=1
12-22 20:15:00.719  1423  4806 I WindowManager:   fitTypes=207
12-22 20:15:00.719  1423  4806 I WindowManager:   frameRateBoostOnTouch=true
12-22 20:15:00.719  1423  4806 I WindowManager:   dvrrWindowFrameRateHint=true naviIconColor=0}
12-22 20:15:00.721  1423  4806 I WindowManager: Relayout Window{7057a37 u0 com.katsuyamaki.DroidOSTrackpadKeyboard}: viewVisibility=0 req=93x93 ty=2032 d1
12-22 20:15:00.721  1423  4806 D WindowManager: makeSurface duration=0 name=$_26287
12-22 20:15:00.722  1423  4806 I WindowManager: Relayout hash=7057a37, pid=26287, syncId=-1: mAttrs={(95,1058)(93x93) gr=TOP START CENTER sim={adjust=pan} layoutInDisplayCutoutMode=shortEdges ty=ACCESSIBILITY_OVERLAY fmt=TRANSLUCENT
12-22 20:15:00.722  1423  4806 I WindowManager:   fl=1000308
12-22 20:15:00.722  1423  4806 I WindowManager:   bhv=1
12-22 20:15:00.722  1423  4806 I WindowManager:   fitTypes=206
12-22 20:15:00.722  1423  4806 I WindowManager:   frameRateBoostOnTouch=true
12-22 20:15:00.722  1423  4806 I WindowManager:   dvrrWindowFrameRateHint=true naviIconColor=0}
12-22 20:15:00.724  1423  2697 I WindowManager: Relayout Window{3d2f441 u0 com.katsuyamaki.DroidOSLauncher}: viewVisibility=0 req=63x63 ty=2032 d1
12-22 20:15:00.724  1423  2697 D WindowManager: makeSurface duration=1 name=$_16182
12-22 20:15:00.726  1423  2697 I WindowManager: Relayout hash=3d2f441, pid=16182, syncId=-1: mAttrs={(50,200)(wrapxwrap) gr=TOP START CENTER sim={adjust=pan} ty=ACCESSIBILITY_OVERLAY fmt=TRANSLUCENT
12-22 20:15:00.726  1423  2697 I WindowManager:   fl=1040308
12-22 20:15:00.726  1423  2697 I WindowManager:   bhv=1
12-22 20:15:00.726  1423  2697 I WindowManager:   fitTypes=206
12-22 20:15:00.726  1423  2697 I WindowManager:   frameRateBoostOnTouch=true
12-22 20:15:00.726  1423  2697 I WindowManager:   dvrrWindowFrameRateHint=true naviIconColor=0}
12-22 20:15:00.740  1423  2697 I WindowManager: Relayout Window{a4795d4 u0 com.katsuyamaki.DroidOSTrackpadKeyboard}: viewVisibility=0 req=50x50 ty=2032 d1
12-22 20:15:00.741  1423  2697 D WindowManager: makeSurface duration=0 name=$_26287
12-22 20:15:00.742  1423  2697 I WindowManager: Relayout hash=a4795d4, pid=26287, syncId=-1: mAttrs={(711,750)(wrapxwrap) gr=TOP LEFT CENTER sim={adjust=pan} layoutInDisplayCutoutMode=shortEdges ty=ACCESSIBILITY_OVERLAY fmt=TRANSLUCENT
12-22 20:15:00.742  1423  2697 I WindowManager:   fl=1000318
12-22 20:15:00.742  1423  2697 I WindowManager:   bhv=1
12-22 20:15:00.742  1423  2697 I WindowManager:   fitTypes=206
12-22 20:15:00.742  1423  2697 I WindowManager:   frameRateBoostOnTouch=true
12-22 20:15:00.742  1423  2697 I WindowManager:   dvrrWindowFrameRateHint=true naviIconColor=0}
12-22 20:15:00.742  1423  2933 D WindowManager: finishDrawingWindow: Window{7057a37 u0 com.katsuyamaki.DroidOSTrackpadKeyboard} mDrawState=DRAW_PENDING seqId=0
12-22 20:15:00.747  1423  4800 D WindowManager: finishDrawingWindow: Window{a4795d4 u0 com.katsuyamaki.DroidOSTrackpadKeyboard} mDrawState=DRAW_PENDING seqId=0
12-22 20:15:00.750  1423  2220 D WindowManager: finishDrawingWindow: Window{3d2f441 u0 com.katsuyamaki.DroidOSLauncher} mDrawState=DRAW_PENDING seqId=0
12-22 20:15:00.754  1423  1547 D WindowManager: DeferredDisplayUpdater: partially applying DisplayInfo(948 x 1048) immediately
12-22 20:15:00.755  1423  1855 D WindowManager: finishDrawingWindow: Window{7057a37 u0 com.katsuyamaki.DroidOSTrackpadKeyboard} mDrawState=HAS_DRAWN seqId=0
12-22 20:15:00.762  1423  2220 D WindowManager: finishDrawingWindow: Window{a4795d4 u0 com.katsuyamaki.DroidOSTrackpadKeyboard} mDrawState=HAS_DRAWN seqId=0
12-22 20:15:00.770  1423  2220 D WindowManager: finishDrawingWindow: Window{3d2f441 u0 com.katsuyamaki.DroidOSLauncher} mDrawState=HAS_DRAWN seqId=0
12-22 20:15:02.017  1423  2220 W ActivityManager: Background start not allowed: service Intent { act=com.whatsapp.messageservice.messaging.MessageService.START xflg=0x4 cmp=com.whatsapp/.messageservice.messaging.MessageService } to com.whatsapp/.messageservice.messaging.MessageService from pid=8940 uid=10373 pkg=com.whatsapp startFg?=false
12-22 20:15:02.961  1423  2220 I ActivityManager: Changes in 10373 16 to 8, 0 to 128
12-22 20:15:03.000  1423  1855 I ActivityManager: Changes in 10373 8 to 10, 128 to 0
12-22 20:15:03.909  1423  1423 D InputDispatcher: Inject motion (0/0): action=0x0, time=31063502981000, f=0x0, d=1 dsdx=1.500000 dtdx=-0.000000
12-22 20:15:03.911  1423  1695 I InputDispatcher: Delivering touch to (16182): action: 0x0, f=0x0, d=1, '3d2f441', t=1 +(-50,-236)*(1.50)
12-22 20:15:03.941  1423  1547 D WindowManager: DeferredDisplayUpdater: partially applying DisplayInfo(948 x 1048) immediately
12-22 20:15:03.969  1423  1547 D WindowManager: DeferredDisplayUpdater: partially applying DisplayInfo(948 x 1048) immediately
12-22 20:15:03.976  1423  1423 D InputDispatcher: Inject motion (0/0): action=0x1, time=31063578361000, f=0x0, d=1 dsdx=1.500000 dtdx=-0.000000
12-22 20:15:03.976  1423  1695 I InputDispatcher: Delivering touch to (16182): action: 0x1, f=0x0, d=1, '3d2f441', t=1 +(-50,-236)*(1.50)
12-22 20:15:03.978 16182 16182 I WindowManager: WindowManagerGlobal#addView, ty=2032, view=android.widget.FrameLayout{a86cb4e VFE...C.. ......I. 0,0-0,0}, caller=android.view.WindowManagerImpl.addView:158 com.example.quadrantlauncher.FloatingLauncherService.toggleDrawer:655 com.example.quadrantlauncher.FloatingLauncherService.access$toggleDrawer:54 
12-22 20:15:03.978 16182 16182 D ViewRootImpl: desktopMode is false
12-22 20:15:03.979 16182 16182 I ViewRootImpl: dVRR is disabled
12-22 20:15:03.984  1423  4806 D WindowManager: Changing focus from Window{9a3d1c6 u0 com.android.systemui/com.android.systemui.subscreen.SubHomeActivity} to Window{4e263fc u0 com.katsuyamaki.DroidOSLauncher} displayId=1 Callers=com.android.server.wm.WindowManagerService.addWindowInner:565 com.android.server.wm.WindowManagerService.addWindow:1842 com.android.server.wm.Session.addToDisplayAsUser:24 android.view.IWindowSession$Stub.onTransact:757 
12-22 20:15:03.984  1423  4806 I WindowManager: Cancelling animation restarting=true, leash=Surface(name=Surface(name=a93450e NavigationBar1)/@0xe8ece9 - animation-leash of insets_animation)/@0xf5b6c0f
12-22 20:15:03.984  1423  4806 I WindowManager: Reparenting to original parent: Surface(name=WindowToken{413bf09 type=2019 android.os.BinderProxy@2eac4d3})/@0x920d6e, destroy=false, surface=Surface(name=a93450e NavigationBar1)/@0xe8ece9
12-22 20:15:03.984  1423  4806 I WindowManager: Reparenting to leash, surface=Surface(name=a93450e NavigationBar1)/@0xe8ece9, leashParent=Surface(name=WindowToken{413bf09 type=2019 android.os.BinderProxy@2eac4d3})/@0x920d6e
12-22 20:15:03.984  1423  4806 D WindowManager: makeSurface duration=1 leash=Surface(name=Surface(name=a93450e NavigationBar1)/@0xe8ece9 - animation-leash of insets_animation)/@0x7f13694
12-22 20:15:03.985  1423  4806 D WindowManager: updateSystemBarAttributes: displayId=1, focusedCanBeNavColorWin=false, win=Window{4e263fc u0 com.katsuyamaki.DroidOSLauncher}, navColorWin=Window{9a3d1c6 u0 com.android.systemui/com.android.systemui.subscreen.SubHomeActivity}, caller=com.android.server.wm.WindowManagerService.updateFocusedWindowLocked:372 com.android.server.wm.WindowManagerService.addWindowInner:565 com.android.server.wm.WindowManagerService.addWindow:1842 
12-22 20:15:03.985  1423  4806 D WindowManager: updateSystemBarAttributes, bhv=1, apr=0, statusBarAprRegions=[], requestedVisibilities=-9
12-22 20:15:04.000  1423  4806 I WindowManager: Relayout Window{d2cc959 u0 com.android.systemui.wallpapers.ImageWallpaper}: viewVisibility=0 req=-1x-1 ty=2013 d1
12-22 20:15:04.002  1423  4806 I WindowManager: Relayout hash=d2cc959, pid=2022, syncId=-1: mAttrs={(0,0)(fillxfill) gr=TOP START CENTER layoutInDisplayCutoutMode=always ty=WALLPAPER fmt=RGBX_8888 wanim=0x1030328
12-22 20:15:04.002  1423  4806 I WindowManager:   fl=10318
12-22 20:15:04.002  1423  4806 I WindowManager:   pfl=14
12-22 20:15:04.002  1423  4806 I WindowManager:   bhv=1
12-22 20:15:04.002  1423  4806 I WindowManager:   frameRateBoostOnTouch=true
12-22 20:15:04.002  1423  4806 I WindowManager:   dvrrWindowFrameRateHint=true naviIconColor=0}
12-22 20:15:04.002  1423  4807 I WindowManager: Relayout Window{4e263fc u0 com.katsuyamaki.DroidOSLauncher}: viewVisibility=0 req=1422x1169 ty=2032 d1
12-22 20:15:04.002  1423  4807 D WindowManager: makeSurface duration=1 name=$_16182
12-22 20:15:04.004  1423  4807 I WindowManager: Relayout hash=4e263fc, pid=16182, syncId=-1: mAttrs={(0,0)(fillxfill) gr=TOP START CENTER sim={adjust=nothing} ty=ACCESSIBILITY_OVERLAY fmt=TRANSLUCENT
12-22 20:15:04.004  1423  4807 I WindowManager:   fl=1000300
12-22 20:15:04.004  1423  4807 I WindowManager:   bhv=1
12-22 20:15:04.004  1423  4807 I WindowManager:   fitTypes=206
12-22 20:15:04.004  1423  4807 I WindowManager:   frameRateBoostOnTouch=true
12-22 20:15:04.004  1423  4807 I WindowManager:   dvrrWindowFrameRateHint=true naviIconColor=0}
12-22 20:15:04.023  1423  4807 D InputDispatcher: Once focus requested (1): 4e263fc com.katsuyamaki.DroidOSLauncher
12-22 20:15:04.024  1423  4807 D InputDispatcher: Focus request (1): 4e263fc com.katsuyamaki.DroidOSLauncher but waiting because NOT_VISIBLE
12-22 20:15:04.024  1423  4807 D InputDispatcher: Focus left window (1): 9a3d1c6 com.android.systemui/com.android.systemui.subscreen.SubHomeActivity
12-22 20:15:04.262  1423  1855 I WindowManager: Relayout Window{3d2f441 u0 com.katsuyamaki.DroidOSLauncher}: viewVisibility=8 req=63x63 ty=2032 d1
12-22 20:15:04.262  1423  1855 E WindowManager: win=Window{3d2f441 u0 com.katsuyamaki.DroidOSLauncher} destroySurfaces: appStopped=true cleanupOnResume=false win.mWindowRemovalAllowed=false win.mRemoveOnExit=false win.mViewVisibility=8 caller=com.android.server.wm.WindowManagerService.tryStartExitingAnimation:134 com.android.server.wm.WindowManagerService.relayoutWindow:1147 com.android.server.wm.Session.relayout:27 android.view.IWindowSession$Stub.onTransact:829 com.android.server.wm.Session.onTransact:1 android.os.Binder.execTransactInternal:1457 android.os.Binder.execTransact:1401 
12-22 20:15:04.264  1423  1855 I WindowManager: Relayout hash=3d2f441, pid=16182, syncId=-1: mAttrs={(50,200)(wrapxwrap) gr=TOP START CENTER sim={adjust=pan} ty=ACCESSIBILITY_OVERLAY fmt=TRANSLUCENT
12-22 20:15:04.264  1423  1855 I WindowManager:   fl=1040308
12-22 20:15:04.264  1423  1855 I WindowManager:   bhv=1
12-22 20:15:04.264  1423  1855 I WindowManager:   fitTypes=206
12-22 20:15:04.264  1423  1855 I WindowManager:   frameRateBoostOnTouch=true
12-22 20:15:04.264  1423  1855 I WindowManager:   dvrrWindowFrameRateHint=true naviIconColor=0}
12-22 20:15:04.265  1423  4807 D WindowManager: finishDrawingWindow: Window{4e263fc u0 com.katsuyamaki.DroidOSLauncher} mDrawState=DRAW_PENDING seqId=0
12-22 20:15:04.280  1423  1547 D WindowManager: DeferredDisplayUpdater: partially applying DisplayInfo(948 x 1048) immediately
12-22 20:15:04.295  1423  2229 D InputDispatcher: Focus entered window (1): 4e263fc com.katsuyamaki.DroidOSLauncher
12-22 20:15:04.340  1423  1754 I InputMethodManagerService: startInputOrWindowGainedFocusInternalLocked: Rejecting unbind in case of no editor in cover screen.
12-22 20:15:04.341  1423  1754 I InputMethodManagerService: startInputUncheckedLocked: Rejecting unbind/bind in case of no editor in cover screen.
12-22 20:15:05.117  1423  1423 D InputDispatcher: Inject motion (0/0): action=0x0, time=31064716172000, f=0x0, d=1 dsdx=1.500000 dtdx=-0.000000
12-22 20:15:05.118  1423  1695 I InputDispatcher: Delivering touch to (16182): action: 0x0, f=0x0, d=1, '4e263fc', t=1 +(0,-35)*(1.50)
12-22 20:15:05.149  1423  1547 D WindowManager: DeferredDisplayUpdater: partially applying DisplayInfo(948 x 1048) immediately
12-22 20:15:05.199  1423  1423 D InputDispatcher: Inject motion (0/0): action=0x1, time=31064803086000, f=0x0, d=1 dsdx=1.500000 dtdx=-0.000000
12-22 20:15:05.199  1423  1695 I InputDispatcher: Delivering touch to (16182): action: 0x1, f=0x0, d=1, '4e263fc', t=1 +(0,-35)*(1.50)
12-22 20:15:05.738  1423  1554 I ActivityManager: Changes in 10210 5 to 15, 144 to 0
12-22 20:15:06.218  1423  1554 I ActivityManager: Changes in 5009 5 to 6, 144 to 128
12-22 20:15:07.489  1423  1555 I ActivityManager: Changes in 10100 19 to 11, 0 to 128
12-22 20:15:07.496  1423  2697 I ActivityManager: Changes in 10100 11 to 19, 128 to 0
12-22 20:15:08.440  1423  1555 I ActivityManager: Changes in 10277 19 to 11, 0 to 128
12-22 20:15:08.516  1423  2784 I ActivityManager: Changes in 10277 11 to 19, 128 to 0
12-22 20:15:11.372  1423  1423 D InputDispatcher: Inject motion (0/0): action=0x0, time=31070961557000, f=0x0, d=1 dsdx=1.500000 dtdx=-0.000000
12-22 20:15:11.372  1423  1695 I InputDispatcher: Delivering touch to (16182): action: 0x0, f=0x0, d=1, '4e263fc', t=1 +(0,-35)*(1.50)
12-22 20:15:11.375  1423  2697 I InputMethodManagerService: isInputMethodShown: isShown=false
12-22 20:15:11.377  1423  1547 D WindowManager: DeferredDisplayUpdater: partially applying DisplayInfo(948 x 1048) immediately
12-22 20:15:11.410  1423  1547 D WindowManager: DeferredDisplayUpdater: partially applying DisplayInfo(948 x 1048) immediately
12-22 20:15:11.467  1423  1423 D InputDispatcher: Inject motion (0/0): action=0x1, time=31071070472000, f=0x0, d=1 dsdx=1.500000 dtdx=-0.000000
12-22 20:15:11.467  1423  1695 I InputDispatcher: Delivering touch to (16182): action: 0x1, f=0x0, d=1, '4e263fc', t=1 +(0,-35)*(1.50)
12-22 20:15:11.478 16182 16182 I WindowManager: WindowManagerGlobal#removeView, ty=2032, view=android.widget.FrameLayout{5c104c0 GFE...C.. ......ID 0,0-63,63}, caller=android.view.WindowManagerGlobal.removeView:654 android.view.WindowManagerImpl.removeView:211 com.example.quadrantlauncher.FloatingLauncherService.performDisplayChange:998 
12-22 20:15:11.479 16182 16182 I WindowManager: WindowManagerGlobal#removeView, ty=2032, view=android.widget.FrameLayout{a86cb4e VFE...C.. ........ 0,0-1422,1169 aid=182}, caller=android.view.WindowManagerGlobal.removeView:654 android.view.WindowManagerImpl.removeView:211 com.example.quadrantlauncher.FloatingLauncherService.performDisplayChange:1004 
12-22 20:15:11.503 16182 16182 I WindowManager: WindowManagerGlobal#addView, ty=2032, view=android.widget.FrameLayout{90c9fa2 VFE...C.. ......I. 0,0-0,0}, caller=android.view.WindowManagerImpl.addView:158 com.example.quadrantlauncher.FloatingLauncherService.setupBubble:551 com.example.quadrantlauncher.FloatingLauncherService.performDisplayChange:1015 
12-22 20:15:11.504 16182 16182 D ViewRootImpl: desktopMode is false
12-22 20:15:11.504 16182 16182 I ViewRootImpl: dVRR is disabled
12-22 20:15:11.535  1423  2784 D WindowManager: Changing focus from Window{4e263fc u0 com.katsuyamaki.DroidOSLauncher} to Window{9a3d1c6 u0 com.android.systemui/com.android.systemui.subscreen.SubHomeActivity} displayId=1 Callers=com.android.server.wm.WindowState.removeIfPossible:647 com.android.server.wm.Session.remove:16 android.view.IWindowSession$Stub.onTransact:804 com.android.server.wm.Session.onTransact:1 
12-22 20:15:11.535  1423  2784 I WindowManager: Cancelling animation restarting=true, leash=Surface(name=Surface(name=a93450e NavigationBar1)/@0xe8ece9 - animation-leash of insets_animation)/@0x7f13694
12-22 20:15:11.535  1423  2784 I WindowManager: Reparenting to original parent: Surface(name=WindowToken{413bf09 type=2019 android.os.BinderProxy@2eac4d3})/@0x920d6e, destroy=false, surface=Surface(name=a93450e NavigationBar1)/@0xe8ece9
12-22 20:15:11.535  1423  2784 I WindowManager: Reparenting to leash, surface=Surface(name=a93450e NavigationBar1)/@0xe8ece9, leashParent=Surface(name=WindowToken{413bf09 type=2019 android.os.BinderProxy@2eac4d3})/@0x920d6e
12-22 20:15:11.536  1423  2784 D WindowManager: makeSurface duration=0 leash=Surface(name=Surface(name=a93450e NavigationBar1)/@0xe8ece9 - animation-leash of insets_animation)/@0xc453275
12-22 20:15:11.536  1423  2784 D WindowManager: updateSystemBarAttributes: displayId=1, focusedCanBeNavColorWin=false, win=Window{9a3d1c6 u0 com.android.systemui/com.android.systemui.subscreen.SubHomeActivity}, navColorWin=Window{9a3d1c6 u0 com.android.systemui/com.android.systemui.subscreen.SubHomeActivity}, caller=com.android.server.wm.WindowManagerService.updateFocusedWindowLocked:372 com.android.server.wm.WindowState.removeIfPossible:647 com.android.server.wm.Session.remove:16 
12-22 20:15:11.536  1423  2784 D WindowManager: updateSystemBarAttributes, bhv=1, apr=0, statusBarAprRegions=[], requestedVisibilities=-11
12-22 20:15:11.539  1423  4806 I WindowManager: Relayout Window{e3ea267 u0 com.katsuyamaki.DroidOSLauncher}: viewVisibility=0 req=63x63 ty=2032 d0
12-22 20:15:11.539  1423  4806 D WindowManager: makeSurface duration=1 name=$_16182
12-22 20:15:11.541  1423  4806 I WindowManager: Relayout hash=e3ea267, pid=16182, syncId=-1: mAttrs={(50,200)(wrapxwrap) gr=TOP START CENTER sim={adjust=pan} ty=ACCESSIBILITY_OVERLAY fmt=TRANSLUCENT
12-22 20:15:11.541  1423  4806 I WindowManager:   fl=1040308
12-22 20:15:11.541  1423  4806 I WindowManager:   bhv=1
12-22 20:15:11.541  1423  4806 I WindowManager:   fitTypes=206
12-22 20:15:11.541  1423  4806 I WindowManager:   frameRateBoostOnTouch=true
12-22 20:15:11.541  1423  4806 I WindowManager:   dvrrWindowFrameRateHint=true naviIconColor=0}
12-22 20:15:11.545  1423  1855 D InputDispatcher: Focus left window (1): 4e263fc com.katsuyamaki.DroidOSLauncher
12-22 20:15:11.551  1423  4806 D InputDispatcher: Once focus requested (1): 9a3d1c6 com.android.systemui/com.android.systemui.subscreen.SubHomeActivity
12-22 20:15:11.551  1423  4806 D InputDispatcher: Focus entered window (1): 9a3d1c6 com.android.systemui/com.android.systemui.subscreen.SubHomeActivity
12-22 20:15:11.555  1423  4806 I WindowManager: Relayout Window{d2cc959 u0 com.android.systemui.wallpapers.ImageWallpaper}: viewVisibility=0 req=-1x-1 ty=2013 d1
12-22 20:15:11.556  1423  4806 I WindowManager: Relayout hash=d2cc959, pid=2022, syncId=-1: mAttrs={(0,0)(fillxfill) gr=TOP START CENTER layoutInDisplayCutoutMode=always ty=WALLPAPER fmt=RGBX_8888 wanim=0x1030328
12-22 20:15:11.556  1423  4806 I WindowManager:   fl=10318
12-22 20:15:11.556  1423  4806 I WindowManager:   pfl=14
12-22 20:15:11.556  1423  4806 I WindowManager:   bhv=1
12-22 20:15:11.556  1423  4806 I WindowManager:   frameRateBoostOnTouch=true
12-22 20:15:11.556  1423  4806 I WindowManager:   dvrrWindowFrameRateHint=true naviIconColor=0}
12-22 20:15:11.558  1423  1754 I InputMethodManagerService: startInputOrWindowGainedFocusInternalLocked: Rejecting unbind in case of no editor in cover screen.
12-22 20:15:11.559  1423  1754 I InputMethodManagerService: startInputUncheckedLocked: Rejecting unbind/bind in case of no editor in cover screen.
12-22 20:15:11.568  1423  2784 D WindowManager: finishDrawingWindow: Window{e3ea267 u0 com.katsuyamaki.DroidOSLauncher} mDrawState=DRAW_PENDING seqId=0
12-22 20:15:13.129  1423  1423 D InputDispatcher: Inject motion (0/0): action=0x0, time=31072712446000, f=0x0, d=1 dsdx=1.500000 dtdx=-0.000000
12-22 20:15:13.132  1423  1695 I InputDispatcher: Delivering touch to (2022): action: 0x4, f=0x0, d=1, 'a93450e', t=1 
12-22 20:15:13.132  1423  1695 I InputDispatcher: Delivering touch to (2022): action: 0x0, f=0x0, d=1, '9a3d1c6', t=1 +(0,-35)*(1.50)
12-22 20:15:13.151  1423  1547 D WindowManager: DeferredDisplayUpdater: partially applying DisplayInfo(948 x 1048) immediately
12-22 20:15:13.172  1423  1547 D WindowManager: DeferredDisplayUpdater: partially applying DisplayInfo(948 x 1048) immediately
12-22 20:15:13.183  1423  1423 D InputDispatcher: Inject motion (0/0): action=0x1, time=31072787083000, f=0x0, d=1 dsdx=1.500000 dtdx=-0.000000
12-22 20:15:13.183  1423  1695 I InputDispatcher: Delivering touch to (2022): action: 0x1, f=0x0, d=1, '9a3d1c6', t=1 +(0,-35)*(1.50)
12-22 20:15:14.064  1423  1423 D InputDispatcher: Inject key (0/0): action=0, f=0x8, d=-1, time=31073661692000
12-22 20:15:14.191  1423  1423 D InputDispatcher: Inject key (0/0): action=1, f=0x8, d=-1, time=31073792392000
12-22 20:15:14.275  1423  1423 D InputDispatcher: Inject key (0/0): action=0, f=0x8, d=-1, time=31073876336000
12-22 20:15:14.417  1423  1423 D InputDispatcher: Inject key (0/0): action=1, f=0x8, d=-1, time=31074017750000
12-22 20:15:14.594  1423  2230 D WindowManager: Transition is created, t=TransitionRecord{a356df3 id=-1 type=OPEN flags=0x0}, caller=com.android.server.wm.Transition.<init>:182 com.android.server.wm.TransitionController.createAndStartCollecting:106 com.android.server.wm.ActivityStarter.executeRequest:3537 com.android.server.wm.ActivityStarter.execute:1873 com.android.server.wm.ActivityStartController.startActivityInPackage:33 
12-22 20:15:14.603  1423  2230 D WindowManager: prepareSync <SYNC_STATE_WAITING_FOR_DRAW>, mPrepareSyncSeqId=0, win=Window{e382cc2 u0 SubLauncherWindow}
12-22 20:15:14.603  1423  2230 D WindowManager: prepareSync <SYNC_STATE_WAITING_FOR_DRAW>, mPrepareSyncSeqId=0, win=Window{9a3d1c6 u0 com.android.systemui/com.android.systemui.subscreen.SubHomeActivity}
12-22 20:15:14.603  1423  2230 I WindowManager: getCoverScreenRotation 0, sensor= 0, isFlat=false, isDual=false
12-22 20:15:14.606  2022  2160 D ViewRootImpl: desktopMode is false
12-22 20:15:14.606  2022  2160 I ViewRootImpl: dVRR is disabled
12-22 20:15:14.612  1423  2784 D WindowManager: prepareSync <SYNC_STATE_WAITING_FOR_DRAW>, mPrepareSyncSeqId=0, win=Window{a876af8 u0 Splash Screen com.katsuyamaki.DroidOSLauncher}
12-22 20:15:14.617  1423  2784 D WindowManager: App launched activity=ActivityRecord{221383344 u0 com.katsuyamaki.DroidOSLauncher/com.example.quadrantlauncher.MainActivity t19239}, state=1
12-22 20:15:14.617  1423  2784 I WindowManager: getCoverScreenRotation 0, sensor= 0, isFlat=false, isDual=false
12-22 20:15:14.618  1423  2784 D InputDispatcher: Focused application(1): ActivityRecord{221383344 u0 com.katsuyamaki.DroidOSLauncher/com.example.quadrantlauncher.MainActivity t19239}
12-22 20:15:14.618  1423  2784 D WindowManager: Changing focus from Window{9a3d1c6 u0 com.android.systemui/com.android.systemui.subscreen.SubHomeActivity} to null displayId=1 Callers=com.android.server.wm.ActivityTaskManagerService.setLastResumedActivityUncheckLocked:264 com.android.server.wm.ActivityTaskSupervisor.updateTopResumedActivityIfNeeded:49 com.android.server.wm.TaskFragment.setResumedActivity:30 com.android.server.wm.ActivityRecord.setState:100 
12-22 20:15:14.619  1423  1549 I ActivityManager: updateOomAdj start time is before than pendingPid added, don't delete it
12-22 20:15:14.619  1423  4806 I WindowManager: Relayout Window{a876af8 u0 Splash Screen com.katsuyamaki.DroidOSLauncher}: viewVisibility=0 req=1422x1169 ty=3 d1
12-22 20:15:14.620  1423  4806 D WindowManager: makeSurface duration=0 name=Splash Screen com.katsuyamaki.DroidOSLauncher$_2022
12-22 20:15:14.621  1423  4806 I WindowManager: Relayout hash=a876af8, pid=2022, syncId=-1: mAttrs={(0,0)(fillxfill) sim={adjust=pan} ty=APPLICATION_STARTING fmt=TRANSLUCENT wanim=0x1030317
12-22 20:15:14.621  1423  4806 I WindowManager:   fl=81030118
12-22 20:15:14.621  1423  4806 I WindowManager:   pfl=10000010
12-22 20:15:14.621  1423  4806 I WindowManager:   bhv=1
12-22 20:15:14.621  1423  4806 I WindowManager:   fitSides=0
12-22 20:15:14.621  1423  4806 I WindowManager:   frameRateBoostOnTouch=true
12-22 20:15:14.621  1423  4806 I WindowManager:   dvrrWindowFrameRateHint=true naviIconColor=0}
12-22 20:15:14.622  1423  4806 E ActivityManager: Sending non-protected broadcast com.samsung.android.app.aodservice.ACTION_COVER_HOME_QUICK_PANEL_TOUCH_AREA_CHANGED from system 2022:com.android.systemui/u0a55 pkg com.android.systemui
12-22 20:15:14.622  1423  4806 E ActivityManager: java.lang.Throwable
12-22 20:15:14.622  1423  4806 E ActivityManager: 	at com.android.server.am.BroadcastController.checkBroadcastFromSystem(qb/103888019 03a5a67e5cf815856c8cb02a780996d8495d88e5abfc1f4625d73e5d10674898:252)
12-22 20:15:14.622  1423  4806 E ActivityManager: 	at com.android.server.am.BroadcastController.broadcastIntentLockedTraced(qb/103888019 03a5a67e5cf815856c8cb02a780996d8495d88e5abfc1f4625d73e5d10674898:344)
12-22 20:15:14.622  1423  4806 E ActivityManager: 	at com.android.server.am.BroadcastController.broadcastIntentLocked(qb/103888019 03a5a67e5cf815856c8cb02a780996d8495d88e5abfc1f4625d73e5d10674898:18)
12-22 20:15:14.622  1423  4806 E ActivityManager: 	at com.android.server.am.ActivityManagerService.broadcastIntentWithFeature(qb/103888019 03a5a67e5cf815856c8cb02a780996d8495d88e5abfc1f4625d73e5d10674898:149)
12-22 20:15:14.622  1423  4806 E ActivityManager: 	at android.app.IActivityManager$Stub.onTransact$broadcastIntentWithFeature$(IActivityManager.java:12241)
12-22 20:15:14.622  1423  4806 E ActivityManager: 	at android.app.IActivityManager$Stub.onTransact(IActivityManager.java:3154)
12-22 20:15:14.622  1423  4806 E ActivityManager: 	at com.android.server.am.ActivityManagerService.onTransact(qb/103888019 03a5a67e5cf815856c8cb02a780996d8495d88e5abfc1f4625d73e5d10674898:425)
12-22 20:15:14.622  1423  4806 E ActivityManager: 	at android.os.Binder.execTransactInternal(Binder.java:1462)
12-22 20:15:14.622  1423  4806 E ActivityManager: 	at android.os.Binder.execTransact(Binder.java:1401)
12-22 20:15:14.622  1423  2230 D InputDispatcher: Focus left window (1): 9a3d1c6 com.android.systemui/com.android.systemui.subscreen.SubHomeActivity
12-22 20:15:14.630  1423  1635 D InputDispatcher: Focused application(1): ActivityRecord{260071160 u0 com.android.systemui/.subscreen.SubHomeActivity t9}
12-22 20:15:14.630  1423  1635 D WindowManager: Changing focus from null to Window{9a3d1c6 u0 com.android.systemui/com.android.systemui.subscreen.SubHomeActivity} displayId=1 Callers=com.android.server.wm.ActivityTaskManagerService.setLastResumedActivityUncheckLocked:264 com.android.server.wm.ActivityTaskSupervisor.updateTopResumedActivityIfNeeded:49 com.android.server.wm.TaskFragment.setResumedActivity:30 com.android.server.wm.ActivityRecord.setState:100 
12-22 20:15:14.630  1423  1635 I WindowManager: getCoverScreenRotation 0, sensor= 0, isFlat=false, isDual=false
12-22 20:15:14.633  1423  1549 I ActivityManager: updateOomAdj start time is before than pendingPid added, don't delete it
12-22 20:15:14.633  1423  4806 I InputMethodManagerService: isInputMethodShown: isShown=false
12-22 20:15:14.636  1423  2784 D WindowManager: finishDrawingWindow: Window{a876af8 u0 Splash Screen com.katsuyamaki.DroidOSLauncher} mDrawState=DRAW_PENDING seqId=0
12-22 20:15:14.641  1423  2784 D WindowManager: Starting window removed Window{a876af8 u0 Splash Screen com.katsuyamaki.DroidOSLauncher}
12-22 20:15:14.646  1423  2784 W WindowManager: Failed looking up window session=Session{eef2b83 2022:u0a10055} callers=com.android.server.wm.WindowManagerService.windowForClientLocked:1 com.android.server.wm.WindowManagerService.relayoutWindow:84 com.android.server.wm.Session.relayout:27 
12-22 20:15:14.647  1423  2229 D InputDispatcher: Once focus requested (1): 9a3d1c6 com.android.systemui/com.android.systemui.subscreen.SubHomeActivity
12-22 20:15:14.647  1423  2229 D InputDispatcher: Focus request (1): 9a3d1c6 com.android.systemui/com.android.systemui.subscreen.SubHomeActivity but waiting because NO_WINDOW
12-22 20:15:14.647  2022  2022 I WindowManager: WindowManagerGlobal#addView, ty=2005, view=android.widget.LinearLayout{43951ee V.E...... ......I. 0,0-0,0}, caller=android.view.WindowManagerImpl.addView:158 android.widget.ToastPresenter.addToastView:424 android.widget.ToastPresenter.show:325 
12-22 20:15:14.647  2022  2022 D ViewRootImpl: desktopMode is false
12-22 20:15:14.647  2022  2022 I ViewRootImpl: dVRR is disabled
12-22 20:15:14.649  1423  2784 D InputDispatcher: Focus entered window (1): 9a3d1c6 com.android.systemui/com.android.systemui.subscreen.SubHomeActivity
12-22 20:15:14.650  1423  2230 W WindowManager: Cannot find window which accessibility connection is added to
12-22 20:15:14.650  1423  2228 W WindowManager: Failed looking up window session=Session{eef2b83 2022:u0a10055} callers=com.android.server.wm.Session.remove:10 android.view.IWindowSession$Stub.onTransact:804 com.android.server.wm.Session.onTransact:1 
12-22 20:15:14.651  1423  2697 W WindowManager: Failed looking up window session=Session{eef2b83 2022:u0a10055} callers=com.android.server.wm.WindowManagerService.windowForClientLocked:1 com.android.server.wm.Session.setOnBackInvokedCallbackInfo:15 android.view.IWindowSession$Stub.onTransact:1390 
12-22 20:15:14.651  1423  2697 I WindowManager: setOnBackInvokedCallback(): No window state for package:com.android.systemui
12-22 20:15:14.653  1423  2266 I InputMethodManagerService: isInputMethodShown: isShown=false
12-22 20:15:14.653  1423  1754 I InputMethodManagerService: startInputUncheckedLocked: Rejecting unbind/bind in case of no editor in cover screen.
12-22 20:15:14.653  1423  2784 I WindowManager: Relayout Window{52cdc35 u0 Toast}: viewVisibility=0 req=343x69 ty=2005 d1
12-22 20:15:14.654  1423  2784 D WindowManager: makeSurface duration=0 name=Toast$_2022
12-22 20:15:14.654  1423  2784 I WindowManager: Relayout hash=52cdc35, pid=2022, syncId=-1: mAttrs={(0,50)(wrapxwrap) gr=BOTTOM CENTER sim={adjust=pan} ty=TOAST fmt=TRANSLUCENT wanim=0x1030004 receive insets ignoring z-order
12-22 20:15:14.654  1423  2784 I WindowManager:   fl=1000098
12-22 20:15:14.654  1423  2784 I WindowManager:   pfl=30000000
12-22 20:15:14.654  1423  2784 I WindowManager:   bhv=1
12-22 20:15:14.654  1423  2784 I WindowManager:   fitTypes=20f
12-22 20:15:14.654  1423  2784 I WindowManager:   fitIgnoreVis
12-22 20:15:14.654  1423  2784 I WindowManager:   frameRateBoostOnTouch=true
12-22 20:15:14.654  1423  2784 I WindowManager:   dvrrWindowFrameRateHint=true naviIconColor=0}
12-22 20:15:14.674  1423  2228 D WindowManager: finishDrawingWindow: Window{52cdc35 u0 Toast} mDrawState=DRAW_PENDING seqId=0
12-22 20:15:14.674  1423  2784 I WindowManager: Relayout Window{9a3d1c6 u0 com.android.systemui/com.android.systemui.subscreen.SubHomeActivity}: viewVisibility=0 req=1422x1500 ty=1 d1
12-22 20:15:14.675  1423  2784 I WindowManager: Reparenting to leash, surface=Surface(name=52cdc35 Toast)/@0x4e3ca5, leashParent=Surface(name=WindowToken{fa577c5 type=2005 android.os.Binder@10ebe3c})/@0x468487a
12-22 20:15:14.676  1423  2784 D WindowManager: makeSurface duration=0 leash=Surface(name=Surface(name=52cdc35 Toast)/@0x4e3ca5 - animation-leash of window_animation)/@0xed8382b
12-22 20:15:14.677  1423  2784 I WindowManager: Relayout hash=9a3d1c6, pid=2022, syncId=-1: mAttrs={(0,0)(fillxfill) sim={adjust=resize} layoutInDisplayCutoutMode=always ty=BASE_APPLICATION fmt=TRANSPARENT if=INPUT_FEATURE_DISABLE_USER_ACTIVITY userActivityTimeout=30000
12-22 20:15:14.677  1423  2784 I WindowManager:   fl=81910100
12-22 20:15:14.677  1423  2784 I WindowManager:   pfl=10008850
12-22 20:15:14.677  1423  2784 I WindowManager:   vsysui=1600000
12-22 20:15:14.677  1423  2784 I WindowManager:   bhv=1
12-22 20:15:14.677  1423  2784 I WindowManager:   fitSides=0
12-22 20:15:14.677  1423  2784 I WindowManager:   frameRateBoostOnTouch=true
12-22 20:15:14.677  1423  2784 I WindowManager:   dvrrWindowFrameRateHint=true screenDimDuration=0 naviIconColor=0}
12-22 20:15:14.681  1423  2697 E ActivityManager: Sending non-protected broadcast com.samsung.android.app.aodservice.ACTION_COVER_HOME_FOCUS_CHANGED from system 2022:com.android.systemui/u0a55 pkg com.android.systemui
12-22 20:15:14.681  1423  2697 E ActivityManager: java.lang.Throwable
12-22 20:15:14.681  1423  2697 E ActivityManager: 	at com.android.server.am.BroadcastController.checkBroadcastFromSystem(qb/103888019 03a5a67e5cf815856c8cb02a780996d8495d88e5abfc1f4625d73e5d10674898:252)
12-22 20:15:14.681  1423  2697 E ActivityManager: 	at com.android.server.am.BroadcastController.broadcastIntentLockedTraced(qb/103888019 03a5a67e5cf815856c8cb02a780996d8495d88e5abfc1f4625d73e5d10674898:344)
12-22 20:15:14.681  1423  2697 E ActivityManager: 	at com.android.server.am.BroadcastController.broadcastIntentLocked(qb/103888019 03a5a67e5cf815856c8cb02a780996d8495d88e5abfc1f4625d73e5d10674898:18)
12-22 20:15:14.681  1423  2697 E ActivityManager: 	at com.android.server.am.ActivityManagerService.broadcastIntentWithFeature(qb/103888019 03a5a67e5cf815856c8cb02a780996d8495d88e5abfc1f4625d73e5d10674898:149)
12-22 20:15:14.681  1423  2697 E ActivityManager: 	at android.app.IActivityManager$Stub.onTransact$broadcastIntentWithFeature$(IActivityManager.java:12241)
12-22 20:15:14.681  1423  2697 E ActivityManager: 	at android.app.IActivityManager$Stub.onTransact(IActivityManager.java:3154)
12-22 20:15:14.681  1423  2697 E ActivityManager: 	at com.android.server.am.ActivityManagerService.onTransact(qb/103888019 03a5a67e5cf815856c8cb02a780996d8495d88e5abfc1f4625d73e5d10674898:425)
12-22 20:15:14.681  1423  2697 E ActivityManager: 	at android.os.Binder.execTransactInternal(Binder.java:1462)
12-22 20:15:14.681  1423  2697 E ActivityManager: 	at android.os.Binder.execTransact(Binder.java:1401)
12-22 20:15:14.682  1423  2229 E ActivityManager: Sending non-protected broadcast com.samsung.android.app.aodservice.ACTION_FLOATING_SHORTCUT_AVAILABLE_CHANGED from system 2022:com.android.systemui/u0a55 pkg com.android.systemui
12-22 20:15:14.682  1423  2229 E ActivityManager: java.lang.Throwable
12-22 20:15:14.682  1423  2229 E ActivityManager: 	at com.android.server.am.BroadcastController.checkBroadcastFromSystem(qb/103888019 03a5a67e5cf815856c8cb02a780996d8495d88e5abfc1f4625d73e5d10674898:252)
12-22 20:15:14.682  1423  2229 E ActivityManager: 	at com.android.server.am.BroadcastController.broadcastIntentLockedTraced(qb/103888019 03a5a67e5cf815856c8cb02a780996d8495d88e5abfc1f4625d73e5d10674898:344)
12-22 20:15:14.682  1423  2229 E ActivityManager: 	at com.android.server.am.BroadcastController.broadcastIntentLocked(qb/103888019 03a5a67e5cf815856c8cb02a780996d8495d88e5abfc1f4625d73e5d10674898:18)
12-22 20:15:14.682  1423  2229 E ActivityManager: 	at com.android.server.am.ActivityManagerService.broadcastIntentWithFeature(qb/103888019 03a5a67e5cf815856c8cb02a780996d8495d88e5abfc1f4625d73e5d10674898:149)
12-22 20:15:14.682  1423  2229 E ActivityManager: 	at android.app.IActivityManager$Stub.onTransact$broadcastIntentWithFeature$(IActivityManager.java:12241)
12-22 20:15:14.682  1423  2229 E ActivityManager: 	at android.app.IActivityManager$Stub.onTransact(IActivityManager.java:3154)
12-22 20:15:14.682  1423  2229 E ActivityManager: 	at com.android.server.am.ActivityManagerService.onTransact(qb/103888019 03a5a67e5cf815856c8cb02a780996d8495d88e5abfc1f4625d73e5d10674898:425)
12-22 20:15:14.682  1423  2229 E ActivityManager: 	at android.os.Binder.execTransactInternal(Binder.java:1462)
12-22 20:15:14.682  1423  2229 E ActivityManager: 	at android.os.Binder.execTransact(Binder.java:1401)
12-22 20:15:14.682  1423  2230 E ActivityManager: Sending non-protected broadcast com.samsung.android.app.aodservice.ACTION_COVER_HOME_QUICK_PANEL_TOUCH_AREA_CHANGED from system 2022:com.android.systemui/u0a55 pkg com.android.systemui
12-22 20:15:14.682  1423  2230 E ActivityManager: java.lang.Throwable
12-22 20:15:14.682  1423  2230 E ActivityManager: 	at com.android.server.am.BroadcastController.checkBroadcastFromSystem(qb/103888019 03a5a67e5cf815856c8cb02a780996d8495d88e5abfc1f4625d73e5d10674898:252)
12-22 20:15:14.682  1423  2230 E ActivityManager: 	at com.android.server.am.BroadcastController.broadcastIntentLockedTraced(qb/103888019 03a5a67e5cf815856c8cb02a780996d8495d88e5abfc1f4625d73e5d10674898:344)
12-22 20:15:14.682  1423  2230 E ActivityManager: 	at com.android.server.am.BroadcastController.broadcastIntentLocked(qb/103888019 03a5a67e5cf815856c8cb02a780996d8495d88e5abfc1f4625d73e5d10674898:18)
12-22 20:15:14.682  1423  2230 E ActivityManager: 	at com.android.server.am.ActivityManagerService.broadcastIntentWithFeature(qb/103888019 03a5a67e5cf815856c8cb02a780996d8495d88e5abfc1f4625d73e5d10674898:149)
12-22 20:15:14.682  1423  2230 E ActivityManager: 	at android.app.IActivityManager$Stub.onTransact$broadcastIntentWithFeature$(IActivityManager.java:12241)
12-22 20:15:14.682  1423  2230 E ActivityManager: 	at android.app.IActivityManager$Stub.onTransact(IActivityManager.java:3154)
12-22 20:15:14.682  1423  2230 E ActivityManager: 	at com.android.server.am.ActivityManagerService.onTransact(qb/103888019 03a5a67e5cf815856c8cb02a780996d8495d88e5abfc1f4625d73e5d10674898:425)
12-22 20:15:14.682  1423  2230 E ActivityManager: 	at android.os.Binder.execTransactInternal(Binder.java:1462)
12-22 20:15:14.682  1423  2230 E ActivityManager: 	at android.os.Binder.execTransact(Binder.java:1401)
12-22 20:15:14.768  1423  2229 D WindowManager: Remove SleepToken: tag=keyguard, displayId=0
12-22 20:15:14.769  1423  1754 D InputMethodManagerService: isImeSwitcherDisabledPackage : false
12-22 20:15:14.770  1423  1754 W InputMethodManagerService: callbackImeWindowStatus: skipped topFocusedDisplayId=1, curTokenDisplayId=0
12-22 20:15:14.770  1423  1754 D InputMethodManagerService: isImeSwitcherDisabledPackage : false
12-22 20:15:14.770  1423  1754 W InputMethodManagerService: callbackImeWindowStatus: skipped topFocusedDisplayId=1, curTokenDisplayId=0
12-22 20:15:14.771  1423  1855 I WindowManager: Relayout Window{b5eb294 u0 NotificationShade}: viewVisibility=0 req=1080x2520 ty=2040 d0
12-22 20:15:14.773  1423  2266 I WindowManager: Relayout Window{a93450e u0 NavigationBar1}: viewVisibility=0 req=1422x66 ty=2019 d1
12-22 20:15:14.773  1423  1855 I WindowManager: Relayout hash=b5eb294, pid=0, syncId=-1: mAttrs={(0,0)(fillxfill) gr=TOP CENTER_VERTICAL sim={adjust=pan} layoutInDisplayCutoutMode=always ty=NOTIFICATION_SHADE fmt=TRANSLUCENT
12-22 20:15:14.773  1423  1855 I WindowManager:   fl=81040048
12-22 20:15:14.773  1423  1855 I WindowManager:   pfl=10000200
12-22 20:15:14.773  1423  1855 I WindowManager:   bhv=2
12-22 20:15:14.773  1423  1855 I WindowManager:   frameRateBoostOnTouch=true
12-22 20:15:14.773  1423  1855 I WindowManager:   dvrrWindowFrameRateHint=true naviIconColor=0
12-22 20:15:14.773  1423  1855 I WindowManager:   sfl=40000}
12-22 20:15:14.773  1423  1855 I WindowManager: Relayout Window{6146b28 u0 NavigationBar0}: viewVisibility=0 req=1080x75 ty=2019 d0
12-22 20:15:14.774  1423  2266 I WindowManager: Relayout hash=a93450e, pid=2022, syncId=-1: mAttrs={(0,0)(fillx66) gr=BOTTOM CENTER_VERTICAL sim={adjust=pan} layoutInDisplayCutoutMode=always ty=NAVIGATION_BAR fmt=TRANSLUCENT
12-22 20:15:14.774  1423  2266 I WindowManager:   fl=20040028
12-22 20:15:14.774  1423  2266 I WindowManager:   pfl=31000000
12-22 20:15:14.774  1423  2266 I WindowManager:   bhv=1
12-22 20:15:14.774  1423  2266 I WindowManager:   providedInsets:
12-22 20:15:14.774  1423  2266 I WindowManager:     InsetsFrameProvider: {id=#e0c00001, index=0, type=navigationBars, source=FRAME, flags=[SUPPRESS_SCRIM], insetsSize=Insets{left=0, top=0, right=0, bottom=66}, insetsSizeOverrides=[TypedInsetsSize: {windowType=INPUT_METHOD, insetsSize=null}]}
12-22 20:15:14.774  1423  2266 I WindowManager:     InsetsFrameProvider: {id=#e0c00006, index=0, type=tappableElement, source=FRAME, flags=[], insetsSize=Insets{left=0, top=0, right=0, bottom=0}}
12-22 20:15:14.774  1423  2266 I WindowManager:     InsetsFrameProvider: {id=#e0c00005, index=0, type=mandatorySystemGestures, source=FRAME, flags=[], insetsSize=Insets{left=0, top=0, right=0, bottom=50}}
12-22 20:15:14.774  1423  2266 I WindowManager:     InsetsFrameProvider: {id=#e0c00004, index=0, type=systemGestures, source=DISPLAY, flags=[], insetsSize=Insets{left=46, top=0, right=0, bottom=0}, mMinimalInsetsSizeInDisplayCutoutSafe=Insets{left=46, top=0, right=0, bottom=0}}
12-22 20:15:14.774  1423  2266 I WindowManager:     InsetsFrameProvider: {id=#e0c00024, index=1, type=systemGestures, source=DISPLAY, flags=[], insetsSize=Insets{left=0, top=0, right=46, bottom=0}, mMinimalInsetsSizeInDisplayCutoutSafe=Insets{left=0, top=0, right=46, bottom=0}}
12-22 20:15:14.774  1423  2266 I WindowManager:   frameRateBoostOnTouch=true
12-22 20:15:14.774  1423  2266 I WindowManager:   dvrrWindowFrameRateHint=true
12-22 20:15:14.774  1423  2266 I WindowManager:   paramsForRotation:
12-22 20:15:14.774  1423  2266 I WindowManager:     ROTATION_0={(0,0)(fillx66) gr=BOTTOM CENTER_VERTICAL layoutInDisplayCutoutMode=always ty=NAVIGATION_BAR fmt=TRANSLUCENT
12-22 20:15:14.774  1423  2266 I WindowManager:       fl=20040028
12-22 20:15:14.774  1423  2266 I WindowManager:       pfl=31000000
12-22 20:15:14.774  1423  2266 I WindowManager:       bhv=1
12-22 20:15:14.774  1423  2266 I WindowManager:       providedInsets:
12-22 20:15:14.774  1423  2266 I WindowManager:         InsetsFrameProvider: {id=#e0c00001, index=0, type=navigationBars, source=FRAME, flags=[SUPPRESS_SCRIM], insetsSize=Insets{left=0, top=0, right=0, bottom=66}, insetsSizeOverrides=[TypedInsetsSize: {windowType=INPUT_METHOD, insetsSize=null}]}
12-22 20:15:14.774  1423  2266 I WindowManager:         InsetsFrameProvider: {id=#e0c00006, index=0, type=tappableElement, source=FRAME, flags=[], insetsSize=Insets{left=0, top=0, right=0, bottom=0}}
12-22 20:15:14.774  1423  2266 I WindowManager:         InsetsFrameProvider: {id=#e0c00005, index=0, type=mandatorySystemGestures, source=FRAME, flags=[], insetsSize=Insets{left=0, top=0, right=0, bottom=50}}
12-22 20:15:14.774  1423  2266 I WindowManager:         InsetsFrameProvider: {id=#e0c00004, index=0, type=systemGestures, source=DISPLAY, flags=[], insetsSize=Insets{left=46, top=0, right=0, bottom=0}, mMinimalInsetsSizeInDisplayCutoutSafe=Insets{left=46, top=0, right=0, bottom=0}}
12-22 20:15:14.774  1423  2266 I WindowManager:         InsetsFrameProvider: {id=#e0c00024, index=1, type=systemGestures, source=DISPLAY, flags=[], insetsSize=Insets{left=0, top=0, right=46, bottom=0}, mMinimalInsetsSizeInDisplayCutoutSafe=Insets{left=0, top=0, right=46, bottom=0}}
12-22 20:15:14.774  1423  2266 I WindowManager:       frameRateBoostOnTouch=true
12-22 20:15:14.774  1423  2266 I WindowManager:       dvrrWindowFrameRateHint=true naviIconColor=0}
12-22 20:15:14.774  1423  2266 I WindowManager:     ROTATION_90={(0,0)(fillx66) gr=BOTTOM CENTER_VERTICAL layoutInDisplayCutoutMode=always ty=NAVIGATION_BAR fmt=TRANSLUCENT
12-22 20:15:14.774  1423  2266 I WindowManager:       fl=20040028
12-22 20:15:14.774  1423  2266 I WindowManager:       pfl=31000000
12-22 20:15:14.774  1423  2266 I WindowManager:       bhv=1
12-22 20:15:14.774  1423  2266 I WindowManager:       providedInsets:
12-22 20:15:14.774  1423  2266 I WindowManager:         InsetsFrameProvider: {id=#e0c00001, index=0, type=navigationBars, source=FRAME, flags=[SUPPRESS_SCRIM], insetsSize=Insets{left=0, top=0, right=0, bottom=38}, insetsSizeOverrides=[TypedInsetsSize: {windowType=INPUT_METHOD, insetsSize=Insets{left=0, top=0, right=0, bottom=38}}]}
