12-20 00:05:53.815  1401  2151 D WindowManager: prepareSync <SYNC_STATE_WAITING_FOR_DRAW>, mPrepareSyncSeqId=0, win=Window{315cb86 u0 com.google.android.googlequicksearchbox/com.google.android.apps.search.assistant.surfaces.voice.robin.main.MainActivity}
12-20 00:05:53.823  1401  2151 D WindowManager: updateSystemBarAttributes: displayId=0, focusedCanBeNavColorWin=false, win=Window{c1b1e27 u0 com.katsuyamaki.DroidOSLauncher}, navColorWin=Window{8d8ec89 u0 com.sec.android.app.launcher/com.sec.android.app.launcher.activities.LauncherActivity}, caller=com.android.server.wm.DisplayPolicy.finishPostLayoutPolicyLw:17 com.android.server.wm.RootWindowContainer.applySurfaceChangesTransaction$1:195 com.android.server.wm.RootWindowContainer.performSurfacePlacementNoTrace:86 
12-20 00:05:53.823  1401  2151 D WindowManager: updateSystemBarAttributes, bhv=1, apr=1048576, statusBarAprRegions=[AppearanceRegion{ bounds=[0,0][1080,2520]}], requestedVisibilities=-9
12-20 00:05:53.892  1401  3076 I WindowManager: Relayout Window{315cb86 u0 com.google.android.googlequicksearchbox/com.google.android.apps.search.assistant.surfaces.voice.robin.main.MainActivity}: viewVisibility=0 req=918x1260 ty=1 d0
12-20 00:05:53.893  1401  3076 I WindowManager: Relayout hash=315cb86, pid=7725, syncId=-1: mAttrs={(0,0)(fillxfill) sim={adjust=resize} layoutInDisplayCutoutMode=always ty=BASE_APPLICATION wanim=0x1030317
12-20 00:05:53.893  1401  3076 I WindowManager:   fl=80810100
12-20 00:05:53.893  1401  3076 I WindowManager:   pfl=10008840
12-20 00:05:53.893  1401  3076 I WindowManager:   bhv=1
12-20 00:05:53.893  1401  3076 I WindowManager:   fitSides=0
12-20 00:05:53.893  1401  3076 I WindowManager:   frameRateBoostOnTouch=true
12-20 00:05:53.893  1401  3076 I WindowManager:   dvrrWindowFrameRateHint=true naviIconColor=0}
12-20 00:05:53.903  1401  2591 D WindowManager: finishDrawingWindow: Window{315cb86 u0 com.google.android.googlequicksearchbox/com.google.android.apps.search.assistant.surfaces.voice.robin.main.MainActivity} mDrawState=DRAW_PENDING seqId=0
12-20 00:05:53.903  1401  2591 I WindowManager: finishDrawing of relaunch: Window{315cb86 u0 com.google.android.googlequicksearchbox/com.google.android.apps.search.assistant.surfaces.voice.robin.main.MainActivity} 81ms
12-20 00:05:53.913  1401  1544 I ActivityManager: Changes in 10272 19 to 19, 128 to 0
12-20 00:05:53.915  1401  3076 I WindowManager: Relayout Window{315cb86 u0 com.google.android.googlequicksearchbox/com.google.android.apps.search.assistant.surfaces.voice.robin.main.MainActivity}: viewVisibility=0 req=1080x1260 ty=1 d0
12-20 00:05:53.916  1401  3076 I WindowManager: Relayout hash=315cb86, pid=0, syncId=-1: mAttrs={(0,0)(fillxfill) sim={adjust=resize} layoutInDisplayCutoutMode=always ty=BASE_APPLICATION wanim=0x1030317
12-20 00:05:53.916  1401  3076 I WindowManager:   fl=80810100
12-20 00:05:53.916  1401  3076 I WindowManager:   pfl=10008840
12-20 00:05:53.916  1401  3076 I WindowManager:   bhv=1
12-20 00:05:53.916  1401  3076 I WindowManager:   fitSides=0
12-20 00:05:53.916  1401  3076 I WindowManager:   frameRateBoostOnTouch=true
12-20 00:05:53.916  1401  3076 I WindowManager:   dvrrWindowFrameRateHint=true naviIconColor=0}
12-20 00:05:53.919  1401  2773 D WindowManager: finishDrawingWindow: Window{315cb86 u0 com.google.android.googlequicksearchbox/com.google.android.apps.search.assistant.surfaces.voice.robin.main.MainActivity} mDrawState=HAS_DRAWN seqId=0
12-20 00:05:53.919  7725  7725 D ViewRootImpl: Skipping stats log for color mode
12-20 00:05:53.921  1401  2773 W WindowManager: Failed looking up window session=Session{bf5052b 7725:u0a10270} callers=com.android.server.wm.WindowManagerService.windowForClientLocked:1 com.android.server.wm.Session.setOnBackInvokedCallbackInfo:15 android.view.IWindowSession$Stub.onTransact:1390 
12-20 00:05:53.921  1401  2773 I WindowManager: setOnBackInvokedCallback(): No window state for package:com.google.android.googlequicksearchbox
12-20 00:05:53.935  1401  3076 D WindowManager: Transition is created, t=TransitionRecord{8e99eba id=-1 type=OPEN flags=0x0}, caller=com.android.server.wm.Transition.<init>:182 com.android.server.wm.TransitionController.createAndStartCollecting:106 com.android.server.wm.ActivityStarter.executeRequest:3537 com.android.server.wm.ActivityStarter.execute:1873 com.android.server.wm.ActivityTaskManagerService.startActivityAsUser:87 
12-20 00:05:53.936  1401  3076 D InputDispatcher: Focused application(0): ActivityRecord{147709724 u0 com.termux/.app.TermuxActivity t18195}
12-20 00:05:53.937  1401  3076 D WindowManager: Aborting Transition: 10386 in state 0 called from com.android.server.wm.ActivityStarter.handleStartResult:802
12-20 00:05:53.941  1401  3076 I WindowManager: Relayout Window{dea7911 u0 com.termux/com.termux.app.TermuxActivity}: viewVisibility=0 req=1080x1260 ty=1 d0
12-20 00:05:53.944  1401  3076 I WindowManager: Relayout hash=dea7911, pid=0, syncId=-1: mAttrs={(0,0)(fillxfill) sim={adjust=resize forwardNavigation} ty=BASE_APPLICATION wanim=0x1030317
12-20 00:05:53.944  1401  3076 I WindowManager:   fl=8d810100
12-20 00:05:53.944  1401  3076 I WindowManager:   pfl=10008040
12-20 00:05:53.944  1401  3076 I WindowManager:   vsysui=700
12-20 00:05:53.944  1401  3076 I WindowManager:   bhv=1
12-20 00:05:53.944  1401  3076 I WindowManager:   fitSides=0
12-20 00:05:53.944  1401  3076 I WindowManager:   frameRateBoostOnTouch=true
12-20 00:05:53.944  1401  3076 I WindowManager:   dvrrWindowFrameRateHint=true naviIconColor=0}
12-20 00:05:54.012  1401  1868 D WindowManager: Transition is created, t=TransitionRecord{1f428a6 id=-1 type=OPEN flags=0x0}, caller=com.android.server.wm.Transition.<init>:182 com.android.server.wm.TransitionController.createAndStartCollecting:106 com.android.server.wm.ActivityStarter.executeRequest:3537 com.android.server.wm.ActivityStarter.execute:1873 com.android.server.wm.ActivityTaskManagerService.startActivityAsUser:87 
12-20 00:05:54.014  1401  1868 D WindowManager: Aborting Transition: 10387 in state 0 called from com.android.server.wm.ActivityStarter.handleStartResult:802
12-20 00:05:54.023  1401  1868 I WindowManager: Relayout Window{dea7911 u0 com.termux/com.termux.app.TermuxActivity}: viewVisibility=0 req=1080x1260 ty=1 d0
12-20 00:05:54.024  1401  1868 I WindowManager: Relayout hash=dea7911, pid=0, syncId=-1: mAttrs={(0,0)(fillxfill) sim={adjust=resize forwardNavigation} ty=BASE_APPLICATION wanim=0x1030317
12-20 00:05:54.024  1401  1868 I WindowManager:   fl=8d810100
12-20 00:05:54.024  1401  1868 I WindowManager:   pfl=10008040
12-20 00:05:54.024  1401  1868 I WindowManager:   vsysui=700
12-20 00:05:54.024  1401  1868 I WindowManager:   bhv=1
12-20 00:05:54.024  1401  1868 I WindowManager:   fitSides=0
12-20 00:05:54.024  1401  1868 I WindowManager:   frameRateBoostOnTouch=true
12-20 00:05:54.024  1401  1868 I WindowManager:   dvrrWindowFrameRateHint=true naviIconColor=0}
12-20 00:05:54.085  1401  1868 D WindowManager: Transition is created, t=TransitionRecord{5427d71 id=-1 type=OPEN flags=0x0}, caller=com.android.server.wm.Transition.<init>:182 com.android.server.wm.TransitionController.createAndStartCollecting:106 com.android.server.wm.ActivityStarter.executeRequest:3537 com.android.server.wm.ActivityStarter.execute:1873 com.android.server.wm.ActivityTaskManagerService.startActivityAsUser:87 
12-20 00:05:54.089  1401  1868 D InputDispatcher: Focused application(0): ActivityRecord{205304571 u0 com.google.android.apps.bard/.shellapp.BardEntryPointActivity t18334}
12-20 00:05:54.090  1401  1868 D WindowManager: updateSystemBarAttributes: displayId=0, focusedCanBeNavColorWin=false, win=Window{c1b1e27 u0 com.katsuyamaki.DroidOSLauncher}, navColorWin=Window{8d8ec89 u0 com.sec.android.app.launcher/com.sec.android.app.launcher.activities.LauncherActivity}, caller=com.android.server.wm.DisplayPolicy.finishPostLayoutPolicyLw:17 com.android.server.wm.RootWindowContainer.applySurfaceChangesTransaction$1:195 com.android.server.wm.RootWindowContainer.performSurfacePlacementNoTrace:86 
12-20 00:05:54.090  1401  1868 D WindowManager: updateSystemBarAttributes, bhv=1, apr=0, statusBarAprRegions=[AppearanceRegion{ bounds=[0,0][1080,2520]}], requestedVisibilities=-9
12-20 00:05:54.096  1401  1544 I ActivityManager: Changes in 10272 19 to 2, 0 to 255
12-20 00:05:54.103  1401  2245 D InputDispatcher: Focused application(0): ActivityRecord{220197475 u0 com.google.android.googlequicksearchbox/com.google.android.apps.search.assistant.surfaces.voice.deeplinks.handlers.gateway.impl.MainAssistantDeeplink t18334}
12-20 00:05:54.109  1401  1544 I ActivityManager: Changes in 10272 2 to 19, 255 to 128
12-20 00:05:54.111  7725  7725 D ViewRootImpl: desktopMode is false
12-20 00:05:54.111  7725  7725 I ViewRootImpl: dVRR is disabled
12-20 00:05:54.112  1401  3509 D WindowManager: prepareSync <SYNC_STATE_WAITING_FOR_DRAW>, mPrepareSyncSeqId=0, win=Window{c8a4f90 u0 com.google.android.googlequicksearchbox/com.google.android.apps.search.assistant.surfaces.voice.deeplinks.handlers.gateway.impl.MainAssistantDeeplink}
12-20 00:05:54.116  1401  2151 I WindowManager: Relayout Window{c8a4f90 u0 com.google.android.googlequicksearchbox/com.google.android.apps.search.assistant.surfaces.voice.deeplinks.handlers.gateway.impl.MainAssistantDeeplink}: viewVisibility=0 req=0x0 ty=1 d0
12-20 00:05:54.117  1401  2151 D WindowManager: makeSurface duration=0 name=com.google.android.googlequicksearchbox/com.google.android.apps.search.assistant.surfaces.voice.deeplinks.handlers.gateway.impl.MainAssistantDeeplink$_7725
12-20 00:05:54.118  1401  2151 I WindowManager: Relayout hash=c8a4f90, pid=7725, syncId=-1: mAttrs={(0,0)(wrapxwrap) sim={adjust=pan forwardNavigation} ty=BASE_APPLICATION fmt=TRANSPARENT
12-20 00:05:54.118  1401  2151 I WindowManager:   fl=1800000
12-20 00:05:54.118  1401  2151 I WindowManager:   pfl=40000880
12-20 00:05:54.118  1401  2151 I WindowManager:   bhv=1
12-20 00:05:54.118  1401  2151 I WindowManager:   fitTypes=207
12-20 00:05:54.118  1401  2151 I WindowManager:   frameRateBoostOnTouch=true
12-20 00:05:54.118  1401  2151 I WindowManager:   dvrrWindowFrameRateHint=true naviIconColor=0}
12-20 00:05:54.120  1401  3076 D WindowManager: finishDrawingWindow: Window{c8a4f90 u0 com.google.android.googlequicksearchbox/com.google.android.apps.search.assistant.surfaces.voice.deeplinks.handlers.gateway.impl.MainAssistantDeeplink} mDrawState=DRAW_PENDING seqId=0
12-20 00:05:54.122  1401  1545 D WindowManager: updateSystemBarAttributes: displayId=0, focusedCanBeNavColorWin=false, win=Window{c1b1e27 u0 com.katsuyamaki.DroidOSLauncher}, navColorWin=Window{8d8ec89 u0 com.sec.android.app.launcher/com.sec.android.app.launcher.activities.LauncherActivity}, caller=com.android.server.wm.DisplayPolicy.finishPostLayoutPolicyLw:17 com.android.server.wm.RootWindowContainer.applySurfaceChangesTransaction$1:195 com.android.server.wm.RootWindowContainer.performSurfacePlacementNoTrace:86 
12-20 00:05:54.123  1401  1545 D WindowManager: updateSystemBarAttributes, bhv=1, apr=1048576, statusBarAprRegions=[AppearanceRegion{ bounds=[0,0][1080,2520]}], requestedVisibilities=-9
12-20 00:05:54.129  1401  3703 D WindowManager: Transition is created, t=TransitionRecord{2b02014 id=-1 type=OPEN flags=0x0}, caller=com.android.server.wm.Transition.<init>:182 com.android.server.wm.TransitionController.createAndStartCollecting:106 com.android.server.wm.ActivityStarter.executeRequest:3537 com.android.server.wm.ActivityStarter.execute:1873 com.android.server.wm.ActivityStartController.startActivities:98 
12-20 00:05:54.131  1401  3703 D InputDispatcher: Focused application(0): ActivityRecord{74458888 u0 com.google.android.googlequicksearchbox/com.google.android.apps.search.assistant.surfaces.voice.robin.main.MainActivity t18331}
12-20 00:05:54.131  1401  3703 D WindowManager: Aborting Transition: 10389 in state 0 called from com.android.server.wm.ActivityStarter.handleStartResult:802
12-20 00:05:54.132  1401  3703 D WindowManager: deferringAddStartActivities clear
12-20 00:05:54.133  1401  2245 D WindowManager: Transition is created, t=TransitionRecord{c792980 id=-1 type=CLOSE flags=0x0}, caller=com.android.server.wm.Transition.<init>:182 com.android.server.wm.TransitionController.createTransition:17 com.android.server.wm.TransitionController.requestCloseTransitionIfNeeded:73 com.android.server.wm.ActivityRecord.finishIfPossible:38 com.android.server.wm.ActivityClientController.finishActivity:268 
12-20 00:05:54.133  1401  2245 D WindowManager: prepareSync <SYNC_STATE_WAITING_FOR_DRAW>, mPrepareSyncSeqId=0, win=Window{c8a4f90 u0 com.google.android.googlequicksearchbox/com.google.android.apps.search.assistant.surfaces.voice.deeplinks.handlers.gateway.impl.MainAssistantDeeplink}
12-20 00:05:54.158  1401  1868 I WindowManager: Relayout Window{315cb86 u0 com.google.android.googlequicksearchbox/com.google.android.apps.search.assistant.surfaces.voice.robin.main.MainActivity}: viewVisibility=0 req=1080x1260 ty=1 d0
12-20 00:05:54.160  1401  1868 I WindowManager: Relayout hash=315cb86, pid=0, syncId=-1: mAttrs={(0,0)(fillxfill) sim={adjust=resize forwardNavigation} layoutInDisplayCutoutMode=always ty=BASE_APPLICATION wanim=0x1030317
12-20 00:05:54.160  1401  1868 I WindowManager:   fl=80810100
12-20 00:05:54.160  1401  1868 I WindowManager:   pfl=10008840
12-20 00:05:54.160  1401  1868 I WindowManager:   bhv=1
12-20 00:05:54.160  1401  1868 I WindowManager:   fitSides=0
12-20 00:05:54.160  1401  1868 I WindowManager:   frameRateBoostOnTouch=true
12-20 00:05:54.160  1401  1868 I WindowManager:   dvrrWindowFrameRateHint=true naviIconColor=0}
12-20 00:05:54.167  1401  3509 D WindowManager: Transition is created, t=TransitionRecord{b9d67c8 id=-1 type=OPEN flags=0x0}, caller=com.android.server.wm.Transition.<init>:182 com.android.server.wm.TransitionController.createAndStartCollecting:106 com.android.server.wm.ActivityStarter.executeRequest:3537 com.android.server.wm.ActivityStarter.execute:1873 com.android.server.wm.ActivityTaskManagerService.startActivityAsUser:87 
12-20 00:05:54.176  1401  3509 D InputDispatcher: Focused application(0): ActivityRecord{244710991 u0 com.google.android.apps.bard/.shellapp.BardEntryPointActivity t18335}
12-20 00:05:54.178  1401  3509 D WindowManager: updateSystemBarAttributes: displayId=0, focusedCanBeNavColorWin=false, win=Window{c1b1e27 u0 com.katsuyamaki.DroidOSLauncher}, navColorWin=Window{8d8ec89 u0 com.sec.android.app.launcher/com.sec.android.app.launcher.activities.LauncherActivity}, caller=com.android.server.wm.DisplayPolicy.finishPostLayoutPolicyLw:17 com.android.server.wm.RootWindowContainer.applySurfaceChangesTransaction$1:195 com.android.server.wm.RootWindowContainer.performSurfacePlacementNoTrace:86 
12-20 00:05:54.178  1401  3509 D WindowManager: updateSystemBarAttributes, bhv=1, apr=0, statusBarAprRegions=[AppearanceRegion{ bounds=[0,0][1080,2520]}], requestedVisibilities=-9
12-20 00:05:54.188  1401  1544 I ActivityManager: Changes in 10272 19 to 2, 128 to 255
12-20 00:05:54.198  1401  2168 D InputDispatcher: Focused application(0): ActivityRecord{180023607 u0 com.google.android.googlequicksearchbox/com.google.android.apps.search.assistant.surfaces.voice.deeplinks.handlers.gateway.impl.MainAssistantDeeplink t18335}
12-20 00:05:54.202  1401  1544 I ActivityManager: Changes in 10272 2 to 19, 255 to 128
12-20 00:05:54.207  7725  7725 D ViewRootImpl: desktopMode is false
12-20 00:05:54.207  7725  7725 I ViewRootImpl: dVRR is disabled
12-20 00:05:54.209  1401  2168 D WindowManager: prepareSync <SYNC_STATE_WAITING_FOR_DRAW>, mPrepareSyncSeqId=0, win=Window{71e9f22 u0 com.google.android.googlequicksearchbox/com.google.android.apps.search.assistant.surfaces.voice.deeplinks.handlers.gateway.impl.MainAssistantDeeplink}
12-20 00:05:54.217  1401  2590 I WindowManager: Relayout Window{71e9f22 u0 com.google.android.googlequicksearchbox/com.google.android.apps.search.assistant.surfaces.voice.deeplinks.handlers.gateway.impl.MainAssistantDeeplink}: viewVisibility=0 req=0x0 ty=1 d0
12-20 00:05:54.217  1401  2590 D WindowManager: makeSurface duration=0 name=com.google.android.googlequicksearchbox/com.google.android.apps.search.assistant.surfaces.voice.deeplinks.handlers.gateway.impl.MainAssistantDeeplink$_7725
12-20 00:05:54.218  1401  2590 I WindowManager: Relayout hash=71e9f22, pid=7725, syncId=-1: mAttrs={(0,0)(wrapxwrap) sim={adjust=pan forwardNavigation} ty=BASE_APPLICATION fmt=TRANSPARENT
12-20 00:05:54.218  1401  2590 I WindowManager:   fl=1800000
12-20 00:05:54.218  1401  2590 I WindowManager:   pfl=40000880
12-20 00:05:54.218  1401  2590 I WindowManager:   bhv=1
12-20 00:05:54.218  1401  2590 I WindowManager:   fitTypes=207
12-20 00:05:54.218  1401  2590 I WindowManager:   frameRateBoostOnTouch=true
12-20 00:05:54.218  1401  2590 I WindowManager:   dvrrWindowFrameRateHint=true naviIconColor=0}
12-20 00:05:54.220  1401  2591 D WindowManager: finishDrawingWindow: Window{71e9f22 u0 com.google.android.googlequicksearchbox/com.google.android.apps.search.assistant.surfaces.voice.deeplinks.handlers.gateway.impl.MainAssistantDeeplink} mDrawState=DRAW_PENDING seqId=0
12-20 00:05:54.225  1401  1545 D WindowManager: updateSystemBarAttributes: displayId=0, focusedCanBeNavColorWin=false, win=Window{c1b1e27 u0 com.katsuyamaki.DroidOSLauncher}, navColorWin=Window{8d8ec89 u0 com.sec.android.app.launcher/com.sec.android.app.launcher.activities.LauncherActivity}, caller=com.android.server.wm.DisplayPolicy.finishPostLayoutPolicyLw:17 com.android.server.wm.RootWindowContainer.applySurfaceChangesTransaction$1:195 com.android.server.wm.RootWindowContainer.performSurfacePlacementNoTrace:86 
12-20 00:05:54.225  1401  1545 D WindowManager: updateSystemBarAttributes, bhv=1, apr=1048576, statusBarAprRegions=[AppearanceRegion{ bounds=[0,0][1080,2520]}], requestedVisibilities=-9
12-20 00:05:54.227  1401  1645 D WindowManager: Transition is created, t=TransitionRecord{d245682 id=-1 type=OPEN flags=0x0}, caller=com.android.server.wm.Transition.<init>:182 com.android.server.wm.TransitionController.createAndStartCollecting:106 com.android.server.wm.ActivityStarter.executeRequest:3537 com.android.server.wm.ActivityStarter.execute:1873 com.android.server.wm.ActivityStartController.startActivities:98 
12-20 00:05:54.228  1401  1645 D InputDispatcher: Focused application(0): ActivityRecord{74458888 u0 com.google.android.googlequicksearchbox/com.google.android.apps.search.assistant.surfaces.voice.robin.main.MainActivity t18331}
12-20 00:05:54.229  1401  1645 D WindowManager: Aborting Transition: 10392 in state 0 called from com.android.server.wm.ActivityStarter.handleStartResult:802
12-20 00:05:54.229  1401  1645 D WindowManager: deferringAddStartActivities clear
12-20 00:05:54.231  1401  2168 D WindowManager: Transition is created, t=TransitionRecord{438b00b id=-1 type=CLOSE flags=0x0}, caller=com.android.server.wm.Transition.<init>:182 com.android.server.wm.TransitionController.createTransition:17 com.android.server.wm.TransitionController.requestCloseTransitionIfNeeded:73 com.android.server.wm.ActivityRecord.finishIfPossible:38 com.android.server.wm.ActivityClientController.finishActivity:268 
12-20 00:05:54.232  1401  2168 D WindowManager: prepareSync <SYNC_STATE_WAITING_FOR_DRAW>, mPrepareSyncSeqId=0, win=Window{71e9f22 u0 com.google.android.googlequicksearchbox/com.google.android.apps.search.assistant.surfaces.voice.deeplinks.handlers.gateway.impl.MainAssistantDeeplink}
12-20 00:05:54.261  7725  7725 D ViewRootImpl: Skipping stats log for color mode
12-20 00:05:54.301  1401  3703 D WindowManager: Transition is created, t=TransitionRecord{e83de69 id=-1 type=CHANGE flags=0x0}, caller=com.android.server.wm.Transition.<init>:182 com.android.server.wm.ActivityTaskManagerService.resizeTask:129 com.android.server.am.ActivityManagerShellCommand.runTask:220 com.android.server.am.ActivityManagerShellCommand.onCommand:1690 com.android.modules.utils.BasicShellCommandHandler.exec:97 
12-20 00:05:54.301  1401  3703 D WindowManager: prepareSync <SYNC_STATE_WAITING_FOR_DRAW>, mPrepareSyncSeqId=0, win=Window{dea7911 u0 com.termux/com.termux.app.TermuxActivity}
12-20 00:05:54.379  1401  2591 D WindowManager: Transition is created, t=TransitionRecord{ce3a503 id=-1 type=CHANGE flags=0x0}, caller=com.android.server.wm.Transition.<init>:182 com.android.server.wm.ActivityTaskManagerService.resizeTask:129 com.android.server.am.ActivityManagerShellCommand.runTask:220 com.android.server.am.ActivityManagerShellCommand.onCommand:1690 com.android.modules.utils.BasicShellCommandHandler.exec:97 
12-20 00:05:54.379  1401  2591 D WindowManager: prepareSync <SYNC_STATE_WAITING_FOR_DRAW>, mPrepareSyncSeqId=0, win=Window{dea7911 u0 com.termux/com.termux.app.TermuxActivity}
12-20 00:05:54.392  1401  2591 E InputDispatcher: Embedded{TaskInputSink of Surface(name=Decor container of Task=18331)/@0x5c6c553} has feature NO_INPUT_WINDOW, but a non-null token. Clearing
12-20 00:05:54.437  1401  2591 D WindowManager: Transition is created, t=TransitionRecord{c3facdc id=-1 type=CHANGE flags=0x0}, caller=com.android.server.wm.Transition.<init>:182 com.android.server.wm.ActivityTaskManagerService.resizeTask:129 com.android.server.am.ActivityManagerShellCommand.runTask:220 com.android.server.am.ActivityManagerShellCommand.onCommand:1690 com.android.modules.utils.BasicShellCommandHandler.exec:97 
12-20 00:05:54.438  1401  2591 D WindowManager: prepareSync <SYNC_STATE_WAITING_FOR_DRAW>, mPrepareSyncSeqId=0, win=Window{315cb86 u0 com.google.android.googlequicksearchbox/com.google.android.apps.search.assistant.surfaces.voice.robin.main.MainActivity}
12-20 00:05:54.495  1401  2251 D WindowManager: Transition is created, t=TransitionRecord{21a1ae0 id=-1 type=CHANGE flags=0x0}, caller=com.android.server.wm.Transition.<init>:182 com.android.server.wm.ActivityTaskManagerService.resizeTask:129 com.android.server.am.ActivityManagerShellCommand.runTask:220 com.android.server.am.ActivityManagerShellCommand.onCommand:1690 com.android.modules.utils.BasicShellCommandHandler.exec:97 
12-20 00:05:54.496  1401  2251 D WindowManager: prepareSync <SYNC_STATE_WAITING_FOR_DRAW>, mPrepareSyncSeqId=0, win=Window{315cb86 u0 com.google.android.googlequicksearchbox/com.google.android.apps.search.assistant.surfaces.voice.robin.main.MainActivity}
12-20 00:05:54.539  1401  1544 I ActivityManager: Changes in 10272 19 to 19, 128 to 0
12-20 00:05:54.541  1401  2590 I WindowManager: Relayout Window{71e9f22 u0 com.google.android.googlequicksearchbox/com.google.android.apps.search.assistant.surfaces.voice.deeplinks.handlers.gateway.impl.MainAssistantDeeplink}: viewVisibility=8 req=0x0 ty=1 d0
12-20 00:05:54.542  1401  2590 I WindowManager: Relayout hash=71e9f22, pid=7725, syncId=-1: mAttrs={(0,0)(wrapxwrap) sim={adjust=pan forwardNavigation} ty=BASE_APPLICATION fmt=TRANSPARENT
12-20 00:05:54.542  1401  2590 I WindowManager:   fl=1800000
12-20 00:05:54.542  1401  2590 I WindowManager:   pfl=40000880
12-20 00:05:54.542  1401  2590 I WindowManager:   bhv=1
12-20 00:05:54.542  1401  2590 I WindowManager:   fitTypes=207
12-20 00:05:54.542  1401  2590 I WindowManager:   frameRateBoostOnTouch=true
12-20 00:05:54.542  1401  2590 I WindowManager:   dvrrWindowFrameRateHint=true naviIconColor=0}
12-20 00:05:54.546  7725  7725 D ViewRootImpl: Skipping stats log for color mode
12-20 00:05:54.594  1401  1401 D InputDispatcher: Inject motion (0/0): action=0x0, time=185522438498000, f=0x0, d=0 dsdx=1.000000 dtdx=0.000000
12-20 00:05:54.595  1401  1700 I InputDispatcher: Delivering touch to (3972): action: 0x0, f=0x0, d=0, 'c1b1e27', t=1 +(0,-116)
12-20 00:05:54.652  1401  1401 D InputDispatcher: Inject motion (0/0): action=0x1, time=185522496592000, f=0x0, d=0 dsdx=1.000000 dtdx=0.000000
12-20 00:05:54.652  1401  1700 I InputDispatcher: Delivering touch to (3972): action: 0x1, f=0x0, d=0, 'c1b1e27', t=1 +(0,-116)
12-20 00:05:54.653  3972  3972 I WindowManager: WindowManagerGlobal#removeView, ty=2032, view=android.widget.FrameLayout{ffc88d0 VFE...C.. .F.P.... 0,0-1080,2404 aid=1}, caller=android.view.WindowManagerGlobal.removeView:654 android.view.WindowManagerImpl.removeView:211 com.example.quadrantlauncher.FloatingLauncherService.toggleDrawer:537 
12-20 00:05:54.658  1401  2151 I WindowManager: Relayout Window{c3b8059 u0 com.katsuyamaki.DroidOSLauncher}: viewVisibility=0 req=63x63 ty=2032 d0
12-20 00:05:54.659  1401  2151 D WindowManager: makeSurface duration=0 name=$_3972
12-20 00:05:54.660  1401  2151 I WindowManager: Relayout hash=c3b8059, pid=3972, syncId=-1: mAttrs={(50,200)(wrapxwrap) gr=TOP START CENTER sim={adjust=pan} ty=ACCESSIBILITY_OVERLAY fmt=TRANSLUCENT
12-20 00:05:54.660  1401  2151 I WindowManager:   fl=1040308
12-20 00:05:54.660  1401  2151 I WindowManager:   bhv=1
12-20 00:05:54.660  1401  2151 I WindowManager:   fitTypes=206
12-20 00:05:54.660  1401  2151 I WindowManager:   frameRateBoostOnTouch=true
12-20 00:05:54.660  1401  2151 I WindowManager:   dvrrWindowFrameRateHint=true naviIconColor=0}
12-20 00:05:54.666  1401  1645 D WindowManager: finishDrawingWindow: Window{c3b8059 u0 com.katsuyamaki.DroidOSLauncher} mDrawState=DRAW_PENDING seqId=0
12-20 00:05:54.669  1401  1645 I WindowManager: Cancelling animation restarting=true, leash=Surface(name=Surface(name=b217ba3 InputMethod)/@0xfd8bc1b - animation-leash of insets_animation)/@0x432bc07
12-20 00:05:54.669  1401  1645 I WindowManager: Reparenting to original parent: Surface(name=WindowToken{c321922 type=2011 android.os.Binder@edfc6ed})/@0x7a81b8, destroy=false, surface=Surface(name=b217ba3 InputMethod)/@0xfd8bc1b
12-20 00:05:54.669  1401  1645 I WindowManager: Reparenting to leash, surface=Surface(name=b217ba3 InputMethod)/@0xfd8bc1b, leashParent=Surface(name=WindowToken{c321922 type=2011 android.os.Binder@edfc6ed})/@0x7a81b8
12-20 00:05:54.669  1401  1645 D WindowManager: makeSurface duration=0 leash=Surface(name=Surface(name=b217ba3 InputMethod)/@0xfd8bc1b - animation-leash of insets_animation)/@0x7fd6309
12-20 00:05:54.670  1401  1645 D WindowManager: Changing focus from Window{c1b1e27 u0 com.katsuyamaki.DroidOSLauncher} to Window{315cb86 u0 com.google.android.googlequicksearchbox/com.google.android.apps.search.assistant.surfaces.voice.robin.main.MainActivity} displayId=0 Callers=com.android.server.wm.WindowState.removeIfPossible:647 com.android.server.wm.Session.remove:16 android.view.IWindowSession$Stub.onTransact:804 com.android.server.wm.Session.onTransact:1 
12-20 00:05:54.670  1401  1645 I WindowManager: Cancelling animation restarting=true, leash=Surface(name=Surface(name=253deac NavigationBar0)/@0x344c78e - animation-leash of insets_animation)/@0xc8bab1f
12-20 00:05:54.670  1401  1645 I WindowManager: Reparenting to original parent: Surface(name=WindowToken{742645f type=2019 android.os.BinderProxy@3f7f8b9})/@0xeea6baf, destroy=false, surface=Surface(name=253deac NavigationBar0)/@0x344c78e
12-20 00:05:54.670  1401  1645 I WindowManager: Reparenting to leash, surface=Surface(name=253deac NavigationBar0)/@0x344c78e, leashParent=Surface(name=WindowToken{742645f type=2019 android.os.BinderProxy@3f7f8b9})/@0xeea6baf
12-20 00:05:54.670  1401  1645 D WindowManager: makeSurface duration=0 leash=Surface(name=Surface(name=253deac NavigationBar0)/@0x344c78e - animation-leash of insets_animation)/@0xd4ac93c
12-20 00:05:54.671  1401  1645 I WindowManager: Cancelling animation restarting=true, leash=Surface(name=Surface(name=7a1affc StatusBar)/@0x9878745 - animation-leash of insets_animation)/@0x5b3ec35
12-20 00:05:54.671  1401  1645 I WindowManager: Reparenting to original parent: Surface(name=WindowToken{ea68ef type=2000 android.os.BinderProxy@acba6c9})/@0xe49ce9a, destroy=false, surface=Surface(name=7a1affc StatusBar)/@0x9878745
12-20 00:05:54.671  1401  1645 I WindowManager: Reparenting to leash, surface=Surface(name=7a1affc StatusBar)/@0x9878745, leashParent=Surface(name=WindowToken{ea68ef type=2000 android.os.BinderProxy@acba6c9})/@0xe49ce9a
12-20 00:05:54.671  1401  1645 D WindowManager: makeSurface duration=0 leash=Surface(name=Surface(name=7a1affc StatusBar)/@0x9878745 - animation-leash of insets_animation)/@0x29026c5
12-20 00:05:54.671  1401  1645 D WindowManager: updateSystemBarAttributes: displayId=0, focusedCanBeNavColorWin=false, win=Window{315cb86 u0 com.google.android.googlequicksearchbox/com.google.android.apps.search.assistant.surfaces.voice.robin.main.MainActivity}, navColorWin=Window{8d8ec89 u0 com.sec.android.app.launcher/com.sec.android.app.launcher.activities.LauncherActivity}, caller=com.android.server.wm.WindowManagerService.updateFocusedWindowLocked:372 com.android.server.wm.WindowState.removeIfPossible:647 com.android.server.wm.Session.remove:16 
12-20 00:05:54.671  1401  1645 D WindowManager: updateSystemBarAttributes, bhv=1, apr=1048576, statusBarAprRegions=[AppearanceRegion{ bounds=[0,0][1080,2520]}], requestedVisibilities=-9
12-20 00:05:54.676  1401  2151 D InputDispatcher: Focus left window (0): c1b1e27 com.katsuyamaki.DroidOSLauncher
12-20 00:05:54.685  1401  2251 D InputDispatcher: Once focus requested (0): 315cb86 com.google.android.googlequicksearchbox/com.google.android.apps.search.assistant.surfaces.voice.robin.main.MainActivity
12-20 00:05:54.685  1401  2251 D InputDispatcher: Focus entered window (0): 315cb86 com.google.android.googlequicksearchbox/com.google.android.apps.search.assistant.surfaces.voice.robin.main.MainActivity
12-20 00:05:54.689  1401  2151 D InputMethodManagerService: isImeSwitcherDisabledPackage : false
12-20 00:05:54.689  1401  2151 D InputMethodManagerService: shouldShowImeSwitcherLocked : checking vis : 3
12-20 00:05:54.689  1401  2151 D InputMethodManagerService: checkDisplayOfStartInputAndUpdateKeyboard: displayId=0, mFocusedDisplayId=0
12-20 00:05:54.876  1401  2590 D WindowManager: Transition is created, t=TransitionRecord{7fd9dcc id=-1 type=CHANGE flags=0x0}, caller=com.android.server.wm.Transition.<init>:182 com.android.server.wm.ActivityTaskManagerService.resizeTask:129 com.android.server.am.ActivityManagerShellCommand.runTask:220 com.android.server.am.ActivityManagerShellCommand.onCommand:1690 com.android.modules.utils.BasicShellCommandHandler.exec:97 
12-20 00:05:54.876  1401  2590 D WindowManager: prepareSync <SYNC_STATE_WAITING_FOR_DRAW>, mPrepareSyncSeqId=0, win=Window{dea7911 u0 com.termux/com.termux.app.TermuxActivity}
12-20 00:05:55.039  1401  1645 D WindowManager: Transition is created, t=TransitionRecord{9805ac4 id=-1 type=CHANGE flags=0x0}, caller=com.android.server.wm.Transition.<init>:182 com.android.server.wm.ActivityTaskManagerService.resizeTask:129 com.android.server.am.ActivityManagerShellCommand.runTask:220 com.android.server.am.ActivityManagerShellCommand.onCommand:1690 com.android.modules.utils.BasicShellCommandHandler.exec:97 
12-20 00:05:55.039  1401  1645 D WindowManager: prepareSync <SYNC_STATE_WAITING_FOR_DRAW>, mPrepareSyncSeqId=0, win=Window{315cb86 u0 com.google.android.googlequicksearchbox/com.google.android.apps.search.assistant.surfaces.voice.robin.main.MainActivity}
12-20 00:05:55.430  1401  1401 D InputDispatcher: Inject motion (0/0): action=0x0, time=185523271518000, f=0x0, d=0 dsdx=1.000000 dtdx=0.000000
12-20 00:05:55.432  1401  1700 I InputDispatcher: Delivering touch to (3972): action: 0x4, f=0x0, d=0, 'c3b8059', t=1 
12-20 00:05:55.432  1401  1700 I InputDispatcher: Delivering touch to (2045): action: 0x4, f=0x0, d=0, '253deac', t=1 
12-20 00:05:55.432  1401  1700 I InputDispatcher: Delivering touch to (13489): action: 0x0, f=0x0, d=0, 'dea7911', t=1 +(0,-116)
12-20 00:05:55.439  1401  1544 D WindowManager: Transition is created, t=TransitionRecord{42dceeb id=-1 type=TO_FRONT flags=0x0}, caller=com.android.server.wm.Transition.<init>:182 com.android.server.wm.TransitionController.createTransition:17 com.android.server.wm.ActivityTaskManagerService.setFocusedTask:29 com.android.server.wm.WindowManagerService.handleTaskFocusChange:62 com.android.server.wm.WindowState.handleTapOutsideFocusInsideSelf:18 
12-20 00:05:55.448  1401  1544 D InputDispatcher: Focused application(0): ActivityRecord{147709724 u0 com.termux/.app.TermuxActivity t18195}
12-20 00:05:55.449  1401  1544 D WindowManager: Changing focus from Window{315cb86 u0 com.google.android.googlequicksearchbox/com.google.android.apps.search.assistant.surfaces.voice.robin.main.MainActivity} to Window{dea7911 u0 com.termux/com.termux.app.TermuxActivity} displayId=0 Callers=com.android.server.wm.ActivityTaskManagerService.setLastResumedActivityUncheckLocked:264 com.android.server.wm.ActivityTaskSupervisor.updateTopResumedActivityIfNeeded:49 com.android.server.wm.TaskDisplayArea.positionChildAt:252 com.android.server.wm.Task.moveToFront:40 
12-20 00:05:55.449  1401  1544 D WindowManager: updateSystemBarAttributes: displayId=0, focusedCanBeNavColorWin=false, win=Window{dea7911 u0 com.termux/com.termux.app.TermuxActivity}, navColorWin=Window{8d8ec89 u0 com.sec.android.app.launcher/com.sec.android.app.launcher.activities.LauncherActivity}, caller=com.android.server.wm.WindowManagerService.updateFocusedWindowLocked:372 com.android.server.wm.ActivityTaskManagerService.setLastResumedActivityUncheckLocked:264 com.android.server.wm.ActivityTaskSupervisor.updateTopResumedActivityIfNeeded:49 
12-20 00:05:55.449  1401  1544 D WindowManager: updateSystemBarAttributes, bhv=1, apr=1048576, statusBarAprRegions=[AppearanceRegion{ bounds=[0,0][1080,2520]}], requestedVisibilities=-1
12-20 00:05:55.450  1401  2251 E InputDispatcher: Embedded{TaskInputSink of Surface(name=Decor container of Task=18331)/@0x5c6c553} has feature NO_INPUT_WINDOW, but a non-null token. Clearing
12-20 00:05:55.468  1401  2151 D InputDispatcher: Once focus requested (0): dea7911 com.termux/com.termux.app.TermuxActivity
12-20 00:05:55.468  1401  2151 D InputDispatcher: Focus left window (0): 315cb86 com.google.android.googlequicksearchbox/com.google.android.apps.search.assistant.surfaces.voice.robin.main.MainActivity
12-20 00:05:55.468  1401  2151 D InputDispatcher: Focus entered window (0): dea7911 com.termux/com.termux.app.TermuxActivity
12-20 00:05:55.479  1401  1401 D InputDispatcher: Inject motion (0/0): action=0x1, time=185523321698000, f=0x0, d=0 dsdx=1.000000 dtdx=0.000000
12-20 00:05:55.479  1401  1700 I InputDispatcher: Delivering touch to (13489): action: 0x1, f=0x0, d=0, 'dea7911', t=1 +(0,-116)
12-20 00:05:55.484  1401  1763 D InputMethodManagerService: isImeSwitcherDisabledPackage : false
12-20 00:05:55.484  1401  1763 D InputMethodManagerService: shouldShowImeSwitcherLocked : checking vis : 3
12-20 00:05:55.485  1401  1763 D InputMethodManagerService: checkDisplayOfStartInputAndUpdateKeyboard: displayId=0, mFocusedDisplayId=0
12-20 00:05:55.486  1401  1763 D InputMethodManagerService: ACCESS_CONTROL_ENABLED = false, ACCESS_CONTROL_KEYBOARD_BLOCK = true
12-20 00:05:55.491  1401  1763 I ActivityManager: Changes in 10332 7 to 5, 128 to 255
12-20 00:05:55.493  1401  2591 I InputMethodManagerService: isAccessoryKeyboard 0
12-20 00:05:55.494  1401  2251 I InputMethodManagerService: isAccessoryKeyboard 0
12-20 00:05:55.496  1401  1763 I InputMethodManagerService: attachNewInputLocked: showCurrentInputInternal, softInputModeState=STATE_UNSPECIFIED|ADJUST_RESIZE|IS_FORWARD_NAVIGATION
12-20 00:05:55.506  1401  3509 D InputMethodManagerService: isImeSwitcherDisabledPackage : false
12-20 00:05:55.507  1401  2151 I WindowManager: Relayout Window{5b7421b u0 com.android.systemui.wallpapers.ImageWallpaper}: viewVisibility=0 req=2486x2520 ty=2013 d0
12-20 00:05:55.508  1401  3509 D InputMethodManagerService: shouldShowImeSwitcherLocked : checking vis : 3
12-20 00:05:55.508  1401  3509 I InputMethodManagerService: setImeWindowStatus: vis=3, backDisposition=0
12-20 00:05:55.508  1401  2151 I WindowManager: Relayout hash=5b7421b, pid=2045, syncId=-1: mAttrs={(0,0)(2486x2520) gr=TOP START CENTER layoutInDisplayCutoutMode=always ty=WALLPAPER fmt=RGBX_8888 wanim=0x1030328
12-20 00:05:55.508  1401  2151 I WindowManager:   fl=14318
12-20 00:05:55.508  1401  2151 I WindowManager:   pfl=14
12-20 00:05:55.508  1401  2151 I WindowManager:   bhv=1
12-20 00:05:55.508  1401  2151 I WindowManager:   frameRateBoostOnTouch=true
12-20 00:05:55.508  1401  2151 I WindowManager:   dvrrWindowFrameRateHint=true naviIconColor=0
12-20 00:05:55.508  1401  2151 I WindowManager:   sfl=8}
12-20 00:05:55.517  1401  1544 D InputMethodManagerService: ACCESS_CONTROL_ENABLED = false, ACCESS_CONTROL_KEYBOARD_BLOCK = true
12-20 00:05:55.518  1401  3703 I WindowManager: Relayout Window{b217ba3 u0 InputMethod}: viewVisibility=0 req=1080x2404 ty=2011 d0
12-20 00:05:55.518  1401  3703 D WindowManager: makeSurface duration=0 name=InputMethod$_15168
12-20 00:05:55.534  1401  3703 I WindowManager: Relayout hash=b217ba3, pid=15168, syncId=-1: mAttrs={(0,0)(fillxfill) gr=BOTTOM CENTER_VERTICAL sim={adjust=pan} ty=INPUT_METHOD fmt=TRANSPARENT wanim=0x1030056 preferredMinDisplayRefreshRate=60.0 receive insets ignoring z-order
12-20 00:05:55.534  1401  3703 I WindowManager:   fl=81800108
12-20 00:05:55.534  1401  3703 I WindowManager:   pfl=14000000
12-20 00:05:55.534  1401  3703 I WindowManager:   bhv=1
12-20 00:05:55.534  1401  3703 I WindowManager:   fitTypes=3
12-20 00:05:55.534  1401  3703 I WindowManager:   fitSides=7
12-20 00:05:55.534  1401  3703 I WindowManager:   fitIgnoreVis
12-20 00:05:55.534  1401  3703 I WindowManager:   dvrrWindowFrameRateHint=true
12-20 00:05:55.534  1401  3703 I WindowManager:  dimAmount=0.18 dimDuration=150 naviIconColor=0}
12-20 00:05:55.547  1401  2247 I InputMethodManagerService: isAccessoryKeyboard 0
12-20 00:05:55.547  1401  2590 I InputMethodManagerService: isAccessoryKeyboard 0
12-20 00:05:55.560  1401  3703 D WindowManager: setInsetsWindow Window{b217ba3 u0 InputMethod}, contentInsets=Rect(0, 2329 - 0, 0) -> Rect(0, 1904 - 0, 0), visibleInsets=Rect(0, 2329 - 0, 0) -> Rect(0, 1904 - 0, 0), touchableRegion=SkRegion() -> SkRegion((0,1904,1080,2404)), touchableInsets 3 -> 3
12-20 00:05:55.569  1401  2251 I WindowManager: Relayout Window{5b7421b u0 com.android.systemui.wallpapers.ImageWallpaper}: viewVisibility=0 req=2486x2520 ty=2013 d0
12-20 00:05:55.571  1401  3703 D WindowManager: finishDrawingWindow: Window{b217ba3 u0 InputMethod} mDrawState=DRAW_PENDING seqId=0
12-20 00:05:55.571  1401  2251 I WindowManager: Relayout hash=5b7421b, pid=2045, syncId=-1: mAttrs={(0,0)(2486x2520) gr=TOP START CENTER layoutInDisplayCutoutMode=always ty=WALLPAPER fmt=RGBX_8888 wanim=0x1030328
12-20 00:05:55.571  1401  2251 I WindowManager:   fl=14318
12-20 00:05:55.571  1401  2251 I WindowManager:   pfl=14
12-20 00:05:55.571  1401  2251 I WindowManager:   bhv=1
12-20 00:05:55.571  1401  2251 I WindowManager:   frameRateBoostOnTouch=true
12-20 00:05:55.571  1401  2251 I WindowManager:   dvrrWindowFrameRateHint=true naviIconColor=0
12-20 00:05:55.571  1401  2251 I WindowManager:   sfl=8}
12-20 00:05:55.592  1401  2590 D WindowManager: finishDrawingWindow: Window{b217ba3 u0 InputMethod} mDrawState=HAS_DRAWN seqId=0
12-20 00:05:55.598  1401  2591 I WindowManager: Relayout Window{5b7421b u0 com.android.systemui.wallpapers.ImageWallpaper}: viewVisibility=0 req=2486x2520 ty=2013 d0
12-20 00:05:55.602  1401  2591 I WindowManager: Relayout hash=5b7421b, pid=2045, syncId=-1: mAttrs={(0,0)(2486x2520) gr=TOP START CENTER layoutInDisplayCutoutMode=always ty=WALLPAPER fmt=RGBX_8888 wanim=0x1030328
12-20 00:05:55.602  1401  2591 I WindowManager:   fl=14318
12-20 00:05:55.602  1401  2591 I WindowManager:   pfl=14
12-20 00:05:55.602  1401  2591 I WindowManager:   bhv=1
12-20 00:05:55.602  1401  2591 I WindowManager:   frameRateBoostOnTouch=true
12-20 00:05:55.602  1401  2591 I WindowManager:   dvrrWindowFrameRateHint=true naviIconColor=0
12-20 00:05:55.602  1401  2591 I WindowManager:   sfl=8}
12-20 00:05:56.672  1401  2724 I ActivityManager: Process com.samsung.euicc (pid 3576) has died: fg  SVC (703,2155)
12-20 00:05:56.935  1401  1401 D InputDispatcher: Inject motion (0/0): action=0x0, time=185524771216000, f=0x0, d=0 dsdx=1.000000 dtdx=0.000000
12-20 00:05:56.936  1401  1700 I InputDispatcher: Delivering touch to (3972): action: 0x4, f=0x0, d=0, 'c3b8059', t=1 
12-20 00:05:56.936  1401  1700 I InputDispatcher: Delivering touch to (2045): action: 0x4, f=0x0, d=0, '253deac', t=1 
12-20 00:05:56.937  1401  1700 I InputDispatcher: Delivering touch to (13489): action: 0x0, f=0x0, d=0, 'dea7911', t=1 +(0,-116)
12-20 00:05:56.946  1401  1469 E InputDispatcher: Embedded{TaskInputSink of Surface(name=Decor container of Task=18195)/@0x417d4e1} has feature NO_INPUT_WINDOW, but a non-null token. Clearing
12-20 00:05:57.018  1401  1401 D InputDispatcher: Inject motion (0/0): action=0x1, time=185524861637000, f=0x0, d=0 dsdx=1.000000 dtdx=0.000000
12-20 00:05:57.019  1401  1700 I InputDispatcher: Delivering touch to (13489): action: 0x1, f=0x0, d=0, 'dea7911', t=1 +(0,-116)
12-20 00:05:57.902  1401  1401 D InputDispatcher: Inject motion (0/0): action=0x0, time=185525744257000, f=0x0, d=0 dsdx=1.000000 dtdx=0.000000
12-20 00:05:57.903  1401  1700 I InputDispatcher: Delivering touch to (3972): action: 0x4, f=0x0, d=0, 'c3b8059', t=1 
12-20 00:05:57.903  1401  1700 I InputDispatcher: Delivering touch to (2045): action: 0x4, f=0x0, d=0, '253deac', t=1 
12-20 00:05:57.903  1401  1700 I InputDispatcher: Delivering touch to (15168): action: 0x0, f=0x0, d=0, 'b217ba3', t=1 +(0,-116)
