12-22 20:15:17.176  1423  4807 I WindowManager:         InsetsFrameProvider: {id=#e0c00001, index=0, type=navigationBars, source=FRAME, flags=[SUPPRESS_SCRIM], insetsSize=Insets{left=0, top=0, right=0, bottom=38}, insetsSizeOverrides=[TypedInsetsSize: {windowType=INPUT_METHOD, insetsSize=Insets{left=0, top=0, right=0, bottom=38}}]}
12-22 20:15:17.176  1423  4807 I WindowManager:         InsetsFrameProvider: {id=#e0c00006, index=0, type=tappableElement, source=FRAME, flags=[], insetsSize=Insets{left=0, top=0, right=0, bottom=0}}
12-22 20:15:17.176  1423  4807 I WindowManager:         InsetsFrameProvider: {id=#e0c00005, index=0, type=mandatorySystemGestures, source=FRAME, flags=[], insetsSize=Insets{left=0, top=0, right=0, bottom=50}}
12-22 20:15:17.176  1423  4807 I WindowManager:         InsetsFrameProvider: {id=#e0c00004, index=0, type=systemGestures, source=DISPLAY, flags=[], insetsSize=Insets{left=46, top=0, right=0, bottom=0}, mMinimalInsetsSizeInDisplayCutoutSafe=Insets{left=46, top=0, right=0, bottom=0}}
12-22 20:15:17.176  1423  4807 I WindowManager:         InsetsFrameProvider: {id=#e0c00024, index=1, type=systemGestures, source=DISPLAY, flags=[], insetsSize=Insets{left=0, top=0, right=46, bottom=0}, mMinimalInsetsSizeInDisplayCutoutSafe=Insets{left=0, top=0, right=46, bottom=0}}
12-22 20:15:17.176  1423  4807 I WindowManager:       frameRateBoostOnTouch=true
12-22 20:15:17.176  1423  4807 I WindowManager:       dvrrWindowFrameRateHint=true naviIconColor=0} naviIconColor=0}
12-22 20:15:17.356  1423  1555 I ActivityManager: Changes in 10100 19 to 11, 0 to 128
12-22 20:15:17.359  1423  2230 I ActivityManager: Changes in 10100 11 to 19, 128 to 0
12-22 20:15:17.480  1423  1550 I WindowManager: Reparenting to original parent: Surface(name=WindowToken{fa577c5 type=2005 android.os.Binder@10ebe3c})/@0x468487a, destroy=true, surface=Surface(name=52cdc35 Toast)/@0x4e3ca5
12-22 20:15:18.652  1423  1549 W WindowManager: Unable to start animation, surface is null or no children.
12-22 20:15:19.831  1423  1423 D InputDispatcher: Inject motion (0/0): action=0x0, time=31079433407000, f=0x0, d=1 dsdx=1.500000 dtdx=-0.000000
12-22 20:15:19.831  1423  1695 I InputDispatcher: Delivering touch to (2022): action: 0x4, f=0x0, d=1, 'a93450e', t=1 
12-22 20:15:19.831  1423  1695 I InputDispatcher: Delivering touch to (2022): action: 0x0, f=0x0, d=1, 'e382cc2', t=1 +(0,-35)*(1.50)
12-22 20:15:19.916  1423  1423 D InputDispatcher: Inject motion (0/0): action=0x1, time=31079519891000, f=0x0, d=1 dsdx=1.500000 dtdx=-0.000000
12-22 20:15:19.916  1423  1695 I InputDispatcher: Delivering touch to (2022): action: 0x1, f=0x0, d=1, 'e382cc2', t=1 +(0,-35)*(1.50)
12-22 20:15:20.005  1423  4807 D WindowManager: Transition is created, t=TransitionRecord{aa0f543 id=-1 type=OPEN flags=0x0}, caller=com.android.server.wm.Transition.<init>:182 com.android.server.wm.TransitionController.createAndStartCollecting:106 com.android.server.wm.ActivityStarter.executeRequest:3537 com.android.server.wm.ActivityStarter.execute:1873 com.android.server.wm.ActivityTaskManagerService.startActivityAsUser:87 
12-22 20:15:20.013  2022  2160 D ViewRootImpl: desktopMode is false
12-22 20:15:20.014  2022  2160 I ViewRootImpl: dVRR is disabled
12-22 20:15:20.014  1423  4807 D WindowManager: prepareSync <SYNC_STATE_WAITING_FOR_DRAW>, mPrepareSyncSeqId=0, win=Window{e382cc2 u0 SubLauncherWindow}
12-22 20:15:20.014  1423  4807 D WindowManager: prepareSync <SYNC_STATE_WAITING_FOR_DRAW>, mPrepareSyncSeqId=0, win=Window{9a3d1c6 u0 com.android.systemui/com.android.systemui.subscreen.SubHomeActivity}
12-22 20:15:20.016  1423  4807 I WindowManager: getCoverScreenRotation 0, sensor= 0, isFlat=false, isDual=false
12-22 20:15:20.021  1423  2886 D WindowManager: prepareSync <SYNC_STATE_WAITING_FOR_DRAW>, mPrepareSyncSeqId=0, win=Window{b0c97ab u0 Splash Screen com.katsuyamaki.DroidOSLauncher}
12-22 20:15:20.023  1423  1855 I ActivityManager: Changes in 10333 19 to 6, 0 to 128
12-22 20:15:20.024  1423  2229 I WindowManager: getCoverScreenRotation 0, sensor= 0, isFlat=false, isDual=false
12-22 20:15:20.026  1423  2229 D InputDispatcher: Focused application(1): ActivityRecord{102041536 u0 com.katsuyamaki.DroidOSLauncher/com.example.quadrantlauncher.MainActivity t19240}
12-22 20:15:20.026  1423  2229 D WindowManager: Changing focus from Window{e382cc2 u0 SubLauncherWindow} to null displayId=1 Callers=com.android.server.wm.ActivityTaskManagerService.setLastResumedActivityUncheckLocked:264 com.android.server.wm.ActivityTaskSupervisor.updateTopResumedActivityIfNeeded:49 com.android.server.wm.TaskFragment.setResumedActivity:30 com.android.server.wm.ActivityRecord.setState:100 
12-22 20:15:20.026  1423  2229 I WindowManager: Cancelling animation restarting=true, leash=Surface(name=Surface(name=a93450e NavigationBar1)/@0xe8ece9 - animation-leash of insets_animation)/@0x5ec8430
12-22 20:15:20.026  1423  2229 I WindowManager: Reparenting to original parent: Surface(name=WindowToken{413bf09 type=2019 android.os.BinderProxy@2eac4d3})/@0x920d6e, destroy=false, surface=Surface(name=a93450e NavigationBar1)/@0xe8ece9
12-22 20:15:20.026  1423  2229 I WindowManager: Reparenting to leash, surface=Surface(name=a93450e NavigationBar1)/@0xe8ece9, leashParent=Surface(name=WindowToken{413bf09 type=2019 android.os.BinderProxy@2eac4d3})/@0x920d6e
12-22 20:15:20.026  1423  2229 D WindowManager: makeSurface duration=0 leash=Surface(name=Surface(name=a93450e NavigationBar1)/@0xe8ece9 - animation-leash of insets_animation)/@0xa7fca52
12-22 20:15:20.029  1423  2697 I WindowManager: Relayout Window{b0c97ab u0 Splash Screen com.katsuyamaki.DroidOSLauncher}: viewVisibility=0 req=1422x1169 ty=3 d1
12-22 20:15:20.030  1423  2697 D WindowManager: makeSurface duration=0 name=Splash Screen com.katsuyamaki.DroidOSLauncher$_2022
12-22 20:15:20.031  1423  2697 I WindowManager: Relayout hash=b0c97ab, pid=2022, syncId=-1: mAttrs={(0,0)(fillxfill) sim={adjust=pan} ty=APPLICATION_STARTING fmt=TRANSLUCENT wanim=0x1030317
12-22 20:15:20.031  1423  2697 I WindowManager:   fl=81030118
12-22 20:15:20.031  1423  2697 I WindowManager:   pfl=10000010
12-22 20:15:20.031  1423  2697 I WindowManager:   bhv=1
12-22 20:15:20.031  1423  2697 I WindowManager:   fitSides=0
12-22 20:15:20.031  1423  2697 I WindowManager:   frameRateBoostOnTouch=true
12-22 20:15:20.031  1423  2697 I WindowManager:   dvrrWindowFrameRateHint=true naviIconColor=0}
12-22 20:15:20.032  1423  2229 D InputDispatcher: Focus left window (1): e382cc2 SubLauncherWindow
12-22 20:15:20.037  1423  2784 D InputDispatcher: Focused application(1): ActivityRecord{260071160 u0 com.android.systemui/.subscreen.SubHomeActivity t9}
12-22 20:15:20.037  1423  2784 D WindowManager: Changing focus from null to Window{e382cc2 u0 SubLauncherWindow} displayId=1 Callers=com.android.server.wm.ActivityTaskManagerService.setLastResumedActivityUncheckLocked:264 com.android.server.wm.ActivityTaskSupervisor.updateTopResumedActivityIfNeeded:49 com.android.server.wm.TaskFragment.setResumedActivity:30 com.android.server.wm.ActivityRecord.setState:100 
12-22 20:15:20.037  1423  2784 I WindowManager: Cancelling animation restarting=true, leash=Surface(name=Surface(name=a93450e NavigationBar1)/@0xe8ece9 - animation-leash of insets_animation)/@0xa7fca52
12-22 20:15:20.037  1423  2784 I WindowManager: Reparenting to original parent: Surface(name=WindowToken{413bf09 type=2019 android.os.BinderProxy@2eac4d3})/@0x920d6e, destroy=false, surface=Surface(name=a93450e NavigationBar1)/@0xe8ece9
12-22 20:15:20.037  1423  2784 I WindowManager: Reparenting to leash, surface=Surface(name=a93450e NavigationBar1)/@0xe8ece9, leashParent=Surface(name=WindowToken{413bf09 type=2019 android.os.BinderProxy@2eac4d3})/@0x920d6e
12-22 20:15:20.038  1423  2784 D WindowManager: makeSurface duration=0 leash=Surface(name=Surface(name=a93450e NavigationBar1)/@0xe8ece9 - animation-leash of insets_animation)/@0xabeec95
12-22 20:15:20.038  1423  2784 I WindowManager: getCoverScreenRotation 0, sensor= 0, isFlat=false, isDual=false
12-22 20:15:20.040  1423  4806 D WindowManager: finishDrawingWindow: Window{b0c97ab u0 Splash Screen com.katsuyamaki.DroidOSLauncher} mDrawState=DRAW_PENDING seqId=0
12-22 20:15:20.041  2022  2022 I WindowManager: WindowManagerGlobal#addView, ty=2005, view=android.widget.LinearLayout{7acabe3 V.E...... ......I. 0,0-0,0}, caller=android.view.WindowManagerImpl.addView:158 android.widget.ToastPresenter.addToastView:424 android.widget.ToastPresenter.show:325 
12-22 20:15:20.041  2022  2022 D ViewRootImpl: desktopMode is false
12-22 20:15:20.041  2022  2022 I ViewRootImpl: dVRR is disabled
12-22 20:15:20.048  1423  4807 I WindowManager: Relayout Window{745dc77 u0 Toast}: viewVisibility=0 req=343x69 ty=2005 d1
12-22 20:15:20.048  1423  4807 D WindowManager: makeSurface duration=0 name=Toast$_2022
12-22 20:15:20.049  1423  4807 I WindowManager: Relayout hash=745dc77, pid=2022, syncId=-1: mAttrs={(0,50)(wrapxwrap) gr=BOTTOM CENTER sim={adjust=pan} ty=TOAST fmt=TRANSLUCENT wanim=0x1030004 receive insets ignoring z-order
12-22 20:15:20.049  1423  4807 I WindowManager:   fl=1000098
12-22 20:15:20.049  1423  4807 I WindowManager:   pfl=30000000
12-22 20:15:20.049  1423  4807 I WindowManager:   bhv=1
12-22 20:15:20.049  1423  4807 I WindowManager:   fitTypes=20f
12-22 20:15:20.049  1423  4807 I WindowManager:   fitIgnoreVis
12-22 20:15:20.049  1423  4807 I WindowManager:   frameRateBoostOnTouch=true
12-22 20:15:20.049  1423  4807 I WindowManager:   dvrrWindowFrameRateHint=true naviIconColor=0}
12-22 20:15:20.053  1423  1635 D WindowManager: Starting window removed Window{b0c97ab u0 Splash Screen com.katsuyamaki.DroidOSLauncher}
12-22 20:15:20.055  1423  4807 W WindowManager: Failed looking up window session=Session{eef2b83 2022:u0a10055} callers=com.android.server.wm.WindowManagerService.windowForClientLocked:1 com.android.server.wm.WindowManagerService.relayoutWindow:84 com.android.server.wm.Session.relayout:27 
12-22 20:15:20.057  1423  2784 D InputDispatcher: Once focus requested (1): e382cc2 SubLauncherWindow
12-22 20:15:20.057  1423  2784 D InputDispatcher: Focus request (1): e382cc2 SubLauncherWindow but waiting because NO_WINDOW
12-22 20:15:20.057  1423  1635 D InputDispatcher: Focus entered window (1): e382cc2 SubLauncherWindow
12-22 20:15:20.058  1423  2784 W WindowManager: Failed looking up window session=Session{eef2b83 2022:u0a10055} callers=com.android.server.wm.WindowManagerService.windowForClientLocked:1 com.android.server.wm.Session.setOnBackInvokedCallbackInfo:15 android.view.IWindowSession$Stub.onTransact:1390 
12-22 20:15:20.058  1423  2784 I WindowManager: setOnBackInvokedCallback(): No window state for package:com.android.systemui
12-22 20:15:20.058  1423  4807 W WindowManager: Cannot find window which accessibility connection is added to
12-22 20:15:20.058  1423  2784 W WindowManager: Failed looking up window session=Session{eef2b83 2022:u0a10055} callers=com.android.server.wm.Session.remove:10 android.view.IWindowSession$Stub.onTransact:804 com.android.server.wm.Session.onTransact:1 
12-22 20:15:20.070  1423  4807 D WindowManager: finishDrawingWindow: Window{745dc77 u0 Toast} mDrawState=DRAW_PENDING seqId=0
12-22 20:15:20.070  1423  1550 I WindowManager: Reparenting to leash, surface=Surface(name=745dc77 Toast)/@0xd680c81, leashParent=Surface(name=WindowToken{82c399e type=2005 android.os.Binder@5fc6bd9})/@0x5e2d126
12-22 20:15:20.070  1423  1550 D WindowManager: makeSurface duration=0 leash=Surface(name=Surface(name=745dc77 Toast)/@0xd680c81 - animation-leash of window_animation)/@0x6b0d167
12-22 20:15:20.072  1423  4807 I WindowManager: Relayout Window{9a3d1c6 u0 com.android.systemui/com.android.systemui.subscreen.SubHomeActivity}: viewVisibility=0 req=1422x1500 ty=1 d1
12-22 20:15:20.072  1423  4807 I WindowManager: Relayout hash=9a3d1c6, pid=2022, syncId=-1: mAttrs={(0,0)(fillxfill) sim={adjust=resize forwardNavigation} layoutInDisplayCutoutMode=always ty=BASE_APPLICATION fmt=TRANSPARENT if=INPUT_FEATURE_DISABLE_USER_ACTIVITY userActivityTimeout=30000
12-22 20:15:20.072  1423  4807 I WindowManager:   fl=81910100
12-22 20:15:20.072  1423  4807 I WindowManager:   pfl=10008850
12-22 20:15:20.072  1423  4807 I WindowManager:   bhv=1
12-22 20:15:20.072  1423  4807 I WindowManager:   fitSides=0
12-22 20:15:20.072  1423  4807 I WindowManager:   frameRateBoostOnTouch=true
12-22 20:15:20.072  1423  4807 I WindowManager:   dvrrWindowFrameRateHint=true screenDimDuration=0 naviIconColor=0}
12-22 20:15:20.075  1423  1754 I InputMethodManagerService: startInputUncheckedLocked: Rejecting unbind/bind in case of no editor in cover screen.
12-22 20:15:20.580  1423  1550 I WindowManager: Reparenting to original parent: Surface(name=WindowToken{82c399e type=2005 android.os.Binder@5fc6bd9})/@0x5e2d126, destroy=true, surface=Surface(name=745dc77 Toast)/@0xd680c81
12-22 20:15:20.708  1423  1423 D InputDispatcher: Inject motion (0/0): action=0x0, time=31080310883000, f=0x0, d=1 dsdx=1.500000 dtdx=-0.000000
12-22 20:15:20.709  1423  1695 I InputDispatcher: Delivering touch to (2022): action: 0x4, f=0x0, d=1, 'a93450e', t=1 
12-22 20:15:20.709  1423  1695 I InputDispatcher: Delivering touch to (2022): action: 0x0, f=0x0, d=1, 'e382cc2', t=1 +(0,-35)*(1.50)
12-22 20:15:20.792  1423  1423 D InputDispatcher: Inject motion (0/0): action=0x1, time=31080395234000, f=0x0, d=1 dsdx=1.500000 dtdx=-0.000000
12-22 20:15:20.792  1423  1695 I InputDispatcher: Delivering touch to (2022): action: 0x1, f=0x0, d=1, 'e382cc2', t=1 +(0,-35)*(1.50)
12-22 20:15:20.888  1423  2266 D WindowManager: Transition is created, t=TransitionRecord{84d297b id=-1 type=OPEN flags=0x0}, caller=com.android.server.wm.Transition.<init>:182 com.android.server.wm.TransitionController.createAndStartCollecting:106 com.android.server.wm.ActivityStarter.executeRequest:3537 com.android.server.wm.ActivityStarter.execute:1873 com.android.server.wm.ActivityTaskManagerService.startActivityAsUser:87 
12-22 20:15:20.900  1423  2266 D WindowManager: prepareSync <SYNC_STATE_WAITING_FOR_DRAW>, mPrepareSyncSeqId=0, win=Window{e382cc2 u0 SubLauncherWindow}
12-22 20:15:20.900  1423  2266 D WindowManager: prepareSync <SYNC_STATE_WAITING_FOR_DRAW>, mPrepareSyncSeqId=0, win=Window{9a3d1c6 u0 com.android.systemui/com.android.systemui.subscreen.SubHomeActivity}
12-22 20:15:20.901  1423  2266 I WindowManager: getCoverScreenRotation 0, sensor= 0, isFlat=false, isDual=false
12-22 20:15:20.902  2022  2160 D ViewRootImpl: desktopMode is false
12-22 20:15:20.902  2022  2160 I ViewRootImpl: dVRR is disabled
12-22 20:15:20.905  1423  1635 D WindowManager: prepareSync <SYNC_STATE_WAITING_FOR_DRAW>, mPrepareSyncSeqId=0, win=Window{aa1da86 u0 Splash Screen com.katsuyamaki.DroidOSTrackpadKeyboard}
12-22 20:15:20.913  1423  2228 I WindowManager: getCoverScreenRotation 0, sensor= 0, isFlat=false, isDual=false
12-22 20:15:20.915  1423  2228 D InputDispatcher: Focused application(1): ActivityRecord{195056536 u0 com.katsuyamaki.DroidOSTrackpadKeyboard/com.example.coverscreentester.MainActivity t19241}
12-22 20:15:20.915  1423  2228 D WindowManager: Changing focus from Window{e382cc2 u0 SubLauncherWindow} to null displayId=1 Callers=com.android.server.wm.ActivityTaskManagerService.setLastResumedActivityUncheckLocked:264 com.android.server.wm.ActivityTaskSupervisor.updateTopResumedActivityIfNeeded:49 com.android.server.wm.TaskFragment.setResumedActivity:30 com.android.server.wm.ActivityRecord.setState:100 
12-22 20:15:20.915  1423  2228 I WindowManager: Cancelling animation restarting=true, leash=Surface(name=Surface(name=a93450e NavigationBar1)/@0xe8ece9 - animation-leash of insets_animation)/@0xabeec95
12-22 20:15:20.915  1423  2228 I WindowManager: Reparenting to original parent: Surface(name=WindowToken{413bf09 type=2019 android.os.BinderProxy@2eac4d3})/@0x920d6e, destroy=false, surface=Surface(name=a93450e NavigationBar1)/@0xe8ece9
12-22 20:15:20.915  1423  2228 I WindowManager: Reparenting to leash, surface=Surface(name=a93450e NavigationBar1)/@0xe8ece9, leashParent=Surface(name=WindowToken{413bf09 type=2019 android.os.BinderProxy@2eac4d3})/@0x920d6e
12-22 20:15:20.915  1423  2228 D WindowManager: makeSurface duration=1 leash=Surface(name=Surface(name=a93450e NavigationBar1)/@0xe8ece9 - animation-leash of insets_animation)/@0x63ca03f
12-22 20:15:20.918  1423  2266 I WindowManager: Relayout Window{aa1da86 u0 Splash Screen com.katsuyamaki.DroidOSTrackpadKeyboard}: viewVisibility=0 req=1422x1169 ty=3 d1
12-22 20:15:20.918  1423  2266 D WindowManager: makeSurface duration=0 name=Splash Screen com.katsuyamaki.DroidOSTrackpadKeyboard$_2022
12-22 20:15:20.919  1423  2266 I WindowManager: Relayout hash=aa1da86, pid=2022, syncId=-1: mAttrs={(0,0)(fillxfill) sim={adjust=pan} ty=APPLICATION_STARTING fmt=TRANSLUCENT wanim=0x1030317
12-22 20:15:20.919  1423  2266 I WindowManager:   fl=81030118
12-22 20:15:20.919  1423  2266 I WindowManager:   pfl=10000010
12-22 20:15:20.919  1423  2266 I WindowManager:   bhv=1
12-22 20:15:20.919  1423  2266 I WindowManager:   fitSides=0
12-22 20:15:20.919  1423  2266 I WindowManager:   frameRateBoostOnTouch=true
12-22 20:15:20.919  1423  2266 I WindowManager:   dvrrWindowFrameRateHint=true naviIconColor=0}
12-22 20:15:20.924  1423  1635 D InputDispatcher: Focus left window (1): e382cc2 SubLauncherWindow
12-22 20:15:20.925  1423  1635 D WindowManager: finishDrawingWindow: Window{aa1da86 u0 Splash Screen com.katsuyamaki.DroidOSTrackpadKeyboard} mDrawState=DRAW_PENDING seqId=0
12-22 20:15:20.935  1423  1550 I WindowManager: Cancelling animation restarting=true, leash=Surface(name=Surface(name=a93450e NavigationBar1)/@0xe8ece9 - animation-leash of insets_animation)/@0x63ca03f
12-22 20:15:20.935  1423  1550 I WindowManager: Reparenting to original parent: Surface(name=WindowToken{413bf09 type=2019 android.os.BinderProxy@2eac4d3})/@0x920d6e, destroy=false, surface=Surface(name=a93450e NavigationBar1)/@0xe8ece9
12-22 20:15:20.936  1423  1550 I WindowManager: Reparenting to leash, surface=Surface(name=a93450e NavigationBar1)/@0xe8ece9, leashParent=Surface(name=WindowToken{413bf09 type=2019 android.os.BinderProxy@2eac4d3})/@0x920d6e
12-22 20:15:20.936  1423  1550 D WindowManager: makeSurface duration=0 leash=Surface(name=Surface(name=a93450e NavigationBar1)/@0xe8ece9 - animation-leash of insets_animation)/@0x3edeac2
12-22 20:15:20.936  1423  1550 D WindowManager: updateSystemBarAttributes: displayId=1, focusedCanBeNavColorWin=false, win=Window{aa1da86 u0 Splash Screen com.katsuyamaki.DroidOSTrackpadKeyboard}, navColorWin=Window{aa1da86 u0 Splash Screen com.katsuyamaki.DroidOSTrackpadKeyboard}, caller=com.android.server.wm.DisplayPolicy.finishPostLayoutPolicyLw:17 com.android.server.wm.RootWindowContainer.applySurfaceChangesTransaction$1:195 com.android.server.wm.RootWindowContainer.performSurfacePlacementNoTrace:86 
12-22 20:15:20.936  1423  1550 D WindowManager: updateSystemBarAttributes, bhv=1, apr=0, statusBarAprRegions=[], requestedVisibilities=-9
12-22 20:15:20.936  1423  2229 D WindowManager: Transition is created, t=TransitionRecord{de040d3 id=-1 type=CLOSE flags=0x0}, caller=com.android.server.wm.Transition.<init>:182 com.android.server.wm.TransitionController.createTransition:17 com.android.server.wm.TransitionController.requestCloseTransitionIfNeeded:73 com.android.server.wm.ActivityRecord.finishIfPossible:38 com.android.server.wm.ActivityClientController.finishActivity:268 
12-22 20:15:20.937  1423  2229 D WindowManager: prepareSync <SYNC_STATE_WAITING_FOR_DRAW>, mPrepareSyncSeqId=0, win=Window{aa1da86 u0 Splash Screen com.katsuyamaki.DroidOSTrackpadKeyboard}
12-22 20:15:20.937  1423  2229 I WindowManager: Cancelling animation restarting=true, leash=Surface(name=Surface(name=a93450e NavigationBar1)/@0xe8ece9 - animation-leash of insets_animation)/@0x3edeac2
12-22 20:15:20.937  1423  2229 I WindowManager: Reparenting to original parent: Surface(name=WindowToken{413bf09 type=2019 android.os.BinderProxy@2eac4d3})/@0x920d6e, destroy=false, surface=Surface(name=a93450e NavigationBar1)/@0xe8ece9
12-22 20:15:20.937  1423  2229 I WindowManager: Reparenting to leash, surface=Surface(name=a93450e NavigationBar1)/@0xe8ece9, leashParent=Surface(name=WindowToken{413bf09 type=2019 android.os.BinderProxy@2eac4d3})/@0x920d6e
12-22 20:15:20.937  1423  2229 D WindowManager: makeSurface duration=0 leash=Surface(name=Surface(name=a93450e NavigationBar1)/@0xe8ece9 - animation-leash of insets_animation)/@0x75b9b09
12-22 20:15:20.937  1423  2229 D WindowManager: updateSystemBarAttributes: displayId=1, focusedCanBeNavColorWin=false, win=Window{9a3d1c6 u0 com.android.systemui/com.android.systemui.subscreen.SubHomeActivity}, navColorWin=Window{9a3d1c6 u0 com.android.systemui/com.android.systemui.subscreen.SubHomeActivity}, caller=com.android.server.wm.DisplayPolicy.finishPostLayoutPolicyLw:17 com.android.server.wm.RootWindowContainer.applySurfaceChangesTransaction$1:195 com.android.server.wm.RootWindowContainer.performSurfacePlacementNoTrace:86 
12-22 20:15:20.937  1423  2229 D WindowManager: updateSystemBarAttributes, bhv=1, apr=0, statusBarAprRegions=[], requestedVisibilities=-9
12-22 20:15:20.939  1423  4807 D WindowManager: prepareSync <SYNC_STATE_WAITING_FOR_DRAW>, mPrepareSyncSeqId=0, win=Window{e382cc2 u0 SubLauncherWindow}
12-22 20:15:20.939  1423  4807 D WindowManager: prepareSync <SYNC_STATE_WAITING_FOR_DRAW>, mPrepareSyncSeqId=0, win=Window{9a3d1c6 u0 com.android.systemui/com.android.systemui.subscreen.SubHomeActivity}
12-22 20:15:20.939  1423  4807 D InputDispatcher: Focused application(1): ActivityRecord{260071160 u0 com.android.systemui/.subscreen.SubHomeActivity t9}
12-22 20:15:20.939  1423  4807 D WindowManager: Changing focus from null to Window{e382cc2 u0 SubLauncherWindow} displayId=1 Callers=com.android.server.wm.ActivityTaskManagerService.setLastResumedActivityUncheckLocked:264 com.android.server.wm.ActivityTaskSupervisor.updateTopResumedActivityIfNeeded:49 com.android.server.wm.TaskFragment.setResumedActivity:30 com.android.server.wm.ActivityRecord.setState:100 
12-22 20:15:20.939  1423  4807 I WindowManager: Cancelling animation restarting=true, leash=Surface(name=Surface(name=a93450e NavigationBar1)/@0xe8ece9 - animation-leash of insets_animation)/@0x75b9b09
12-22 20:15:20.939  1423  4807 I WindowManager: Reparenting to original parent: Surface(name=WindowToken{413bf09 type=2019 android.os.BinderProxy@2eac4d3})/@0x920d6e, destroy=false, surface=Surface(name=a93450e NavigationBar1)/@0xe8ece9
12-22 20:15:20.939  1423  4807 I WindowManager: Reparenting to leash, surface=Surface(name=a93450e NavigationBar1)/@0xe8ece9, leashParent=Surface(name=WindowToken{413bf09 type=2019 android.os.BinderProxy@2eac4d3})/@0x920d6e
12-22 20:15:20.939  1423  4807 D WindowManager: makeSurface duration=0 leash=Surface(name=Surface(name=a93450e NavigationBar1)/@0xe8ece9 - animation-leash of insets_animation)/@0x164172f
12-22 20:15:20.940  1423  4807 I WindowManager: getCoverScreenRotation 0, sensor= 0, isFlat=false, isDual=false
12-22 20:15:20.955  1423  1550 I WindowManager: notifyInsetsControlChanged, removed=false, win=Window{aa1da86 u0 Splash Screen com.katsuyamaki.DroidOSTrackpadKeyboard}, caller=com.android.server.wm.InsetsStateController$$ExternalSyntheticLambda1.run:137 com.android.server.wm.WindowAnimator$$ExternalSyntheticLambda2.onTransactionCommitted:26 android.view.SurfaceControl$Transaction$$ExternalSyntheticLambda4.run:0 android.os.Handler.handleCallback:995 android.os.Handler.dispatchMessage:103 android.os.Looper.loopOnce:273 
12-22 20:15:20.956  1423  2266 I WindowManager: Relayout Window{9a3d1c6 u0 com.android.systemui/com.android.systemui.subscreen.SubHomeActivity}: viewVisibility=0 req=1422x1500 ty=1 d1
12-22 20:15:20.956  1423  2266 I WindowManager: Relayout hash=9a3d1c6, pid=2022, syncId=-1: mAttrs={(0,0)(fillxfill) sim={adjust=resize} layoutInDisplayCutoutMode=always ty=BASE_APPLICATION fmt=TRANSPARENT if=INPUT_FEATURE_DISABLE_USER_ACTIVITY userActivityTimeout=30000
12-22 20:15:20.956  1423  2266 I WindowManager:   fl=81910100
12-22 20:15:20.956  1423  2266 I WindowManager:   pfl=10008850
12-22 20:15:20.956  1423  2266 I WindowManager:   bhv=1
12-22 20:15:20.956  1423  2266 I WindowManager:   fitSides=0
12-22 20:15:20.956  1423  2266 I WindowManager:   frameRateBoostOnTouch=true
12-22 20:15:20.956  1423  2266 I WindowManager:   dvrrWindowFrameRateHint=true screenDimDuration=0 naviIconColor=0}
12-22 20:15:20.965  1423  2784 D InputDispatcher: Once focus requested (1): e382cc2 SubLauncherWindow
12-22 20:15:20.965  1423  2784 D InputDispatcher: Focus request (1): e382cc2 SubLauncherWindow but waiting because NO_WINDOW
12-22 20:15:20.965  1423  2266 D InputDispatcher: Focus entered window (1): e382cc2 SubLauncherWindow
12-22 20:15:20.972  1423  1754 I InputMethodManagerService: startInputUncheckedLocked: Rejecting unbind/bind in case of no editor in cover screen.
12-22 20:15:21.363  1423  2697 D WindowManager: Starting window removed Window{aa1da86 u0 Splash Screen com.katsuyamaki.DroidOSTrackpadKeyboard}
12-22 20:15:21.371  1423  2784 W WindowManager: Failed looking up window session=Session{eef2b83 2022:u0a10055} callers=com.android.server.wm.WindowManagerService.windowForClientLocked:1 com.android.server.wm.WindowManagerService.relayoutWindow:84 com.android.server.wm.Session.relayout:27 
12-22 20:15:21.375  1423  2266 W WindowManager: Cannot find window which accessibility connection is added to
12-22 20:15:21.375  1423  2229 W WindowManager: Failed looking up window session=Session{eef2b83 2022:u0a10055} callers=com.android.server.wm.Session.remove:10 android.view.IWindowSession$Stub.onTransact:804 com.android.server.wm.Session.onTransact:1 
12-22 20:15:21.375  1423  2228 W WindowManager: Failed looking up window session=Session{eef2b83 2022:u0a10055} callers=com.android.server.wm.WindowManagerService.windowForClientLocked:1 com.android.server.wm.Session.setOnBackInvokedCallbackInfo:15 android.view.IWindowSession$Stub.onTransact:1390 
12-22 20:15:21.375  1423  2228 I WindowManager: setOnBackInvokedCallback(): No window state for package:com.android.systemui
12-22 20:15:22.371  2022  2022 I WindowManager: WindowManagerGlobal#removeView, ty=2005, view=android.widget.LinearLayout{7acabe3 V.E...... ........ 0,0-343,69}, caller=android.view.WindowManagerGlobal.removeView:654 android.view.WindowManagerImpl.removeViewImmediate:216 android.widget.ToastPresenter.hide:348 
12-22 20:15:22.384  1423  2266 I WindowManager: Reparenting to leash, surface=Surface(name=745dc77 Toast)/@0xd680c81, leashParent=Surface(name=WindowToken{82c399e type=2005 android.os.Binder@5fc6bd9})/@0x5e2d126
12-22 20:15:22.385  1423  2266 D WindowManager: makeSurface duration=1 leash=Surface(name=Surface(name=745dc77 Toast)/@0xd680c81 - animation-leash of window_animation)/@0xec58788
12-22 20:15:22.851  1423  1554 I ActivityManager: Changes in 5009 5 to 6, 144 to 128
12-22 20:15:22.900  1423  1550 I WindowManager: Reparenting to original parent: Surface(name=WindowToken{82c399e type=2005 android.os.Binder@5fc6bd9})/@0x5e2d126, destroy=true, surface=Surface(name=745dc77 Toast)/@0xd680c81
12-22 20:15:23.657  1423  1555 I ActivityManager: Changes in 10277 19 to 11, 0 to 128
12-22 20:15:23.742  1423  2266 I ActivityManager: Changes in 10277 11 to 19, 128 to 0
12-22 20:15:24.032  1423  1423 D InputDispatcher: Inject motion (0/0): action=0x0, time=31083625614000, f=0x0, d=1 dsdx=1.500000 dtdx=-0.000000
12-22 20:15:24.034  1423  1695 I InputDispatcher: Delivering touch to (2022): action: 0x4, f=0x0, d=1, 'a93450e', t=1 
12-22 20:15:24.034  1423  1695 I InputDispatcher: Delivering touch to (2022): action: 0x0, f=0x0, d=1, 'e382cc2', t=1 +(0,-35)*(1.50)
12-22 20:15:24.037  1423  1547 D WindowManager: DeferredDisplayUpdater: partially applying DisplayInfo(948 x 1048) immediately
12-22 20:15:24.051  1423  1549 W WindowManager: Unable to start animation, surface is null or no children.
12-22 20:15:24.056  1423  1547 D WindowManager: DeferredDisplayUpdater: partially applying DisplayInfo(948 x 1048) immediately
12-22 20:15:24.091  1423  1423 D InputDispatcher: Inject motion (0/0): action=0x1, time=31083695403000, f=0x0, d=1 dsdx=1.500000 dtdx=-0.000000
12-22 20:15:24.091  1423  1695 I InputDispatcher: Delivering touch to (2022): action: 0x1, f=0x0, d=1, 'e382cc2', t=1 +(0,-35)*(1.50)
12-22 20:15:24.166  1423  4807 I ActivityManager: Changes in 5009 6 to 5, 128 to 144
12-22 20:15:24.186  1423  2266 D WindowManager: Transition is created, t=TransitionRecord{3ac7893 id=-1 type=OPEN flags=0x0}, caller=com.android.server.wm.Transition.<init>:182 com.android.server.wm.TransitionController.createAndStartCollecting:106 com.android.server.wm.ActivityStarter.executeRequest:3537 com.android.server.wm.ActivityStarter.execute:1873 com.android.server.wm.ActivityTaskManagerService.startActivityAsUser:87 
12-22 20:15:24.196  2022  2160 D ViewRootImpl: desktopMode is false
12-22 20:15:24.197  2022  2160 I ViewRootImpl: dVRR is disabled
12-22 20:15:24.198  1423  2266 D WindowManager: prepareSync <SYNC_STATE_WAITING_FOR_DRAW>, mPrepareSyncSeqId=0, win=Window{e382cc2 u0 SubLauncherWindow}
12-22 20:15:24.198  1423  2266 D WindowManager: prepareSync <SYNC_STATE_WAITING_FOR_DRAW>, mPrepareSyncSeqId=0, win=Window{9a3d1c6 u0 com.android.systemui/com.android.systemui.subscreen.SubHomeActivity}
12-22 20:15:24.199  1423  2266 I WindowManager: getCoverScreenRotation 0, sensor= 0, isFlat=false, isDual=false
12-22 20:15:24.208  1423  2784 D WindowManager: prepareSync <SYNC_STATE_WAITING_FOR_DRAW>, mPrepareSyncSeqId=0, win=Window{6423a8a u0 Splash Screen com.katsuyamaki.DroidOSTrackpadKeyboard}
12-22 20:15:24.209  1423  4806 I WindowManager: getCoverScreenRotation 0, sensor= 0, isFlat=false, isDual=false
12-22 20:15:24.210  1423  4806 D InputDispatcher: Focused application(1): ActivityRecord{31346896 u0 com.katsuyamaki.DroidOSTrackpadKeyboard/com.example.coverscreentester.MainActivity t19242}
12-22 20:15:24.210  1423  4806 D WindowManager: Changing focus from Window{e382cc2 u0 SubLauncherWindow} to null displayId=1 Callers=com.android.server.wm.ActivityTaskManagerService.setLastResumedActivityUncheckLocked:264 com.android.server.wm.ActivityTaskSupervisor.updateTopResumedActivityIfNeeded:49 com.android.server.wm.TaskFragment.setResumedActivity:30 com.android.server.wm.ActivityRecord.setState:100 
12-22 20:15:24.210  1423  4806 I WindowManager: Cancelling animation restarting=true, leash=Surface(name=Surface(name=a93450e NavigationBar1)/@0xe8ece9 - animation-leash of insets_animation)/@0x164172f
12-22 20:15:24.210  1423  4806 I WindowManager: Reparenting to original parent: Surface(name=WindowToken{413bf09 type=2019 android.os.BinderProxy@2eac4d3})/@0x920d6e, destroy=false, surface=Surface(name=a93450e NavigationBar1)/@0xe8ece9
12-22 20:15:24.211  1423  4806 I WindowManager: Reparenting to leash, surface=Surface(name=a93450e NavigationBar1)/@0xe8ece9, leashParent=Surface(name=WindowToken{413bf09 type=2019 android.os.BinderProxy@2eac4d3})/@0x920d6e
12-22 20:15:24.211  1423  4806 D WindowManager: makeSurface duration=0 leash=Surface(name=Surface(name=a93450e NavigationBar1)/@0xe8ece9 - animation-leash of insets_animation)/@0xc36e371
12-22 20:15:24.215  1423  1635 I WindowManager: Relayout Window{6423a8a u0 Splash Screen com.katsuyamaki.DroidOSTrackpadKeyboard}: viewVisibility=0 req=1422x1169 ty=3 d1
12-22 20:15:24.216  1423  1635 D WindowManager: makeSurface duration=0 name=Splash Screen com.katsuyamaki.DroidOSTrackpadKeyboard$_2022
12-22 20:15:24.216  1423  1635 I WindowManager: Relayout hash=6423a8a, pid=2022, syncId=-1: mAttrs={(0,0)(fillxfill) sim={adjust=pan} ty=APPLICATION_STARTING fmt=TRANSLUCENT wanim=0x1030317
12-22 20:15:24.216  1423  1635 I WindowManager:   fl=81030118
12-22 20:15:24.216  1423  1635 I WindowManager:   pfl=10000010
12-22 20:15:24.216  1423  1635 I WindowManager:   bhv=1
12-22 20:15:24.216  1423  1635 I WindowManager:   fitSides=0
12-22 20:15:24.216  1423  1635 I WindowManager:   frameRateBoostOnTouch=true
12-22 20:15:24.216  1423  1635 I WindowManager:   dvrrWindowFrameRateHint=true naviIconColor=0}
12-22 20:15:24.217  1423  2229 D InputDispatcher: Focus left window (1): e382cc2 SubLauncherWindow
12-22 20:15:24.222  1423  2266 D WindowManager: finishDrawingWindow: Window{6423a8a u0 Splash Screen com.katsuyamaki.DroidOSTrackpadKeyboard} mDrawState=DRAW_PENDING seqId=0
12-22 20:15:24.226  1423  2230 D WindowManager: Transition is created, t=TransitionRecord{d1d92e id=-1 type=CLOSE flags=0x0}, caller=com.android.server.wm.Transition.<init>:182 com.android.server.wm.TransitionController.createTransition:17 com.android.server.wm.TransitionController.requestCloseTransitionIfNeeded:73 com.android.server.wm.ActivityRecord.finishIfPossible:38 com.android.server.wm.ActivityClientController.finishActivity:268 
12-22 20:15:24.227  1423  2230 D WindowManager: prepareSync <SYNC_STATE_WAITING_FOR_DRAW>, mPrepareSyncSeqId=0, win=Window{6423a8a u0 Splash Screen com.katsuyamaki.DroidOSTrackpadKeyboard}
12-22 20:15:24.228  1423  4806 D WindowManager: prepareSync <SYNC_STATE_WAITING_FOR_DRAW>, mPrepareSyncSeqId=0, win=Window{e382cc2 u0 SubLauncherWindow}
12-22 20:15:24.228  1423  4806 D WindowManager: prepareSync <SYNC_STATE_WAITING_FOR_DRAW>, mPrepareSyncSeqId=0, win=Window{9a3d1c6 u0 com.android.systemui/com.android.systemui.subscreen.SubHomeActivity}
12-22 20:15:24.229  1423  4806 D InputDispatcher: Focused application(1): ActivityRecord{260071160 u0 com.android.systemui/.subscreen.SubHomeActivity t9}
12-22 20:15:24.229  1423  4806 D WindowManager: Changing focus from null to Window{e382cc2 u0 SubLauncherWindow} displayId=1 Callers=com.android.server.wm.ActivityTaskManagerService.setLastResumedActivityUncheckLocked:264 com.android.server.wm.ActivityTaskSupervisor.updateTopResumedActivityIfNeeded:49 com.android.server.wm.TaskFragment.setResumedActivity:30 com.android.server.wm.ActivityRecord.setState:100 
12-22 20:15:24.229  1423  4806 I WindowManager: Cancelling animation restarting=true, leash=Surface(name=Surface(name=a93450e NavigationBar1)/@0xe8ece9 - animation-leash of insets_animation)/@0xc36e371
12-22 20:15:24.229  1423  4806 I WindowManager: Reparenting to original parent: Surface(name=WindowToken{413bf09 type=2019 android.os.BinderProxy@2eac4d3})/@0x920d6e, destroy=false, surface=Surface(name=a93450e NavigationBar1)/@0xe8ece9
12-22 20:15:24.229  1423  4806 I WindowManager: Reparenting to leash, surface=Surface(name=a93450e NavigationBar1)/@0xe8ece9, leashParent=Surface(name=WindowToken{413bf09 type=2019 android.os.BinderProxy@2eac4d3})/@0x920d6e
12-22 20:15:24.229  1423  4806 D WindowManager: makeSurface duration=0 leash=Surface(name=Surface(name=a93450e NavigationBar1)/@0xe8ece9 - animation-leash of insets_animation)/@0x2567d65
12-22 20:15:24.229  1423  4806 I WindowManager: getCoverScreenRotation 0, sensor= 0, isFlat=false, isDual=false
12-22 20:15:24.240  1423  4806 D InputDispatcher: Once focus requested (1): e382cc2 SubLauncherWindow
12-22 20:15:24.240  1423  4806 D InputDispatcher: Focus request (1): e382cc2 SubLauncherWindow but waiting because NO_WINDOW
12-22 20:15:24.251  1423  2229 D InputDispatcher: Focus entered window (1): e382cc2 SubLauncherWindow
12-22 20:15:24.257  1423  1754 I InputMethodManagerService: startInputUncheckedLocked: Rejecting unbind/bind in case of no editor in cover screen.
12-22 20:15:24.655  1423  2266 D WindowManager: Starting window removed Window{6423a8a u0 Splash Screen com.katsuyamaki.DroidOSTrackpadKeyboard}
12-22 20:15:24.663  1423  1635 W WindowManager: Failed looking up window session=Session{eef2b83 2022:u0a10055} callers=com.android.server.wm.WindowManagerService.windowForClientLocked:1 com.android.server.wm.WindowManagerService.relayoutWindow:84 com.android.server.wm.Session.relayout:27 
12-22 20:15:24.667  1423  2229 W WindowManager: Failed looking up window session=Session{eef2b83 2022:u0a10055} callers=com.android.server.wm.WindowManagerService.windowForClientLocked:1 com.android.server.wm.Session.setOnBackInvokedCallbackInfo:15 android.view.IWindowSession$Stub.onTransact:1390 
12-22 20:15:24.667  1423  2229 I WindowManager: setOnBackInvokedCallback(): No window state for package:com.android.systemui
12-22 20:15:24.667  1423  2784 W WindowManager: Cannot find window which accessibility connection is added to
12-22 20:15:24.667  1423  2229 W WindowManager: Failed looking up window session=Session{eef2b83 2022:u0a10055} callers=com.android.server.wm.Session.remove:10 android.view.IWindowSession$Stub.onTransact:804 com.android.server.wm.Session.onTransact:1 
12-22 20:15:25.637  1423  1549 D WindowManager: onStateChanged, state=1
12-22 20:15:25.638  1423  1549 D WindowManager: rotationForOrientation, orientationSource=DefaultTaskDisplayArea_d0@131230281
12-22 20:15:25.646  1423  1549 I WindowManager: getCoverScreenRotation 0, sensor= 0, isFlat=false, isDual=false
12-22 20:15:25.967  1423  1549 D WindowManager: onStateChanged, state=2
12-22 20:15:25.969  1423  1549 D WindowManager: Changing focus from Window{e382cc2 u0 SubLauncherWindow} to null displayId=1 Callers=com.android.server.wm.RootWindowContainer.onChildPositionChanged:8 com.android.server.wm.WindowContainer.positionChildAt:69 com.android.server.wm.RootWindowContainer.positionChildAt:8 com.android.server.wm.WindowManagerServiceExt.moveDisplayToTop:37 
12-22 20:15:25.969  1423  1549 I WindowManager: Cancelling animation restarting=true, leash=Surface(name=Surface(name=a93450e NavigationBar1)/@0xe8ece9 - animation-leash of insets_animation)/@0x2567d65
12-22 20:15:25.969  1423  1549 I WindowManager: Reparenting to original parent: Surface(name=WindowToken{413bf09 type=2019 android.os.BinderProxy@2eac4d3})/@0x920d6e, destroy=false, surface=Surface(name=a93450e NavigationBar1)/@0xe8ece9
12-22 20:15:25.970  1423  1549 I WindowManager: Reparenting to leash, surface=Surface(name=a93450e NavigationBar1)/@0xe8ece9, leashParent=Surface(name=WindowToken{413bf09 type=2019 android.os.BinderProxy@2eac4d3})/@0x920d6e
12-22 20:15:25.970  1423  1549 D WindowManager: makeSurface duration=1 leash=Surface(name=Surface(name=a93450e NavigationBar1)/@0xe8ece9 - animation-leash of insets_animation)/@0xdf9d54
12-22 20:15:25.971  1423  1549 D InputDispatcher: Focused display: 1 -> 0
12-22 20:15:25.971  1423  1549 W InputDispatcher: Focused display #0 does not have a focused window.
12-22 20:15:25.971  1423  1549 E InputDispatcher: But another display has a focused window
12-22 20:15:25.971  1423  1549 E InputDispatcher:   FocusedWindows:
12-22 20:15:25.971  1423  1549 E InputDispatcher:     displayId=1, name='e382cc2 SubLauncherWindow'
12-22 20:15:25.973  1423  1549 I WindowManager: getCoverScreenRotation 0, sensor= 0, isFlat=false, isDual=false
12-22 20:15:25.976  2022  2022 I WindowManager: WindowManagerGlobal#removeView, ty=2019, view=com.android.systemui.navigationbar.views.NavigationBarFrame{d6824b5 V.E...... ......I. 0,0-1422,66 #7f0a083a app:id/navigation_bar_frame}, caller=android.view.WindowManagerGlobal.removeView:654 android.view.WindowManagerImpl.removeViewImmediate:216 com.android.systemui.navigationbar.views.NavigationBar.destroyView:32 
12-22 20:15:25.977  2022  2022 I WindowManager: WindowManagerGlobal#removeView, ty=2024, view=com.android.systemui.navigationbar.gestural.QuickswitchOrientedNavHandle{11c299a G.E...... ......I. 0,0-0,0 #7f0a0b72 app:id/secondary_home_handle}, caller=android.view.WindowManagerGlobal.removeView:654 android.view.WindowManagerImpl.removeView:211 com.android.systemui.navigationbar.views.NavigationBar.onViewDetached:75 
12-22 20:15:25.980  1423  1604 D WindowManager: Create SleepToken: tag=Display-off, displayId=1
12-22 20:15:25.983  1423  4807 I WindowManager: Cancelling animation restarting=false, leash=Surface(name=Surface(name=a93450e NavigationBar1)/@0xe8ece9 - animation-leash of insets_animation)/@0xdf9d54
12-22 20:15:25.986  2022  2022 I WindowManager: WindowManagerGlobal#removeView, ty=2024, view=com.android.systemui.navigationbar.gestural.SamsungBackPanel{e24fbc1 G.ED..... ......I. 0,0-164,419}, caller=android.view.WindowManagerGlobal.removeView:654 android.view.WindowManagerImpl.removeView:211 com.android.systemui.navigationbar.gestural.BackPanelController.onDestroy:12 
12-22 20:15:25.992  1423  2784 D InputDispatcher: Once focus requested (1): <null>
12-22 20:15:25.992  1423  2784 D InputDispatcher: Focus request (1): <null> but waiting because NO_WINDOW
12-22 20:15:25.992  1423  2784 D InputDispatcher: Focus left window (1): e382cc2 SubLauncherWindow
12-22 20:15:26.005  1423  4806 I WindowManager: Relayout Window{9a3d1c6 u0 com.android.systemui/com.android.systemui.subscreen.SubHomeActivity}: viewVisibility=0 req=1422x1500 ty=1 d1
12-22 20:15:26.005  1423  4806 D WindowManager: updateSystemBarAttributes: displayId=1, focusedCanBeNavColorWin=false, win=Window{9a3d1c6 u0 com.android.systemui/com.android.systemui.subscreen.SubHomeActivity}, navColorWin=null, caller=com.android.server.wm.DisplayPolicy.finishPostLayoutPolicyLw:17 com.android.server.wm.RootWindowContainer.applySurfaceChangesTransaction$1:195 com.android.server.wm.RootWindowContainer.performSurfacePlacementNoTrace:86 
12-22 20:15:26.005  1423  4806 D WindowManager: updateSystemBarAttributes, bhv=1, apr=0, statusBarAprRegions=[], requestedVisibilities=-11
12-22 20:15:26.005  1423  1549 I ActivityManager: Changes in 10375 2 to 12, 255 to 0
12-22 20:15:26.006  1423  4806 I WindowManager: Relayout hash=9a3d1c6, pid=2022, syncId=-1: mAttrs={(0,0)(fillxfill) sim={adjust=pan} layoutInDisplayCutoutMode=always ty=BASE_APPLICATION fmt=TRANSPARENT if=INPUT_FEATURE_DISABLE_USER_ACTIVITY userActivityTimeout=30000
12-22 20:15:26.006  1423  4806 I WindowManager:   fl=81910100
12-22 20:15:26.006  1423  4806 I WindowManager:   pfl=10008850
12-22 20:15:26.006  1423  4806 I WindowManager:   vsysui=1600000
12-22 20:15:26.006  1423  4806 I WindowManager:   bhv=1
12-22 20:15:26.006  1423  4806 I WindowManager:   fitSides=0
12-22 20:15:26.006  1423  4806 I WindowManager:   frameRateBoostOnTouch=true
12-22 20:15:26.006  1423  4806 I WindowManager:   dvrrWindowFrameRateHint=true screenDimDuration=0 naviIconColor=0}
12-22 20:15:26.008  1423  2886 I WindowManager: Relayout Window{e382cc2 u0 SubLauncherWindow}: viewVisibility=0 req=1422x1500 ty=1000 d1
12-22 20:15:26.009  1423  2886 I WindowManager: Relayout hash=e382cc2, pid=2022, syncId=-1: mAttrs={(0,0)(fillxfill) sim={adjust=resize} layoutInDisplayCutoutMode=always ty=APPLICATION_PANEL fmt=TRANSLUCENT if=INPUT_FEATURE_DISABLE_USER_ACTIVITY
12-22 20:15:26.009  1423  2886 I WindowManager:   fl=80080260
12-22 20:15:26.009  1423  2886 I WindowManager:   vsysui=1600400
12-22 20:15:26.009  1423  2886 I WindowManager:   bhv=1
12-22 20:15:26.009  1423  2886 I WindowManager:   fitTypes=206
12-22 20:15:26.009  1423  2886 I WindowManager:   frameRateBoostOnTouch=true
12-22 20:15:26.009  1423  2886 I WindowManager:   dvrrWindowFrameRateHint=true naviIconColor=0}
12-22 20:15:26.011  1423  1604 D WindowManager: Remove SleepToken: tag=Display-off, displayId=0
12-22 20:15:26.013  1423  1604 D WindowManager: Transition is created, t=TransitionRecord{d676816 id=-1 type=WAKE flags=0x0}, caller=com.android.server.wm.Transition.<init>:182 com.android.server.wm.TransitionController.createTransition:17 com.android.server.wm.RootWindowContainer.applySleepTokens:209 com.android.server.wm.ActivityTaskManagerService.updateSleepIfNeededLocked:90 com.android.server.wm.RootWindowContainer.removeSleepToken:131 
12-22 20:15:26.014  1423  1604 D WindowManager: prepareSync <SYNC_STATE_WAITING_FOR_DRAW>, mPrepareSyncSeqId=0, win=Window{67a5228 u0 com.termux/com.termux.app.TermuxActivity}
12-22 20:15:26.016  1423  1604 D WindowManager: prepareSync <SYNC_STATE_WAITING_FOR_DRAW>, mPrepareSyncSeqId=0, win=Window{db572d5 u0 com.google.android.googlequicksearchbox/com.google.android.apps.search.assistant.surfaces.voice.robin.main.MainActivity}
12-22 20:15:26.017  1423  1604 D WindowManager: prepareSync <SYNC_STATE_WAITING_FOR_DRAW>, mPrepareSyncSeqId=0, win=Window{64185e1 u0 com.sec.android.app.launcher/com.sec.android.app.launcher.activities.LauncherActivity}
12-22 20:15:26.017  1423  1604 D WindowManager: prepareSync <SYNC_STATE_WAITING_FOR_DRAW>, mPrepareSyncSeqId=0, win=Window{e382cc2 u0 SubLauncherWindow}
12-22 20:15:26.017  1423  1604 D WindowManager: prepareSync <SYNC_STATE_WAITING_FOR_DRAW>, mPrepareSyncSeqId=0, win=Window{9a3d1c6 u0 com.android.systemui/com.android.systemui.subscreen.SubHomeActivity}
12-22 20:15:26.018  1423  1604 D WindowManager: rotationForOrientation, orientationSource=ActivityRecord{127106347 u0 com.sec.android.app.launcher/.activities.LauncherActivity t18982}
12-22 20:15:26.025  1423  1547 D WindowManager: DeferredDisplayUpdater: partially applying DisplayInfo(948 x 1048) immediately
12-22 20:15:26.025 22381 22381 D ViewRootImpl: Skipping stats log for color mode
12-22 20:15:26.028  1423  1547 D WindowManager: DeferredDisplayUpdater: partially applying DisplayInfo(1080 x 2520) immediately
12-22 20:15:26.034  1423  1855 I ActivityManager: Changes in 10395 19 to 3, 0 to 144
12-22 20:15:26.034  1423  2784 I WindowManager: Relayout Window{d2cc959 u0 com.android.systemui.wallpapers.ImageWallpaper}: viewVisibility=0 req=-1x-1 ty=2013 d1
12-22 20:15:26.035  1423  1855 I ActivityManager: Changes in 10342 4 to 2, 254 to 255
12-22 20:15:26.035  1423  1855 I ActivityManager: Changes in 10155 5 to 2, 184 to 255
12-22 20:15:26.036  1423  2784 I WindowManager: Relayout hash=d2cc959, pid=2022, syncId=-1: mAttrs={(0,0)(fillxfill) gr=TOP START CENTER layoutInDisplayCutoutMode=always ty=WALLPAPER fmt=RGBX_8888 wanim=0x1030328
12-22 20:15:26.036  1423  2784 I WindowManager:   fl=10318
12-22 20:15:26.036  1423  2784 I WindowManager:   pfl=14
12-22 20:15:26.036  1423  2784 I WindowManager:   bhv=1
12-22 20:15:26.036  1423  2784 I WindowManager:   frameRateBoostOnTouch=true
12-22 20:15:26.036  1423  2784 I WindowManager:   dvrrWindowFrameRateHint=true naviIconColor=0}
12-22 20:15:26.042  1423  1547 I WindowManager: Waiting for transition
12-22 20:15:26.044  1423  1550 I WindowManager: Waiting for transition
12-22 20:15:26.051  1423  1549 I ActivityManager: Changes in 10375 12 to 2, 0 to 255
12-22 20:15:26.058  1423  1547 D WindowManager: DeferredDisplayUpdater: partially applying DisplayInfo(1080 x 2520) immediately
12-22 20:15:26.059 14008 14008 D ViewRootImpl: Skipping stats log for color mode
12-22 20:15:26.059  1423  1547 I WindowManager: Waiting for transition
12-22 20:15:26.062  1423  2266 I WindowManager: Relayout Window{67a5228 u0 com.termux/com.termux.app.TermuxActivity}: viewVisibility=0 req=1080x1260 ty=1 d0
12-22 20:15:26.062  1423  2266 D WindowManager: makeSurface duration=1 name=com.termux/com.termux.app.TermuxActivity$_22381
12-22 20:15:26.063  1423  2266 I WindowManager: Waiting for transition
12-22 20:15:26.063  1423  2266 D WindowManager: Changing focus from null to Window{67a5228 u0 com.termux/com.termux.app.TermuxActivity} displayId=0 Callers=com.android.server.wm.WindowManagerService.relayoutWindow:1359 com.android.server.wm.Session.relayout:27 android.view.IWindowSession$Stub.onTransact:829 com.android.server.wm.Session.onTransact:1 
12-22 20:15:26.063  1423  2266 I WindowManager: Cancelling animation restarting=true, leash=Surface(name=Surface(name=6146b28 NavigationBar0)/@0x1b76ee0 - animation-leash of insets_animation)/@0x3a79843
12-22 20:15:26.063  1423  2266 I WindowManager: Reparenting to original parent: Surface(name=WindowToken{abeb61a type=2019 android.os.BinderProxy@2cf173c})/@0x22a599, destroy=false, surface=Surface(name=6146b28 NavigationBar0)/@0x1b76ee0
12-22 20:15:26.063  1423  2266 I WindowManager: Reparenting to leash, surface=Surface(name=6146b28 NavigationBar0)/@0x1b76ee0, leashParent=Surface(name=WindowToken{abeb61a type=2019 android.os.BinderProxy@2cf173c})/@0x22a599
12-22 20:15:26.063  1423  2266 D WindowManager: makeSurface duration=0 leash=Surface(name=Surface(name=6146b28 NavigationBar0)/@0x1b76ee0 - animation-leash of insets_animation)/@0xf5ca976
12-22 20:15:26.063  1423  2266 I WindowManager: Cancelling animation restarting=false, leash=Surface(name=Surface(name=88c439 StatusBar)/@0x6820c3f - animation-leash of insets_animation)/@0x7a67aac
12-22 20:15:26.063  1423  2266 I WindowManager: Reparenting to original parent: Surface(name=WindowToken{9be6400 type=2000 android.os.BinderProxy@ec85d32})/@0xcd4990c, destroy=false, surface=Surface(name=88c439 StatusBar)/@0x6820c3f
12-22 20:15:26.064  1423  2266 D WindowManager: updateSystemBarAttributes: displayId=0, focusedCanBeNavColorWin=false, win=Window{67a5228 u0 com.termux/com.termux.app.TermuxActivity}, navColorWin=null, caller=com.android.server.wm.WindowManagerService.updateFocusedWindowLocked:372 com.android.server.wm.WindowManagerService.relayoutWindow:1359 com.android.server.wm.Session.relayout:27 
12-22 20:15:26.064  1423  2266 D WindowManager: updateSystemBarAttributes, bhv=1, apr=0, statusBarAprRegions=[], requestedVisibilities=-9
12-22 20:15:26.064  1423  2266 I WindowManager: Relayout hash=67a5228, pid=22381, syncId=-1: mAttrs={(0,0)(fillxfill) sim={adjust=resize} ty=BASE_APPLICATION wanim=0x1030317
12-22 20:15:26.064  1423  2266 I WindowManager:   fl=8d810100
12-22 20:15:26.064  1423  2266 I WindowManager:   pfl=10008040
12-22 20:15:26.064  1423  2266 I WindowManager:   vsysui=700
12-22 20:15:26.064  1423  2266 I WindowManager:   bhv=1
12-22 20:15:26.064  1423  2266 I WindowManager:   fitSides=0
12-22 20:15:26.064  1423  2266 I WindowManager:   frameRateBoostOnTouch=true
12-22 20:15:26.064  1423  2266 I WindowManager:   dvrrWindowFrameRateHint=true naviIconColor=0}
12-22 20:15:26.073  1423  1550 I WindowManager: Waiting for transition
