--------- beginning of main
12-18 18:37:48.117  1401  1401 D InputDispatcher: Inject motion (0/0): action=0x0, time=119270321714000, f=0x0, d=0 dsdx=1.000000 dtdx=0.000000
12-18 18:37:48.118  1401  1700 I InputDispatcher: Delivering touch to (16162): action: 0x4, f=0x0, d=0, 'c857c99', t=1 
12-18 18:37:48.119  1401  1700 I InputDispatcher: Delivering touch to (2045): action: 0x0, f=0x0, d=0, '253deac', t=1 +(0,-2445)
12-18 18:37:48.239  1401  1469 I InputDispatcher: Channel [Gesture Monitor] swipe-up is stealing input gesture for device 3 from [253deac NavigationBar0, [Gesture Monitor] clo, [Gesture Monitor] secinputdev, [Gesture Monitor] PalmMotion, [Gesture Monitor] edge-swipe]
12-18 18:37:48.239  1401  1469 D InputDispatcher: Cancel for '253deac': input channel stole pointer stream, m=1
12-18 18:37:48.239  1401  1469 I InputDispatcher: Delivering touch to (2045): action: 0x3, f=0x20, d=0, '253deac', t=1 +(0,-2445)
--------- beginning of system
12-18 18:37:48.243  1401  3076 I WindowManager: Reparenting to leash, surface=Surface(name=RemoteWallpaperAnim:1:1)/@0xd604b25, leashParent=Surface(name=OneHanded:0:14)/@0xc8374fa
12-18 18:37:48.245  1401  3076 D WindowManager: makeSurface duration=1 leash=Surface(name=Surface(name=RemoteWallpaperAnim:1:1)/@0xd604b25 - animation-leash of remote_wallpaper)/@0xa774c7a
12-18 18:37:48.245  1401  3076 D WindowManager: startAnimation for remote wallpaper, leash=Surface(name=Surface(name=RemoteWallpaperAnim:1:1)/@0xd604b25 - animation-leash of remote_wallpaper)/@0xa774c7a
12-18 18:37:48.246  1401  3076 D WindowManager: startRemoteWallpaperAnimation, d=0, leash=Surface(name=Surface(name=RemoteWallpaperAnim:1:1)/@0xd604b25 - animation-leash of remote_wallpaper)/@0xa774c7a
12-18 18:37:48.247  1401  1469 D WindowManager: Transition is created, t=TransitionRecord{bffd888 id=-1 type=TO_FRONT flags=0x0}, caller=com.android.server.wm.Transition.<init>:182 com.android.server.wm.WindowOrganizerController.startTransition:18 com.android.server.wm.WindowOrganizerController.startNewTransition:2 android.window.IWindowOrganizerController$Stub.onTransact:247 com.android.server.wm.WindowOrganizerController.onTransact:1 
12-18 18:37:48.250  1401  1469 D WindowManager: prepareSync <SYNC_STATE_WAITING_FOR_DRAW>, mPrepareSyncSeqId=0, win=Window{225d09b u0 RecentsTransitionOverlay}
12-18 18:37:48.254  1401  1469 D WindowManager: prepareSync <SYNC_STATE_WAITING_FOR_DRAW>, mPrepareSyncSeqId=0, win=Window{3dc2dd0 u0 com.sec.android.app.launcher/com.sec.android.app.launcher.activities.LauncherActivity}
12-18 18:37:48.255  1401  1469 D WindowManager: rotationForOrientation, orientationSource=ActivityRecord{26066939 u0 com.sec.android.app.launcher/.activities.LauncherActivity t17646}
12-18 18:37:48.257  1401  1469 I WindowManager: Reparenting to leash, surface=Surface(name=1aa7434 FreeformContainer)/@0x4f2b598, leashParent=Surface(name=WindowToken{b8c572b type=2604 android.os.BinderProxy@f0783a5})/@0xa3bd1f1
12-18 18:37:48.257  1401  1469 D WindowManager: makeSurface duration=0 leash=Surface(name=Surface(name=1aa7434 FreeformContainer)/@0x4f2b598 - animation-leash of window_animation)/@0x118d221
12-18 18:37:48.261  1401  1544 I ActivityManager: Changes in 10155 5 to 2, 184 to 255
12-18 18:37:48.264  1401  1469 I WindowManager: Relayout Window{3dc2dd0 u0 com.sec.android.app.launcher/com.sec.android.app.launcher.activities.LauncherActivity}: viewVisibility=0 req=1080x2520 ty=1 d0
12-18 18:37:48.264  1401  1469 D WindowManager: makeSurface duration=0 name=com.sec.android.app.launcher/com.sec.android.app.launcher.activities.LauncherActivity$_2738
12-18 18:37:48.266  1401  1469 I WindowManager: Relayout hash=3dc2dd0, pid=2738, syncId=-1: mAttrs={(0,0)(fillxfill) sim={adjust=nothing forwardNavigation} layoutInDisplayCutoutMode=always ty=BASE_APPLICATION fmt=TRANSPARENT wanim=0x1030306
12-18 18:37:48.266  1401  1469 I WindowManager:   fl=81910100
12-18 18:37:48.266  1401  1469 I WindowManager:   pfl=10008840
12-18 18:37:48.266  1401  1469 I WindowManager:   bhv=2
12-18 18:37:48.266  1401  1469 I WindowManager:   fitSides=0
12-18 18:37:48.266  1401  1469 I WindowManager:   frameRateBoostOnTouch=true
12-18 18:37:48.266  1401  1469 I WindowManager:   dvrrWindowFrameRateHint=true screenDimDuration=200000 naviIconColor=0}
12-18 18:37:48.269  1401  2245 I ActivityManager: Changes in 10395 15 to 3, 0 to 144
12-18 18:37:48.277  1401  1469 D WindowManager: finishDrawingWindow: Window{3dc2dd0 u0 com.sec.android.app.launcher/com.sec.android.app.launcher.activities.LauncherActivity} mDrawState=DRAW_PENDING seqId=0
12-18 18:37:48.278  1401  1544 D WindowManager: mRunner#onAnimationStart for remote wallpaper=[android.view.RemoteAnimationTarget@d5b6afc], transaction=startRemoteWallpaperAnimation_242543659
12-18 18:37:48.279  1401  1545 D WindowManager: setActiveRecents, recents=Task{e6ea632 #1 type=home}, task=Task{57ae0b9 #17882 type=standard A=10342:com.termux}, caller=com.android.server.wm.InputMonitor.setActiveRecents:33 com.android.server.wm.Transition.onTransactionReady:1748 com.android.server.wm.BLASTSyncEngine$SyncGroup.finishNow:240 
12-18 18:37:48.288  1401  2255 D InputDispatcher: Focused application(0): ActivityRecord{26066939 u0 com.sec.android.app.launcher/.activities.LauncherActivity t17646}
12-18 18:37:48.288  1401  2255 D WindowManager: Changing focus from Window{1230479 u0 com.termux/com.termux.app.TermuxActivity} to Window{3dc2dd0 u0 com.sec.android.app.launcher/com.sec.android.app.launcher.activities.LauncherActivity} displayId=0 Callers=com.android.server.wm.ActivityTaskManagerService.setLastResumedActivityUncheckLocked:264 com.android.server.wm.ActivityTaskManagerService.setFocusedTask:20 com.android.server.wm.ActivityTaskManagerService.focusTopTask:53 android.app.IActivityTaskManager$Stub.onTransact:2027 
12-18 18:37:48.288  1401  2255 I WindowManager: Cancelling animation restarting=true, leash=Surface(name=Surface(name=7a1affc StatusBar)/@0x9878745 - animation-leash of insets_animation)/@0x619e757
12-18 18:37:48.288  1401  2255 I WindowManager: Reparenting to original parent: Surface(name=WindowToken{ea68ef type=2000 android.os.BinderProxy@acba6c9})/@0xe49ce9a, destroy=false, surface=Surface(name=7a1affc StatusBar)/@0x9878745
12-18 18:37:48.288  1401  2255 I WindowManager: Reparenting to leash, surface=Surface(name=7a1affc StatusBar)/@0x9878745, leashParent=Surface(name=WindowToken{ea68ef type=2000 android.os.BinderProxy@acba6c9})/@0xe49ce9a
12-18 18:37:48.288  1401  2255 D WindowManager: makeSurface duration=0 leash=Surface(name=Surface(name=7a1affc StatusBar)/@0x9878745 - animation-leash of insets_animation)/@0xf522de7
12-18 18:37:48.289  1401  2255 D WindowManager: updateSystemBarAttributes: displayId=0, focusedCanBeNavColorWin=false, win=Window{3dc2dd0 u0 com.sec.android.app.launcher/com.sec.android.app.launcher.activities.LauncherActivity}, navColorWin=Window{898f977 u0 InputMethod}, caller=com.android.server.wm.WindowManagerService.updateFocusedWindowLocked:372 com.android.server.wm.ActivityTaskManagerService.setLastResumedActivityUncheckLocked:264 com.android.server.wm.ActivityTaskManagerService.setFocusedTask:20 
12-18 18:37:48.289  1401  2255 D WindowManager: updateSystemBarAttributes, bhv=2, apr=0, statusBarAprRegions=[AppearanceRegion{ bounds=[0,0][1080,2520]}], requestedVisibilities=-9
12-18 18:37:48.290  1401  1763 D InputMethodManagerService: isImeSwitcherDisabledPackage : false
12-18 18:37:48.292  1401  1542 D WindowManager: requestTransientBars: swipeTarget=Window{253deac u0 NavigationBar0}, controlTarget=PermanentControlTarget, canShowTransient=false, restorePositionTypes=0x3, from=com.android.server.wm.DisplayPolicy$1.onSwipeFromBottom:21 com.android.server.wm.SystemGesturesPointerEventListener.onPointerEvent:545 
12-18 18:37:48.306  1401  1763 D InputMethodManagerService: isImeSwitcherDisabledPackage : false
12-18 18:37:48.309  1401  2251 D InputDispatcher: Once focus requested (0): recents_animation_input_consumer
12-18 18:37:48.309  1401  2251 D InputDispatcher: Focus left window (0): 1230479 com.termux/com.termux.app.TermuxActivity
12-18 18:37:48.309  1401  2251 D InputDispatcher: Focus entered window (0): recents_animation_input_consumer
12-18 18:37:48.381  1401  1763 D InputMethodManagerService: isImeSwitcherDisabledPackage : false
12-18 18:37:48.417  1401  1401 D InputDispatcher: Inject motion (0/0): action=0x1, time=119270626853000, f=0x0, d=0 dsdx=1.000000 dtdx=0.000000
12-18 18:37:48.463  1401  1545 I WindowManager: Reparenting to original parent: Surface(name=WindowToken{b8c572b type=2604 android.os.BinderProxy@f0783a5})/@0xa3bd1f1, destroy=true, surface=Surface(name=1aa7434 FreeformContainer)/@0x4f2b598
12-18 18:37:48.473  1401  1763 D InputMethodManagerService: isImeSwitcherDisabledPackage : false
12-18 18:37:48.649  1401  1763 D InputMethodManagerService: isImeSwitcherDisabledPackage : false
12-18 18:37:48.973  1401  1763 D InputMethodManagerService: isImeSwitcherDisabledPackage : false
12-18 18:37:49.109  1401  1401 D InputDispatcher: Inject motion (0/0): action=0x0, time=119271318322000, f=0x0, d=0 dsdx=1.000000 dtdx=0.000000
12-18 18:37:49.109  1401  1700 I InputDispatcher: Delivering touch to (16162): action: 0x4, f=0x0, d=0, 'c857c99', t=1 
12-18 18:37:49.109  1401  1700 I InputDispatcher: Delivering touch to (1570): action: 0x0, f=0x0, d=0, '39f9008', t=1 +(-187,-885)
12-18 18:37:49.116  1401  1763 D InputMethodManagerService: isImeSwitcherDisabledPackage : false
12-18 18:37:49.175  1401  1401 D InputDispatcher: Inject motion (0/0): action=0x1, time=119271384689000, f=0x0, d=0 dsdx=1.000000 dtdx=0.000000
12-18 18:37:49.175  1401  1700 I InputDispatcher: Delivering touch to (1570): action: 0x1, f=0x0, d=0, '39f9008', t=1 +(-187,-885)
12-18 18:37:49.197  1570  1570 I WindowManager: WindowManagerGlobal#addView, ty=2032, view=android.widget.FrameLayout{4d99a56 V.E...... ......I. 0,0-0,0}, caller=android.view.WindowManagerImpl.addView:158 com.example.coverscreentester.KeyboardOverlay.createKeyboardWindow:434 com.example.coverscreentester.KeyboardOverlay.show:319 
12-18 18:37:49.198  1570  1570 D ViewRootImpl: desktopMode is false
12-18 18:37:49.198  1570  1570 I ViewRootImpl: dVRR is disabled
12-18 18:37:49.201  1401  1763 D InputMethodManagerService: isImeSwitcherDisabledPackage : false
12-18 18:37:49.202  1570  1570 I WindowManager: WindowManagerGlobal#removeView, ty=2032, view=android.widget.FrameLayout{f900981 VFE...C.. ........ 0,0-93,93}, caller=android.view.WindowManagerGlobal.removeView:654 android.view.WindowManagerImpl.removeView:211 com.example.coverscreentester.OverlayService.enforceZOrder:1539 
12-18 18:37:49.203  1570  1570 I WindowManager: WindowManagerGlobal#addView, ty=2032, view=android.widget.FrameLayout{f900981 VFE...C.. ........ 0,0-93,93}, caller=android.view.WindowManagerImpl.addView:158 com.example.coverscreentester.OverlayService.enforceZOrder:1539 com.example.coverscreentester.OverlayService.toggleCustomKeyboard:1244 
12-18 18:37:49.205  1570  1570 D ViewRootImpl: desktopMode is false
12-18 18:37:49.205  1570  1570 I ViewRootImpl: dVRR is disabled
12-18 18:37:49.206  1401  1763 D InputMethodManagerService: isImeSwitcherDisabledPackage : false
12-18 18:37:49.213  1401  2251 D WindowManager: setActiveRecents, recents=null, task=null, caller=com.android.server.wm.InputMonitor.setActiveRecents:33 com.android.server.wm.TransitionController.finishTransition:1670 com.android.server.wm.WindowOrganizerController.finishTransitionInner:31 
12-18 18:37:49.215  1401  3076 D InputDispatcher: Focus left window (0): recents_animation_input_consumer
12-18 18:37:49.216  1401  1469 I WindowManager: Relayout Window{225d09b u0 RecentsTransitionOverlay}: viewVisibility=0 req=1x1 ty=2632 d0
12-18 18:37:49.218  1401  1469 I WindowManager: Relayout hash=225d09b, pid=0, syncId=-1: mAttrs={(0,0)(1x1) gr=BOTTOM CENTER_VERTICAL sim={adjust=pan} layoutInDisplayCutoutMode=always ty=TRANSIENT_LAUNCH_OVERLAY fmt=TRANSLUCENT if=INPUT_FEATURE_NO_INPUT_CHANNEL
12-18 18:37:49.218  1401  1469 I WindowManager:   fl=118
12-18 18:37:49.218  1401  1469 I WindowManager:   pfl=10000040
12-18 18:37:49.218  1401  1469 I WindowManager:   bhv=1
12-18 18:37:49.218  1401  1469 I WindowManager:   frameRateBoostOnTouch=true
12-18 18:37:49.218  1401  1469 I WindowManager:   dvrrWindowFrameRateHint=true naviIconColor=0
12-18 18:37:49.218  1401  1469 I WindowManager:   sfl=4020000}
12-18 18:37:49.219  1401  1544 I ActivityManager: Changes in 10342 2 to 4, 255 to 254
12-18 18:37:49.219  1570  1570 I WindowManager: WindowManagerGlobal#removeView, ty=2032, view=android.widget.FrameLayout{ab2bcbd V.E...... ........ 0,0-50,50}, caller=android.view.WindowManagerGlobal.removeView:654 android.view.WindowManagerImpl.removeView:211 com.example.coverscreentester.OverlayService.enforceZOrder:1540 
12-18 18:37:49.222  1570  1570 I WindowManager: WindowManagerGlobal#addView, ty=2032, view=android.widget.FrameLayout{ab2bcbd V.E...... ........ 0,0-50,50}, caller=android.view.WindowManagerImpl.addView:158 com.example.coverscreentester.OverlayService.enforceZOrder:1540 com.example.coverscreentester.OverlayService.toggleCustomKeyboard:1244 
12-18 18:37:49.224  1401  1868 D InputDispatcher: Once focus requested (0): 3dc2dd0 com.sec.android.app.launcher/com.sec.android.app.launcher.activities.LauncherActivity
12-18 18:37:49.224  1401  1868 D InputDispatcher: Focus entered window (0): 3dc2dd0 com.sec.android.app.launcher/com.sec.android.app.launcher.activities.LauncherActivity
12-18 18:37:49.224  1570  1570 D ViewRootImpl: desktopMode is false
12-18 18:37:49.225  1570  1570 I ViewRootImpl: dVRR is disabled
12-18 18:37:49.226  1401  1763 D InputMethodManagerService: isImeSwitcherDisabledPackage : false
12-18 18:37:49.226  1401  1763 D InputMethodManagerService: shouldShowImeSwitcherLocked : checking vis : 3
12-18 18:37:49.227  1401  1763 D InputMethodManagerService: checkDisplayOfStartInputAndUpdateKeyboard: displayId=0, mFocusedDisplayId=0
12-18 18:37:49.227  1401  1469 I WindowManager: Relayout Window{1230479 u0 com.termux/com.termux.app.TermuxActivity}: viewVisibility=8 req=1080x2520 ty=1 d0
12-18 18:37:49.228  1401  1469 I WindowManager: Relayout hash=1230479, pid=13489, syncId=-1: mAttrs={(0,0)(fillxfill) sim={adjust=resize forwardNavigation} ty=BASE_APPLICATION wanim=0x1030317
12-18 18:37:49.228  1401  1469 I WindowManager:   fl=8d810100
12-18 18:37:49.228  1401  1469 I WindowManager:   pfl=10008040
12-18 18:37:49.228  1401  1469 I WindowManager:   vsysui=700
12-18 18:37:49.228  1401  1469 I WindowManager:   bhv=1
12-18 18:37:49.228  1401  1469 I WindowManager:   fitSides=0
12-18 18:37:49.228  1401  1469 I WindowManager:   frameRateBoostOnTouch=true
12-18 18:37:49.228  1401  1469 I WindowManager:   dvrrWindowFrameRateHint=true naviIconColor=0}
12-18 18:37:49.229  1401  2247 I WindowManager: Cancelling animation restarting=true, leash=Surface(name=Surface(name=898f977 InputMethod)/@0xbf9fe4d - animation-leash of insets_animation)/@0x47fe212
12-18 18:37:49.229  1401  2247 I WindowManager: Reparenting to original parent: Surface(name=WindowToken{fe60af5 type=2011 android.os.Binder@f55e02c})/@0x17aed02, destroy=false, surface=Surface(name=898f977 InputMethod)/@0xbf9fe4d
12-18 18:37:49.229  1401  2247 I WindowManager: Reparenting to leash, surface=Surface(name=898f977 InputMethod)/@0xbf9fe4d, leashParent=Surface(name=WindowToken{fe60af5 type=2011 android.os.Binder@f55e02c})/@0x17aed02
12-18 18:37:49.230  1401  2247 D WindowManager: makeSurface duration=0 leash=Surface(name=Surface(name=898f977 InputMethod)/@0xbf9fe4d - animation-leash of insets_animation)/@0x75b99a7
12-18 18:37:49.232  1401  1469 I WindowManager: Relayout Window{2d1b33 u0 com.katsuyamaki.DroidOSTrackpadKeyboard}: viewVisibility=0 req=527x444 ty=2032 d0
12-18 18:37:49.232  1401  1469 D WindowManager: makeSurface duration=0 name=$_1570
12-18 18:37:49.232  1401  1469 I WindowManager: Cancelling animation restarting=true, leash=Surface(name=Surface(name=253deac NavigationBar0)/@0x344c78e - animation-leash of insets_animation)/@0x2ecf809
12-18 18:37:49.232  1401  1469 I WindowManager: Reparenting to original parent: Surface(name=WindowToken{742645f type=2019 android.os.BinderProxy@3f7f8b9})/@0xeea6baf, destroy=false, surface=Surface(name=253deac NavigationBar0)/@0x344c78e
12-18 18:37:49.233  1401  1469 I WindowManager: Reparenting to leash, surface=Surface(name=253deac NavigationBar0)/@0x344c78e, leashParent=Surface(name=WindowToken{742645f type=2019 android.os.BinderProxy@3f7f8b9})/@0xeea6baf
12-18 18:37:49.233  1401  1469 D WindowManager: makeSurface duration=1 leash=Surface(name=Surface(name=253deac NavigationBar0)/@0x344c78e - animation-leash of insets_animation)/@0xbf350f9
12-18 18:37:49.234  1401  1469 I WindowManager: Relayout hash=2d1b33, pid=1570, syncId=-1: mAttrs={(270,1137)(527x444) gr=TOP LEFT CENTER sim={adjust=pan} layoutInDisplayCutoutMode=shortEdges ty=ACCESSIBILITY_OVERLAY fmt=TRANSLUCENT
12-18 18:37:49.234  1401  1469 I WindowManager:   fl=1040228
12-18 18:37:49.234  1401  1469 I WindowManager:   pfl=40000000
12-18 18:37:49.234  1401  1469 I WindowManager:   bhv=1
12-18 18:37:49.234  1401  1469 I WindowManager:   fitTypes=207
12-18 18:37:49.234  1401  1469 I WindowManager:   frameRateBoostOnTouch=true
12-18 18:37:49.234  1401  1469 I WindowManager:   dvrrWindowFrameRateHint=true naviIconColor=0}
12-18 18:37:49.237  1401  1544 I ActivityManager: Changes in 10332 5 to 7, 255 to 128
12-18 18:37:49.237  1401  1544 I ActivityManager: Changes in 10122 5 to 7, 184 to 128
12-18 18:37:49.239  1401  2255 I WindowManager: Relayout Window{5b7421b u0 com.android.systemui.wallpapers.ImageWallpaper}: viewVisibility=0 req=2486x2520 ty=2013 d0
12-18 18:37:49.240  1401  2247 E WindowManager: win=Window{1230479 u0 com.termux/com.termux.app.TermuxActivity} destroySurfaces: appStopped=true cleanupOnResume=false win.mWindowRemovalAllowed=false win.mRemoveOnExit=false win.mViewVisibility=8 caller=com.android.server.wm.ActivityRecord.destroySurfaces:25 com.android.server.wm.ActivityRecord.activityStopped:192 com.android.server.wm.ActivityClientController.activityStopped:97 android.app.IActivityClientController$Stub.onTransact:726 com.android.server.wm.ActivityClientController.onTransact:1 android.os.Binder.execTransactInternal:1462 android.os.Binder.execTransact:1401 
12-18 18:37:49.241  1401  2255 I WindowManager: Relayout hash=5b7421b, pid=2045, syncId=-1: mAttrs={(0,0)(2486x2520) gr=TOP START CENTER layoutInDisplayCutoutMode=always ty=WALLPAPER fmt=RGBX_8888 wanim=0x1030328
12-18 18:37:49.241  1401  2255 I WindowManager:   fl=14318
12-18 18:37:49.241  1401  2255 I WindowManager:   pfl=14
12-18 18:37:49.241  1401  2255 I WindowManager:   bhv=1
12-18 18:37:49.241  1401  2255 I WindowManager:   frameRateBoostOnTouch=true
12-18 18:37:49.241  1401  2255 I WindowManager:   dvrrWindowFrameRateHint=true naviIconColor=0
12-18 18:37:49.241  1401  2255 I WindowManager:   sfl=8}
12-18 18:37:49.242  1401  3076 D WindowManager: finishDrawingWindow: Window{2d1b33 u0 com.katsuyamaki.DroidOSTrackpadKeyboard} mDrawState=DRAW_PENDING seqId=0
12-18 18:37:49.245  1401  1469 D InputMethodManagerService: isImeSwitcherDisabledPackage : false
12-18 18:37:49.245  1401  1469 I InputMethodManagerService: setImeWindowStatus: vis=0, backDisposition=0
12-18 18:37:49.248  1401  2245 I WindowManager: Relayout Window{3ce51cf u0 com.katsuyamaki.DroidOSTrackpadKeyboard}: viewVisibility=0 req=972x564 ty=2032 d0
12-18 18:37:49.248  1401  2245 D WindowManager: makeSurface duration=0 name=$_1570
12-18 18:37:49.249  1401  1469 D InputMethodManagerService: isImeSwitcherDisabledPackage : false
12-18 18:37:49.250  1401  2245 I WindowManager: Relayout hash=3ce51cf, pid=1570, syncId=-1: mAttrs={(37,1930)(972xwrap) gr=TOP LEFT CENTER sim={adjust=pan} layoutInDisplayCutoutMode=shortEdges ty=ACCESSIBILITY_OVERLAY fmt=TRANSLUCENT
12-18 18:37:49.250  1401  2245 I WindowManager:   fl=1000208
12-18 18:37:49.250  1401  2245 I WindowManager:   pfl=40000000
12-18 18:37:49.250  1401  2245 I WindowManager:   bhv=1
12-18 18:37:49.250  1401  2245 I WindowManager:   fitTypes=207
12-18 18:37:49.250  1401  2245 I WindowManager:   frameRateBoostOnTouch=true
12-18 18:37:49.250  1401  2245 I WindowManager:   dvrrWindowFrameRateHint=true naviIconColor=0}
12-18 18:37:49.251  1401  2255 I WindowManager: Relayout Window{898f977 u0 InputMethod}: viewVisibility=0 req=1080x2404 ty=2011 d0
12-18 18:37:49.252  1401  2255 I WindowManager: Relayout hash=898f977, pid=0, syncId=-1: mAttrs={(0,0)(fillxfill) gr=BOTTOM CENTER_VERTICAL sim={adjust=pan} ty=INPUT_METHOD fmt=TRANSPARENT wanim=0x1030056 preferredMinDisplayRefreshRate=60.0 receive insets ignoring z-order
12-18 18:37:49.252  1401  2255 I WindowManager:   fl=81800108
12-18 18:37:49.252  1401  2255 I WindowManager:   pfl=14000000
12-18 18:37:49.252  1401  2255 I WindowManager:   bhv=1
12-18 18:37:49.252  1401  2255 I WindowManager:   fitTypes=3
12-18 18:37:49.252  1401  2255 I WindowManager:   fitSides=7
12-18 18:37:49.252  1401  2255 I WindowManager:   fitIgnoreVis
12-18 18:37:49.252  1401  2255 I WindowManager:   dvrrWindowFrameRateHint=true
12-18 18:37:49.252  1401  2255 I WindowManager:  dimAmount=0.18 dimDuration=150 naviIconColor=0}
12-18 18:37:49.253  1401  2151 D WindowManager: setInsetsWindow Window{898f977 u0 InputMethod}, contentInsets=Rect(0, 1904 - 0, 0) -> Rect(0, 1904 - 0, 0), visibleInsets=Rect(0, 1904 - 0, 0) -> Rect(0, 1904 - 0, 0), touchableRegion=SkRegion((0,1904,1080,2404)) -> SkRegion((0,1904,1080,2404)), touchableInsets 3 -> 3
12-18 18:37:49.267  1401  2773 D WindowManager: finishDrawingWindow: Window{3ce51cf u0 com.katsuyamaki.DroidOSTrackpadKeyboard} mDrawState=DRAW_PENDING seqId=0
12-18 18:37:49.268  1401  2255 I WindowManager: Relayout Window{3860f8c u0 com.katsuyamaki.DroidOSTrackpadKeyboard}: viewVisibility=0 req=93x93 ty=2032 d0
12-18 18:37:49.268  1401  2255 D WindowManager: makeSurface duration=0 name=$_1570
12-18 18:37:49.269  1401  2255 I WindowManager: Relayout hash=3860f8c, pid=1570, syncId=-1: mAttrs={(187,885)(93x93) gr=TOP START CENTER sim={adjust=pan} layoutInDisplayCutoutMode=shortEdges ty=ACCESSIBILITY_OVERLAY fmt=TRANSLUCENT
12-18 18:37:49.269  1401  2255 I WindowManager:   fl=1000308
12-18 18:37:49.269  1401  2255 I WindowManager:   bhv=1
12-18 18:37:49.269  1401  2255 I WindowManager:   fitTypes=206
12-18 18:37:49.269  1401  2255 I WindowManager:   frameRateBoostOnTouch=true
12-18 18:37:49.269  1401  2255 I WindowManager:   dvrrWindowFrameRateHint=true naviIconColor=0}
12-18 18:37:49.274  1401  2251 D WindowManager: finishDrawingWindow: Window{3860f8c u0 com.katsuyamaki.DroidOSTrackpadKeyboard} mDrawState=DRAW_PENDING seqId=0
12-18 18:37:49.275  1401  2255 I WindowManager: Relayout Window{2e21f8e u0 com.katsuyamaki.DroidOSTrackpadKeyboard}: viewVisibility=0 req=50x50 ty=2032 d0
12-18 18:37:49.275  1401  2255 D WindowManager: makeSurface duration=0 name=$_1570
12-18 18:37:49.276  1401  2255 I WindowManager: Relayout hash=2e21f8e, pid=1570, syncId=-1: mAttrs={(540,1260)(wrapxwrap) gr=TOP LEFT CENTER sim={adjust=pan} layoutInDisplayCutoutMode=shortEdges ty=ACCESSIBILITY_OVERLAY fmt=TRANSLUCENT
12-18 18:37:49.276  1401  2255 I WindowManager:   fl=1000318
12-18 18:37:49.276  1401  2255 I WindowManager:   bhv=1
12-18 18:37:49.276  1401  2255 I WindowManager:   fitTypes=206
12-18 18:37:49.276  1401  2255 I WindowManager:   frameRateBoostOnTouch=true
12-18 18:37:49.276  1401  2255 I WindowManager:   dvrrWindowFrameRateHint=true naviIconColor=0}
12-18 18:37:49.280  1401  2773 D WindowManager: finishDrawingWindow: Window{2e21f8e u0 com.katsuyamaki.DroidOSTrackpadKeyboard} mDrawState=DRAW_PENDING seqId=0
12-18 18:37:49.280  1570  1570 I WindowManager: WindowManagerGlobal#removeView, ty=2032, view=android.widget.FrameLayout{f900981 VFE...C.. ........ 0,0-93,93}, caller=android.view.WindowManagerGlobal.removeView:654 android.view.WindowManagerImpl.removeView:211 com.example.coverscreentester.OverlayService.enforceZOrder:1539 
12-18 18:37:49.281  1570  1570 I WindowManager: WindowManagerGlobal#addView, ty=2032, view=android.widget.FrameLayout{f900981 VFE...C.. ........ 0,0-93,93}, caller=android.view.WindowManagerImpl.addView:158 com.example.coverscreentester.OverlayService.enforceZOrder:1539 com.example.coverscreentester.OverlayService.setupBubble$lambda$25$lambda$24:848 
12-18 18:37:49.283  1570  1570 D ViewRootImpl: desktopMode is false
12-18 18:37:49.283  1570  1570 I ViewRootImpl: dVRR is disabled
12-18 18:37:49.288  1570  1570 I WindowManager: WindowManagerGlobal#removeView, ty=2032, view=android.widget.FrameLayout{ab2bcbd V.E...... ........ 0,0-50,50}, caller=android.view.WindowManagerGlobal.removeView:654 android.view.WindowManagerImpl.removeView:211 com.example.coverscreentester.OverlayService.enforceZOrder:1540 
12-18 18:37:49.289  1570  1570 I WindowManager: WindowManagerGlobal#addView, ty=2032, view=android.widget.FrameLayout{ab2bcbd V.E...... ........ 0,0-50,50}, caller=android.view.WindowManagerImpl.addView:158 com.example.coverscreentester.OverlayService.enforceZOrder:1540 com.example.coverscreentester.OverlayService.setupBubble$lambda$25$lambda$24:848 
12-18 18:37:49.291  1570  1570 D ViewRootImpl: desktopMode is false
12-18 18:37:49.291  1570  1570 I ViewRootImpl: dVRR is disabled
12-18 18:37:49.296  1401  2773 I WindowManager: Relayout Window{eeefda1 u0 com.katsuyamaki.DroidOSTrackpadKeyboard}: viewVisibility=0 req=93x93 ty=2032 d0
12-18 18:37:49.296  1401  2773 D WindowManager: makeSurface duration=1 name=$_1570
12-18 18:37:49.297  1401  2773 I WindowManager: Relayout hash=eeefda1, pid=1570, syncId=-1: mAttrs={(187,885)(93x93) gr=TOP START CENTER sim={adjust=pan} layoutInDisplayCutoutMode=shortEdges ty=ACCESSIBILITY_OVERLAY fmt=TRANSLUCENT
12-18 18:37:49.297  1401  2773 I WindowManager:   fl=1000308
12-18 18:37:49.297  1401  2773 I WindowManager:   bhv=1
12-18 18:37:49.297  1401  2773 I WindowManager:   fitTypes=206
12-18 18:37:49.297  1401  2773 I WindowManager:   frameRateBoostOnTouch=true
12-18 18:37:49.297  1401  2773 I WindowManager:   dvrrWindowFrameRateHint=true naviIconColor=0}
12-18 18:37:49.301  1401  2773 D WindowManager: finishDrawingWindow: Window{eeefda1 u0 com.katsuyamaki.DroidOSTrackpadKeyboard} mDrawState=DRAW_PENDING seqId=0
12-18 18:37:49.301  1401  2251 I WindowManager: Relayout Window{11c284c u0 com.katsuyamaki.DroidOSTrackpadKeyboard}: viewVisibility=0 req=50x50 ty=2032 d0
12-18 18:37:49.302  1401  2251 D WindowManager: makeSurface duration=0 name=$_1570
12-18 18:37:49.303  1401  2251 I WindowManager: Relayout hash=11c284c, pid=1570, syncId=-1: mAttrs={(540,1260)(wrapxwrap) gr=TOP LEFT CENTER sim={adjust=pan} layoutInDisplayCutoutMode=shortEdges ty=ACCESSIBILITY_OVERLAY fmt=TRANSLUCENT
12-18 18:37:49.303  1401  2251 I WindowManager:   fl=1000318
12-18 18:37:49.303  1401  2251 I WindowManager:   bhv=1
12-18 18:37:49.303  1401  2251 I WindowManager:   fitTypes=206
12-18 18:37:49.303  1401  2251 I WindowManager:   frameRateBoostOnTouch=true
12-18 18:37:49.303  1401  2251 I WindowManager:   dvrrWindowFrameRateHint=true naviIconColor=0}
12-18 18:37:49.307  1401  2151 D WindowManager: finishDrawingWindow: Window{11c284c u0 com.katsuyamaki.DroidOSTrackpadKeyboard} mDrawState=DRAW_PENDING seqId=0
12-18 18:37:49.309  1401  2255 D WindowManager: finishDrawingWindow: Window{2d1b33 u0 com.katsuyamaki.DroidOSTrackpadKeyboard} mDrawState=HAS_DRAWN seqId=0
12-18 18:37:49.311  1401  1868 D WindowManager: finishDrawingWindow: Window{3ce51cf u0 com.katsuyamaki.DroidOSTrackpadKeyboard} mDrawState=HAS_DRAWN seqId=0
12-18 18:37:49.313  1401  2251 D WindowManager: finishDrawingWindow: Window{11c284c u0 com.katsuyamaki.DroidOSTrackpadKeyboard} mDrawState=HAS_DRAWN seqId=0
12-18 18:37:49.629  1401  2245 I WindowManager: Cancelling animation restarting=false, leash=Surface(name=Surface(name=RemoteWallpaperAnim:1:1)/@0xd604b25 - animation-leash of remote_wallpaper)/@0xa774c7a
12-18 18:37:49.629  1401  2245 I WindowManager: Reparenting to original parent: Surface(name=OneHanded:0:14)/@0xc8374fa, destroy=false, surface=Surface(name=RemoteWallpaperAnim:1:1)/@0xd604b25
12-18 18:37:49.629  1401  2245 D WindowManager: mRunner#onAnimationCancelled, leash=Surface(name=Surface(name=RemoteWallpaperAnim:1:1)/@0xd604b25 - animation-leash of remote_wallpaper)/@0xa774c7a, caller=com.android.server.wm.SurfaceAnimator.cancelAnimation:14 com.android.server.wm.SurfaceAnimator.cancelAnimation:1 com.android.server.wm.WindowContainer.cancelAnimation:3 com.android.server.wm.WindowManagerService.finishRemoteWallpaperAnimation:81 android.view.IWindowManager$Stub.onTransact:4321 
12-18 18:37:49.629  1401  2245 D WindowManager: finishRemoteWallpaperAnimation, success=true
12-18 18:37:49.759  1401  2255 I WindowManager: Relayout Window{898f977 u0 InputMethod}: viewVisibility=8 req=1080x2404 ty=2011 d0
12-18 18:37:49.759  1401  2255 E WindowManager: win=Window{898f977 u0 InputMethod} destroySurfaces: appStopped=true cleanupOnResume=false win.mWindowRemovalAllowed=false win.mRemoveOnExit=false win.mViewVisibility=8 caller=com.android.server.wm.WindowManagerService.tryStartExitingAnimation:134 com.android.server.wm.WindowManagerService.relayoutWindow:1147 com.android.server.wm.Session.relayout:27 android.view.IWindowSession$Stub.onTransact:829 com.android.server.wm.Session.onTransact:1 android.os.Binder.execTransactInternal:1462 android.os.Binder.execTransact:1401 
12-18 18:37:49.760  1401  2255 I WindowManager: Cancelling animation restarting=true, leash=Surface(name=Surface(name=898f977 InputMethod)/@0xbf9fe4d - animation-leash of insets_animation)/@0x75b99a7
12-18 18:37:49.760  1401  2255 I WindowManager: Reparenting to original parent: Surface(name=WindowToken{fe60af5 type=2011 android.os.Binder@f55e02c})/@0x17aed02, destroy=false, surface=Surface(name=898f977 InputMethod)/@0xbf9fe4d
12-18 18:37:49.760  1401  2255 I WindowManager: Reparenting to leash, surface=Surface(name=898f977 InputMethod)/@0xbf9fe4d, leashParent=Surface(name=WindowToken{fe60af5 type=2011 android.os.Binder@f55e02c})/@0x17aed02
12-18 18:37:49.760  1401  2255 D WindowManager: makeSurface duration=0 leash=Surface(name=Surface(name=898f977 InputMethod)/@0xbf9fe4d - animation-leash of insets_animation)/@0xf090a4e
12-18 18:37:49.764  1401  2251 I WindowManager: Relayout Window{5b7421b u0 com.android.systemui.wallpapers.ImageWallpaper}: viewVisibility=0 req=2486x2520 ty=2013 d0
12-18 18:37:49.764  1401  2255 I WindowManager: Relayout hash=898f977, pid=19314, syncId=-1: mAttrs={(0,0)(fillxfill) gr=BOTTOM CENTER_VERTICAL sim={adjust=pan} ty=INPUT_METHOD fmt=TRANSPARENT wanim=0x1030056 preferredMinDisplayRefreshRate=60.0 receive insets ignoring z-order
12-18 18:37:49.764  1401  2255 I WindowManager:   fl=81800108
12-18 18:37:49.764  1401  2255 I WindowManager:   pfl=14000000
12-18 18:37:49.764  1401  2255 I WindowManager:   bhv=1
12-18 18:37:49.764  1401  2255 I WindowManager:   fitTypes=3
12-18 18:37:49.764  1401  2255 I WindowManager:   fitSides=7
12-18 18:37:49.764  1401  2255 I WindowManager:   fitIgnoreVis
12-18 18:37:49.764  1401  2255 I WindowManager:   dvrrWindowFrameRateHint=true
12-18 18:37:49.764  1401  2255 I WindowManager:  dimAmount=0.18 dimDuration=150 naviIconColor=0}
12-18 18:37:49.766  1401  2251 I WindowManager: Relayout hash=5b7421b, pid=2045, syncId=-1: mAttrs={(0,0)(2486x2520) gr=TOP START CENTER layoutInDisplayCutoutMode=always ty=WALLPAPER fmt=RGBX_8888 wanim=0x1030328
12-18 18:37:49.766  1401  2251 I WindowManager:   fl=14318
12-18 18:37:49.766  1401  2251 I WindowManager:   pfl=14
12-18 18:37:49.766  1401  2251 I WindowManager:   bhv=1
12-18 18:37:49.766  1401  2251 I WindowManager:   frameRateBoostOnTouch=true
12-18 18:37:49.766  1401  2251 I WindowManager:   dvrrWindowFrameRateHint=true naviIconColor=0
12-18 18:37:49.766  1401  2251 I WindowManager:   sfl=8}
12-18 18:37:49.766  1401  2255 D WindowManager: setInsetsWindow Window{898f977 u0 InputMethod}, contentInsets=Rect(0, 1904 - 0, 0) -> Rect(0, 2329 - 0, 0), visibleInsets=Rect(0, 1904 - 0, 0) -> Rect(0, 2329 - 0, 0), touchableRegion=SkRegion((0,1904,1080,2404)) -> SkRegion(), touchableInsets 3 -> 3
12-18 18:37:49.768  1401  2245 I WindowManager: Relayout Window{5b7421b u0 com.android.systemui.wallpapers.ImageWallpaper}: viewVisibility=0 req=2486x2520 ty=2013 d0
12-18 18:37:49.770  1401  2245 I WindowManager: Relayout hash=5b7421b, pid=2045, syncId=-1: mAttrs={(0,0)(2486x2520) gr=TOP START CENTER layoutInDisplayCutoutMode=always ty=WALLPAPER fmt=RGBX_8888 wanim=0x1030328
12-18 18:37:49.770  1401  2245 I WindowManager:   fl=14318
12-18 18:37:49.770  1401  2245 I WindowManager:   pfl=14
12-18 18:37:49.770  1401  2245 I WindowManager:   bhv=1
12-18 18:37:49.770  1401  2245 I WindowManager:   frameRateBoostOnTouch=true
12-18 18:37:49.770  1401  2245 I WindowManager:   dvrrWindowFrameRateHint=true naviIconColor=0
12-18 18:37:49.770  1401  2245 I WindowManager:   sfl=8}
12-18 18:37:49.994  1401  1401 D InputDispatcher: Inject motion (0/0): action=0x0, time=119272202854000, f=0x0, d=0 dsdx=1.000000 dtdx=0.000000
12-18 18:37:49.994  1401  1700 I InputDispatcher: Delivering touch to (16162): action: 0x0, f=0x0, d=0, 'c857c99', t=1 +(-50,-200)
12-18 18:37:50.074  1401  1401 D InputDispatcher: Inject motion (0/0): action=0x1, time=119272284041000, f=0x0, d=0 dsdx=1.000000 dtdx=0.000000
12-18 18:37:50.075  1401  1700 I InputDispatcher: Delivering touch to (16162): action: 0x1, f=0x0, d=0, 'c857c99', t=1 +(-50,-200)
12-18 18:37:50.075 16162 16162 W FloatingService: Layer 2038 failed (Permission?), trying Layer 2032...
12-18 18:37:50.075 16162 16162 W FloatingService: java.lang.IllegalArgumentException: Window type mismatch. Window Context's window type is 2032, while LayoutParams' type is set to 2038. Please create another Window Context via createWindowContext(getDisplay(), 2038, null) to add window with type:2038
12-18 18:37:50.075 16162 16162 W FloatingService: 	at android.view.WindowManagerImpl.assertWindowContextTypeMatches(WindowManagerImpl.java:195)
12-18 18:37:50.075 16162 16162 W FloatingService: 	at android.view.WindowManagerImpl.applyTokens(WindowManagerImpl.java:173)
12-18 18:37:50.075 16162 16162 W FloatingService: 	at android.view.WindowManagerImpl.addView(WindowManagerImpl.java:157)
12-18 18:37:50.075 16162 16162 W FloatingService: 	at com.example.quadrantlauncher.FloatingLauncherService.toggleDrawer(FloatingLauncherService.kt:521)
12-18 18:37:50.075 16162 16162 W FloatingService: 	at com.example.quadrantlauncher.FloatingLauncherService.access$toggleDrawer(FloatingLauncherService.kt:54)
12-18 18:37:50.075 16162 16162 W FloatingService: 	at com.example.quadrantlauncher.FloatingLauncherService$setupBubble$1.onTouch(FloatingLauncherService.kt:403)
12-18 18:37:50.075 16162 16162 W FloatingService: 	at android.view.View.performOnTouchCallback(View.java:17224)
12-18 18:37:50.075 16162 16162 W FloatingService: 	at android.view.View.dispatchTouchEvent(View.java:17187)
12-18 18:37:50.075 16162 16162 W FloatingService: 	at android.view.ViewGroup.dispatchTransformedTouchEvent(ViewGroup.java:3360)
12-18 18:37:50.075 16162 16162 W FloatingService: 	at android.view.ViewGroup.dispatchTouchEvent(ViewGroup.java:3027)
12-18 18:37:50.075 16162 16162 W FloatingService: 	at android.view.View.dispatchPointerEvent(View.java:17527)
12-18 18:37:50.075 16162 16162 W FloatingService: 	at android.view.ViewRootImpl$ViewPostImeInputStage.processPointerEvent(ViewRootImpl.java:9787)
12-18 18:37:50.075 16162 16162 W FloatingService: 	at android.view.ViewRootImpl$ViewPostImeInputStage.onProcess(ViewRootImpl.java:9503)
12-18 18:37:50.075 16162 16162 W FloatingService: 	at android.view.ViewRootImpl$InputStage.deliver(ViewRootImpl.java:8841)
12-18 18:37:50.075 16162 16162 W FloatingService: 	at android.view.ViewRootImpl$InputStage.onDeliverToNext(ViewRootImpl.java:8898)
12-18 18:37:50.075 16162 16162 W FloatingService: 	at android.view.ViewRootImpl$InputStage.forward(ViewRootImpl.java:8864)
12-18 18:37:50.075 16162 16162 W FloatingService: 	at android.view.ViewRootImpl$AsyncInputStage.forward(ViewRootImpl.java:9064)
12-18 18:37:50.075 16162 16162 W FloatingService: 	at android.view.ViewRootImpl$InputStage.apply(ViewRootImpl.java:8872)
12-18 18:37:50.075 16162 16162 W FloatingService: 	at android.view.ViewRootImpl$AsyncInputStage.apply(ViewRootImpl.java:9121)
12-18 18:37:50.075 16162 16162 W FloatingService: 	at android.view.ViewRootImpl$InputStage.deliver(ViewRootImpl.java:8845)
12-18 18:37:50.075 16162 16162 W FloatingService: 	at android.view.ViewRootImpl$InputStage.onDeliverToNext(ViewRootImpl.java:8898)
12-18 18:37:50.075 16162 16162 W FloatingService: 	at android.view.ViewRootImpl$InputStage.forward(ViewRootImpl.java:8864)
12-18 18:37:50.075 16162 16162 W FloatingService: 	at android.view.ViewRootImpl$InputStage.apply(ViewRootImpl.java:8872)
12-18 18:37:50.075 16162 16162 W FloatingService: 	at android.view.ViewRootImpl$InputStage.deliver(ViewRootImpl.java:8845)
12-18 18:37:50.075 16162 16162 W FloatingService: 	at android.view.ViewRootImpl.deliverInputEvent(ViewRootImpl.java:12701)
12-18 18:37:50.075 16162 16162 W FloatingService: 	at android.view.ViewRootImpl.doProcessInputEvents(ViewRootImpl.java:12589)
12-18 18:37:50.075 16162 16162 W FloatingService: 	at android.view.ViewRootImpl.enqueueInputEvent(ViewRootImpl.java:12544)
12-18 18:37:50.075 16162 16162 W FloatingService: 	at android.view.ViewRootImpl.processRawInputEvent(ViewRootImpl.java:13081)
12-18 18:37:50.075 16162 16162 W FloatingService: 	at android.view.ViewRootImpl$WindowInputEventReceiver.onInputEvent(ViewRootImpl.java:12831)
12-18 18:37:50.075 16162 16162 W FloatingService: 	at android.view.InputEventReceiver.dispatchInputEvent(InputEventReceiver.java:392)
12-18 18:37:50.075 16162 16162 W FloatingService: 	at android.os.MessageQueue.nativePollOnce(Native Method)
12-18 18:37:50.075 16162 16162 W FloatingService: 	at android.os.MessageQueue.nextLegacy(MessageQueue.java:913)
12-18 18:37:50.075 16162 16162 W FloatingService: 	at android.os.MessageQueue.next(MessageQueue.java:1025)
12-18 18:37:50.075 16162 16162 W FloatingService: 	at android.os.Looper.loopOnce(Looper.java:221)
12-18 18:37:50.075 16162 16162 W FloatingService: 	at android.os.Looper.loop(Looper.java:363)
12-18 18:37:50.075 16162 16162 W FloatingService: 	at android.app.ActivityThread.main(ActivityThread.java:9939)
12-18 18:37:50.075 16162 16162 W FloatingService: 	at java.lang.reflect.Method.invoke(Native Method)
12-18 18:37:50.075 16162 16162 W FloatingService: 	at com.android.internal.os.RuntimeInit$MethodAndArgsCaller.run(RuntimeInit.java:632)
12-18 18:37:50.075 16162 16162 W FloatingService: 	at com.android.internal.os.ZygoteInit.main(ZygoteInit.java:975)
12-18 18:37:50.076 16162 16162 I WindowManager: WindowManagerGlobal#addView, ty=2032, view=android.widget.FrameLayout{e21b085 VFE...C.. .F...... 0,0-1080,2404 aid=1}, caller=android.view.WindowManagerImpl.addView:158 com.example.quadrantlauncher.FloatingLauncherService.toggleDrawer:535 com.example.quadrantlauncher.FloatingLauncherService.access$toggleDrawer:54 
12-18 18:37:50.076 16162 16162 D ViewRootImpl: desktopMode is false
12-18 18:37:50.076 16162 16162 I ViewRootImpl: dVRR is disabled
12-18 18:37:50.080  1401  1868 D WindowManager: Changing focus from Window{3dc2dd0 u0 com.sec.android.app.launcher/com.sec.android.app.launcher.activities.LauncherActivity} to Window{4981526 u0 com.katsuyamaki.DroidOSLauncher} displayId=0 Callers=com.android.server.wm.WindowManagerService.addWindowInner:565 com.android.server.wm.WindowManagerService.addWindow:1842 com.android.server.wm.Session.addToDisplayAsUser:24 android.view.IWindowSession$Stub.onTransact:757 
12-18 18:37:50.080  1401  1868 I WindowManager: Cancelling animation restarting=true, leash=Surface(name=Surface(name=253deac NavigationBar0)/@0x344c78e - animation-leash of insets_animation)/@0xbf350f9
12-18 18:37:50.080  1401  1868 I WindowManager: Reparenting to original parent: Surface(name=WindowToken{742645f type=2019 android.os.BinderProxy@3f7f8b9})/@0xeea6baf, destroy=false, surface=Surface(name=253deac NavigationBar0)/@0x344c78e
12-18 18:37:50.080  1401  1868 I WindowManager: Reparenting to leash, surface=Surface(name=253deac NavigationBar0)/@0x344c78e, leashParent=Surface(name=WindowToken{742645f type=2019 android.os.BinderProxy@3f7f8b9})/@0xeea6baf
12-18 18:37:50.081  1401  1868 D WindowManager: makeSurface duration=1 leash=Surface(name=Surface(name=253deac NavigationBar0)/@0x344c78e - animation-leash of insets_animation)/@0xaf2a2fe
12-18 18:37:50.081  1401  1868 I WindowManager: Cancelling animation restarting=true, leash=Surface(name=Surface(name=7a1affc StatusBar)/@0x9878745 - animation-leash of insets_animation)/@0xf522de7
12-18 18:37:50.081  1401  1868 I WindowManager: Reparenting to original parent: Surface(name=WindowToken{ea68ef type=2000 android.os.BinderProxy@acba6c9})/@0xe49ce9a, destroy=false, surface=Surface(name=7a1affc StatusBar)/@0x9878745
12-18 18:37:50.081  1401  1868 I WindowManager: Reparenting to leash, surface=Surface(name=7a1affc StatusBar)/@0x9878745, leashParent=Surface(name=WindowToken{ea68ef type=2000 android.os.BinderProxy@acba6c9})/@0xe49ce9a
12-18 18:37:50.081  1401  1868 D WindowManager: makeSurface duration=0 leash=Surface(name=Surface(name=7a1affc StatusBar)/@0x9878745 - animation-leash of insets_animation)/@0x829bcac
12-18 18:37:50.082  1401  1868 D WindowManager: updateSystemBarAttributes: displayId=0, focusedCanBeNavColorWin=false, win=Window{4981526 u0 com.katsuyamaki.DroidOSLauncher}, navColorWin=Window{3dc2dd0 u0 com.sec.android.app.launcher/com.sec.android.app.launcher.activities.LauncherActivity}, caller=com.android.server.wm.WindowManagerService.updateFocusedWindowLocked:372 com.android.server.wm.WindowManagerService.addWindowInner:565 com.android.server.wm.WindowManagerService.addWindow:1842 
12-18 18:37:50.082  1401  1868 D WindowManager: updateSystemBarAttributes, bhv=1, apr=0, statusBarAprRegions=[AppearanceRegion{ bounds=[0,0][1080,2520]}], requestedVisibilities=-9
12-18 18:37:50.097  1401  1868 I WindowManager: Relayout Window{4981526 u0 com.katsuyamaki.DroidOSLauncher}: viewVisibility=0 req=1080x2404 ty=2032 d0
12-18 18:37:50.097  1401  1868 D WindowManager: makeSurface duration=0 name=$_16162
12-18 18:37:50.099  1401  1868 I WindowManager: Relayout hash=4981526, pid=16162, syncId=-1: mAttrs={(0,0)(fillxfill) gr=TOP START CENTER sim={adjust=nothing} ty=ACCESSIBILITY_OVERLAY fmt=TRANSLUCENT
12-18 18:37:50.099  1401  1868 I WindowManager:   fl=1000300
12-18 18:37:50.099  1401  1868 I WindowManager:   bhv=1
12-18 18:37:50.099  1401  1868 I WindowManager:   fitTypes=206
12-18 18:37:50.099  1401  1868 I WindowManager:   frameRateBoostOnTouch=true
12-18 18:37:50.099  1401  1868 I WindowManager:   dvrrWindowFrameRateHint=true naviIconColor=0}
12-18 18:37:50.116  1401  2251 D InputDispatcher: Once focus requested (0): 4981526 com.katsuyamaki.DroidOSLauncher
12-18 18:37:50.116  1401  2251 D InputDispatcher: Focus request (0): 4981526 com.katsuyamaki.DroidOSLauncher but waiting because NOT_VISIBLE
12-18 18:37:50.116  1401  2251 D InputDispatcher: Focus left window (0): 3dc2dd0 com.sec.android.app.launcher/com.sec.android.app.launcher.activities.LauncherActivity
12-18 18:37:50.238  1401  2151 D WindowManager: finishDrawingWindow: Window{4981526 u0 com.katsuyamaki.DroidOSLauncher} mDrawState=DRAW_PENDING seqId=0
12-18 18:37:50.240  1401  3507 I WindowManager: Relayout Window{c857c99 u0 com.katsuyamaki.DroidOSLauncher}: viewVisibility=8 req=63x63 ty=2032 d0
12-18 18:37:50.240  1401  3507 E WindowManager: win=Window{c857c99 u0 com.katsuyamaki.DroidOSLauncher} destroySurfaces: appStopped=true cleanupOnResume=false win.mWindowRemovalAllowed=false win.mRemoveOnExit=false win.mViewVisibility=8 caller=com.android.server.wm.WindowManagerService.tryStartExitingAnimation:134 com.android.server.wm.WindowManagerService.relayoutWindow:1147 com.android.server.wm.Session.relayout:27 android.view.IWindowSession$Stub.onTransact:829 com.android.server.wm.Session.onTransact:1 android.os.Binder.execTransactInternal:1457 android.os.Binder.execTransact:1401 
12-18 18:37:50.242  1401  3507 I WindowManager: Relayout hash=c857c99, pid=16162, syncId=-1: mAttrs={(50,200)(wrapxwrap) gr=TOP START CENTER sim={adjust=pan} ty=ACCESSIBILITY_OVERLAY fmt=TRANSLUCENT
12-18 18:37:50.242  1401  3507 I WindowManager:   fl=1040308
12-18 18:37:50.242  1401  3507 I WindowManager:   bhv=1
12-18 18:37:50.242  1401  3507 I WindowManager:   fitTypes=206
12-18 18:37:50.242  1401  3507 I WindowManager:   frameRateBoostOnTouch=true
12-18 18:37:50.242  1401  3507 I WindowManager:   dvrrWindowFrameRateHint=true naviIconColor=0}
12-18 18:37:50.259  1401  2151 D InputDispatcher: Focus entered window (0): 4981526 com.katsuyamaki.DroidOSLauncher
12-18 18:37:50.266  1401  1763 D InputMethodManagerService: isImeSwitcherDisabledPackage : false
12-18 18:37:50.266  1401  1763 D InputMethodManagerService: shouldShowImeSwitcherLocked : checking vis : 3
12-18 18:37:50.267  1401  1763 D InputMethodManagerService: checkDisplayOfStartInputAndUpdateKeyboard: displayId=0, mFocusedDisplayId=0
12-18 18:37:50.269  1401  2255 I WindowManager: Cancelling animation restarting=true, leash=Surface(name=Surface(name=898f977 InputMethod)/@0xbf9fe4d - animation-leash of insets_animation)/@0xf090a4e
12-18 18:37:50.269  1401  2255 I WindowManager: Reparenting to original parent: Surface(name=WindowToken{fe60af5 type=2011 android.os.Binder@f55e02c})/@0x17aed02, destroy=false, surface=Surface(name=898f977 InputMethod)/@0xbf9fe4d
12-18 18:37:50.269  1401  2255 I WindowManager: Reparenting to leash, surface=Surface(name=898f977 InputMethod)/@0xbf9fe4d, leashParent=Surface(name=WindowToken{fe60af5 type=2011 android.os.Binder@f55e02c})/@0x17aed02
12-18 18:37:50.271  1401  2255 D WindowManager: makeSurface duration=2 leash=Surface(name=Surface(name=898f977 InputMethod)/@0xbf9fe4d - animation-leash of insets_animation)/@0xed9010c
12-18 18:37:51.285  1401  1401 D InputDispatcher: Inject motion (0/0): action=0x0, time=119273491996000, f=0x0, d=0 dsdx=1.000000 dtdx=0.000000
12-18 18:37:51.286  1401  1700 I InputDispatcher: Delivering touch to (16162): action: 0x0, f=0x0, d=0, '4981526', t=1 +(0,-116)
12-18 18:37:51.574  1401  1401 D InputDispatcher: Inject motion (0/0): action=0x1, time=119273782722000, f=0x0, d=0 dsdx=1.000000 dtdx=0.000000
12-18 18:37:51.575  1401  1700 I InputDispatcher: Delivering touch to (16162): action: 0x1, f=0x0, d=0, '4981526', t=1 +(0,-116)
12-18 18:37:51.872  1401  1401 D InputDispatcher: Inject motion (0/0): action=0x0, time=119274074830000, f=0x0, d=0 dsdx=1.000000 dtdx=0.000000
12-18 18:37:51.876  1401  1700 I InputDispatcher: Delivering touch to (16162): action: 0x0, f=0x0, d=0, '4981526', t=1 +(0,-116)
12-18 18:37:51.933  1401  1401 D InputDispatcher: Inject motion (0/0): action=0x1, time=119274141340000, f=0x0, d=0 dsdx=1.000000 dtdx=0.000000
12-18 18:37:51.934  1401  1700 I InputDispatcher: Delivering touch to (16162): action: 0x1, f=0x0, d=0, '4981526', t=1 +(0,-116)
12-18 18:37:51.938 16162 16162 I WindowManager: WindowManagerGlobal#removeView, ty=2032, view=android.widget.FrameLayout{e21b085 VFE...C.. .F.P.... 0,0-1080,2404 aid=1}, caller=android.view.WindowManagerGlobal.removeView:654 android.view.WindowManagerImpl.removeView:211 com.example.quadrantlauncher.FloatingLauncherService.toggleDrawer:508 
12-18 18:37:51.955  1401  2255 I WindowManager: Relayout Window{c857c99 u0 com.katsuyamaki.DroidOSLauncher}: viewVisibility=0 req=63x63 ty=2032 d0
12-18 18:37:51.956  1401  2255 D WindowManager: makeSurface duration=1 name=$_16162
12-18 18:37:51.960  1401  2255 I WindowManager: Relayout hash=c857c99, pid=16162, syncId=-1: mAttrs={(50,200)(wrapxwrap) gr=TOP START CENTER sim={adjust=pan} ty=ACCESSIBILITY_OVERLAY fmt=TRANSLUCENT
12-18 18:37:51.960  1401  2255 I WindowManager:   fl=1040308
12-18 18:37:51.960  1401  2255 I WindowManager:   bhv=1
12-18 18:37:51.960  1401  2255 I WindowManager:   fitTypes=206
12-18 18:37:51.960  1401  2255 I WindowManager:   frameRateBoostOnTouch=true
12-18 18:37:51.960  1401  2255 I WindowManager:   dvrrWindowFrameRateHint=true naviIconColor=0}
12-18 18:37:51.981  1401  3507 D InputDispatcher: Focus left window (0): 4981526 com.katsuyamaki.DroidOSLauncher
12-18 18:37:51.982  1401  2151 I WindowManager: Cancelling animation restarting=true, leash=Surface(name=Surface(name=898f977 InputMethod)/@0xbf9fe4d - animation-leash of insets_animation)/@0xed9010c
12-18 18:37:51.982  1401  2151 I WindowManager: Reparenting to original parent: Surface(name=WindowToken{fe60af5 type=2011 android.os.Binder@f55e02c})/@0x17aed02, destroy=false, surface=Surface(name=898f977 InputMethod)/@0xbf9fe4d
12-18 18:37:51.982  1401  2151 I WindowManager: Reparenting to leash, surface=Surface(name=898f977 InputMethod)/@0xbf9fe4d, leashParent=Surface(name=WindowToken{fe60af5 type=2011 android.os.Binder@f55e02c})/@0x17aed02
12-18 18:37:51.983  1401  2151 D WindowManager: makeSurface duration=1 leash=Surface(name=Surface(name=898f977 InputMethod)/@0xbf9fe4d - animation-leash of insets_animation)/@0xe2872c5
12-18 18:37:51.988  1401  2151 D WindowManager: Changing focus from Window{4981526 u0 com.katsuyamaki.DroidOSLauncher} to Window{3dc2dd0 u0 com.sec.android.app.launcher/com.sec.android.app.launcher.activities.LauncherActivity} displayId=0 Callers=com.android.server.wm.WindowState.removeIfPossible:647 com.android.server.wm.Session.remove:16 android.view.IWindowSession$Stub.onTransact:804 com.android.server.wm.Session.onTransact:1 
12-18 18:37:51.988  1401  2151 I WindowManager: Cancelling animation restarting=true, leash=Surface(name=Surface(name=253deac NavigationBar0)/@0x344c78e - animation-leash of insets_animation)/@0xaf2a2fe
