--------- beginning of system
12-20 00:05:37.172  1401  1542 D WindowManager: DeferredDisplayUpdater: partially applying DisplayInfo(1080 x 2520) immediately
--------- beginning of main
12-20 00:05:38.254  1401  1401 D InputDispatcher: Inject motion (0/0): action=0x0, time=185506093512000, f=0x0, d=0 dsdx=1.000000 dtdx=0.000000
12-20 00:05:38.255  1401  1700 I InputDispatcher: Delivering touch to (3972): action: 0x0, f=0x0, d=0, 'c3b8059', t=1 +(-50,-200)
12-20 00:05:38.267  1401  3076 E InputDispatcher: Embedded{TaskInputSink of Surface(name=Decor container of Task=18195)/@0x417d4e1} has feature NO_INPUT_WINDOW, but a non-null token. Clearing
12-20 00:05:38.299  1401  1542 D WindowManager: DeferredDisplayUpdater: partially applying DisplayInfo(1080 x 2520) immediately
12-20 00:05:38.349  1401  1401 D InputDispatcher: Inject motion (0/0): action=0x1, time=185506192896000, f=0x0, d=0 dsdx=1.000000 dtdx=0.000000
12-20 00:05:38.349  1401  1700 I InputDispatcher: Delivering touch to (3972): action: 0x1, f=0x0, d=0, 'c3b8059', t=1 +(-50,-200)
12-20 00:05:38.350  3972  3972 I WindowManager: WindowManagerGlobal#addView, ty=2032, view=android.widget.FrameLayout{ffc88d0 VFE...C.. .F...... 0,0-1080,2404 aid=1}, caller=android.view.WindowManagerImpl.addView:158 com.example.quadrantlauncher.FloatingLauncherService.toggleDrawer:546 com.example.quadrantlauncher.FloatingLauncherService.access$toggleDrawer:54 
12-20 00:05:38.351  3972  3972 D ViewRootImpl: desktopMode is false
12-20 00:05:38.351  3972  3972 I ViewRootImpl: dVRR is disabled
12-20 00:05:38.362  1401  2221 D WindowManager: Changing focus from Window{dea7911 u0 com.termux/com.termux.app.TermuxActivity} to Window{b01e375 u0 com.katsuyamaki.DroidOSLauncher} displayId=0 Callers=com.android.server.wm.WindowManagerService.addWindowInner:565 com.android.server.wm.WindowManagerService.addWindow:1842 com.android.server.wm.Session.addToDisplayAsUser:24 android.view.IWindowSession$Stub.onTransact:757 
12-20 00:05:38.362  1401  2221 I WindowManager: Cancelling animation restarting=true, leash=Surface(name=Surface(name=7a1affc StatusBar)/@0x9878745 - animation-leash of insets_animation)/@0xded6cea
12-20 00:05:38.362  1401  2221 I WindowManager: Reparenting to original parent: Surface(name=WindowToken{ea68ef type=2000 android.os.BinderProxy@acba6c9})/@0xe49ce9a, destroy=false, surface=Surface(name=7a1affc StatusBar)/@0x9878745
12-20 00:05:38.362  1401  2221 I WindowManager: Reparenting to leash, surface=Surface(name=7a1affc StatusBar)/@0x9878745, leashParent=Surface(name=WindowToken{ea68ef type=2000 android.os.BinderProxy@acba6c9})/@0xe49ce9a
12-20 00:05:38.363  1401  2221 D WindowManager: makeSurface duration=0 leash=Surface(name=Surface(name=7a1affc StatusBar)/@0x9878745 - animation-leash of insets_animation)/@0x284e598
12-20 00:05:38.363  1401  2221 D WindowManager: updateSystemBarAttributes: displayId=0, focusedCanBeNavColorWin=false, win=Window{b01e375 u0 com.katsuyamaki.DroidOSLauncher}, navColorWin=Window{b217ba3 u0 InputMethod}, caller=com.android.server.wm.WindowManagerService.updateFocusedWindowLocked:372 com.android.server.wm.WindowManagerService.addWindowInner:565 com.android.server.wm.WindowManagerService.addWindow:1842 
12-20 00:05:38.363  1401  2221 D WindowManager: updateSystemBarAttributes, bhv=1, apr=1048576, statusBarAprRegions=[AppearanceRegion{ bounds=[0,0][1080,2520]}], requestedVisibilities=-9
12-20 00:05:38.381  1401  3076 I WindowManager: Relayout Window{b01e375 u0 com.katsuyamaki.DroidOSLauncher}: viewVisibility=0 req=1080x2404 ty=2032 d0
12-20 00:05:38.382  1401  3076 D WindowManager: makeSurface duration=0 name=$_3972
12-20 00:05:38.384  1401  3076 I WindowManager: Relayout hash=b01e375, pid=3972, syncId=-1: mAttrs={(0,0)(fillxfill) gr=TOP START CENTER sim={adjust=nothing} ty=ACCESSIBILITY_OVERLAY fmt=TRANSLUCENT
12-20 00:05:38.384  1401  3076 I WindowManager:   fl=1000300
12-20 00:05:38.384  1401  3076 I WindowManager:   bhv=1
12-20 00:05:38.384  1401  3076 I WindowManager:   fitTypes=206
12-20 00:05:38.384  1401  3076 I WindowManager:   frameRateBoostOnTouch=true
12-20 00:05:38.384  1401  3076 I WindowManager:   dvrrWindowFrameRateHint=true naviIconColor=0}
12-20 00:05:38.402  1401  2168 D InputDispatcher: Once focus requested (0): b01e375 com.katsuyamaki.DroidOSLauncher
12-20 00:05:38.402  1401  2168 D InputDispatcher: Focus request (0): b01e375 com.katsuyamaki.DroidOSLauncher but waiting because NO_WINDOW
12-20 00:05:38.402  1401  2168 D InputDispatcher: Focus left window (0): dea7911 com.termux/com.termux.app.TermuxActivity
12-20 00:05:38.523  1401  2247 I WindowManager: Relayout Window{c3b8059 u0 com.katsuyamaki.DroidOSLauncher}: viewVisibility=8 req=63x63 ty=2032 d0
12-20 00:05:38.523  1401  2247 E WindowManager: win=Window{c3b8059 u0 com.katsuyamaki.DroidOSLauncher} destroySurfaces: appStopped=true cleanupOnResume=false win.mWindowRemovalAllowed=false win.mRemoveOnExit=false win.mViewVisibility=8 caller=com.android.server.wm.WindowManagerService.tryStartExitingAnimation:134 com.android.server.wm.WindowManagerService.relayoutWindow:1147 com.android.server.wm.Session.relayout:27 android.view.IWindowSession$Stub.onTransact:829 com.android.server.wm.Session.onTransact:1 android.os.Binder.execTransactInternal:1457 android.os.Binder.execTransact:1401 
12-20 00:05:38.525  1401  2247 I WindowManager: Relayout hash=c3b8059, pid=3972, syncId=-1: mAttrs={(50,200)(wrapxwrap) gr=TOP START CENTER sim={adjust=pan} ty=ACCESSIBILITY_OVERLAY fmt=TRANSLUCENT
12-20 00:05:38.525  1401  2247 I WindowManager:   fl=1040308
12-20 00:05:38.525  1401  2247 I WindowManager:   bhv=1
12-20 00:05:38.525  1401  2247 I WindowManager:   fitTypes=206
12-20 00:05:38.525  1401  2247 I WindowManager:   frameRateBoostOnTouch=true
12-20 00:05:38.525  1401  2247 I WindowManager:   dvrrWindowFrameRateHint=true naviIconColor=0}
12-20 00:05:38.525  1401  3703 D WindowManager: finishDrawingWindow: Window{b01e375 u0 com.katsuyamaki.DroidOSLauncher} mDrawState=DRAW_PENDING seqId=0
12-20 00:05:38.589  1401  2247 D InputDispatcher: Focus entered window (0): b01e375 com.katsuyamaki.DroidOSLauncher
12-20 00:05:38.599  1401  1763 D InputMethodManagerService: isImeSwitcherDisabledPackage : false
12-20 00:05:38.599  1401  1763 D InputMethodManagerService: shouldShowImeSwitcherLocked : checking vis : 3
12-20 00:05:38.600  1401  1763 D InputMethodManagerService: checkDisplayOfStartInputAndUpdateKeyboard: displayId=0, mFocusedDisplayId=0
12-20 00:05:38.601  1401  2247 I WindowManager: Cancelling animation restarting=true, leash=Surface(name=Surface(name=b217ba3 InputMethod)/@0xfd8bc1b - animation-leash of insets_animation)/@0xcfc30b1
12-20 00:05:38.601  1401  2247 I WindowManager: Reparenting to original parent: Surface(name=WindowToken{c321922 type=2011 android.os.Binder@edfc6ed})/@0x7a81b8, destroy=false, surface=Surface(name=b217ba3 InputMethod)/@0xfd8bc1b
12-20 00:05:38.601  1401  2247 I WindowManager: Reparenting to leash, surface=Surface(name=b217ba3 InputMethod)/@0xfd8bc1b, leashParent=Surface(name=WindowToken{c321922 type=2011 android.os.Binder@edfc6ed})/@0x7a81b8
12-20 00:05:38.602  1401  2247 D WindowManager: makeSurface duration=1 leash=Surface(name=Surface(name=b217ba3 InputMethod)/@0xfd8bc1b - animation-leash of insets_animation)/@0xd0f9a3f
12-20 00:05:38.604  1401  1545 I WindowManager: Cancelling animation restarting=true, leash=Surface(name=Surface(name=253deac NavigationBar0)/@0x344c78e - animation-leash of insets_animation)/@0x58f1d8c
12-20 00:05:38.604  1401  1545 I WindowManager: Reparenting to original parent: Surface(name=WindowToken{742645f type=2019 android.os.BinderProxy@3f7f8b9})/@0xeea6baf, destroy=false, surface=Surface(name=253deac NavigationBar0)/@0x344c78e
12-20 00:05:38.605  1401  1545 I WindowManager: Reparenting to leash, surface=Surface(name=253deac NavigationBar0)/@0x344c78e, leashParent=Surface(name=WindowToken{742645f type=2019 android.os.BinderProxy@3f7f8b9})/@0xeea6baf
12-20 00:05:38.605  1401  1545 D WindowManager: makeSurface duration=1 leash=Surface(name=Surface(name=253deac NavigationBar0)/@0x344c78e - animation-leash of insets_animation)/@0x9157a6a
12-20 00:05:38.609  1401  1544 I ActivityManager: Changes in 10332 5 to 7, 255 to 128
12-20 00:05:38.617  1401  2168 I WindowManager: Relayout Window{5b7421b u0 com.android.systemui.wallpapers.ImageWallpaper}: viewVisibility=0 req=2486x2520 ty=2013 d0
12-20 00:05:38.623  1401  2168 I WindowManager: Relayout hash=5b7421b, pid=2045, syncId=-1: mAttrs={(0,0)(2486x2520) gr=TOP START CENTER layoutInDisplayCutoutMode=always ty=WALLPAPER fmt=RGBX_8888 wanim=0x1030328
12-20 00:05:38.623  1401  2168 I WindowManager:   fl=14318
12-20 00:05:38.623  1401  2168 I WindowManager:   pfl=14
12-20 00:05:38.623  1401  2168 I WindowManager:   bhv=1
12-20 00:05:38.623  1401  2168 I WindowManager:   frameRateBoostOnTouch=true
12-20 00:05:38.623  1401  2168 I WindowManager:   dvrrWindowFrameRateHint=true naviIconColor=0
12-20 00:05:38.623  1401  2168 I WindowManager:   sfl=8}
12-20 00:05:38.633  1401  3076 D InputMethodManagerService: isImeSwitcherDisabledPackage : false
12-20 00:05:38.646  1401  2247 D InputMethodManagerService: isImeSwitcherDisabledPackage : false
12-20 00:05:38.646  1401  2247 I InputMethodManagerService: setImeWindowStatus: vis=0, backDisposition=0
12-20 00:05:38.656  1401  3507 I WindowManager: Relayout Window{b217ba3 u0 InputMethod}: viewVisibility=0 req=1080x2404 ty=2011 d0
12-20 00:05:38.664  1401  3507 I WindowManager: Relayout hash=b217ba3, pid=0, syncId=-1: mAttrs={(0,0)(fillxfill) gr=BOTTOM CENTER_VERTICAL sim={adjust=pan} ty=INPUT_METHOD fmt=TRANSPARENT wanim=0x1030056 preferredMinDisplayRefreshRate=60.0 receive insets ignoring z-order
12-20 00:05:38.664  1401  3507 I WindowManager:   fl=81800108
12-20 00:05:38.664  1401  3507 I WindowManager:   pfl=14000000
12-20 00:05:38.664  1401  3507 I WindowManager:   bhv=1
12-20 00:05:38.664  1401  3507 I WindowManager:   fitTypes=3
12-20 00:05:38.664  1401  3507 I WindowManager:   fitSides=7
12-20 00:05:38.664  1401  3507 I WindowManager:   fitIgnoreVis
12-20 00:05:38.664  1401  3507 I WindowManager:   dvrrWindowFrameRateHint=true
12-20 00:05:38.664  1401  3507 I WindowManager:  dimAmount=0.18 dimDuration=150 naviIconColor=0}
12-20 00:05:38.664  1401  3507 D WindowManager: setInsetsWindow Window{b217ba3 u0 InputMethod}, contentInsets=Rect(0, 1904 - 0, 0) -> Rect(0, 1904 - 0, 0), visibleInsets=Rect(0, 1904 - 0, 0) -> Rect(0, 1904 - 0, 0), touchableRegion=SkRegion((0,1904,1080,2404)) -> SkRegion((0,1904,1080,2404)), touchableInsets 3 -> 3
12-20 00:05:39.167  1401  3545 I WindowManager: Relayout Window{b217ba3 u0 InputMethod}: viewVisibility=8 req=1080x2404 ty=2011 d0
12-20 00:05:39.168  1401  3545 E WindowManager: win=Window{b217ba3 u0 InputMethod} destroySurfaces: appStopped=true cleanupOnResume=false win.mWindowRemovalAllowed=false win.mRemoveOnExit=false win.mViewVisibility=8 caller=com.android.server.wm.WindowManagerService.tryStartExitingAnimation:134 com.android.server.wm.WindowManagerService.relayoutWindow:1147 com.android.server.wm.Session.relayout:27 android.view.IWindowSession$Stub.onTransact:829 com.android.server.wm.Session.onTransact:1 android.os.Binder.execTransactInternal:1457 android.os.Binder.execTransact:1401 
12-20 00:05:39.169  1401  3545 I WindowManager: Cancelling animation restarting=true, leash=Surface(name=Surface(name=b217ba3 InputMethod)/@0xfd8bc1b - animation-leash of insets_animation)/@0xd0f9a3f
12-20 00:05:39.169  1401  3545 I WindowManager: Reparenting to original parent: Surface(name=WindowToken{c321922 type=2011 android.os.Binder@edfc6ed})/@0x7a81b8, destroy=false, surface=Surface(name=b217ba3 InputMethod)/@0xfd8bc1b
12-20 00:05:39.169  1401  3545 I WindowManager: Reparenting to leash, surface=Surface(name=b217ba3 InputMethod)/@0xfd8bc1b, leashParent=Surface(name=WindowToken{c321922 type=2011 android.os.Binder@edfc6ed})/@0x7a81b8
12-20 00:05:39.170  1401  3545 D WindowManager: makeSurface duration=0 leash=Surface(name=Surface(name=b217ba3 InputMethod)/@0xfd8bc1b - animation-leash of insets_animation)/@0x204f340
12-20 00:05:39.179  1401  3545 I WindowManager: Relayout hash=b217ba3, pid=15168, syncId=-1: mAttrs={(0,0)(fillxfill) gr=BOTTOM CENTER_VERTICAL sim={adjust=pan} ty=INPUT_METHOD fmt=TRANSPARENT wanim=0x1030056 preferredMinDisplayRefreshRate=60.0 receive insets ignoring z-order
12-20 00:05:39.179  1401  3545 I WindowManager:   fl=81800108
12-20 00:05:39.179  1401  3545 I WindowManager:   pfl=14000000
12-20 00:05:39.179  1401  3545 I WindowManager:   bhv=1
12-20 00:05:39.179  1401  3545 I WindowManager:   fitTypes=3
12-20 00:05:39.179  1401  3545 I WindowManager:   fitSides=7
12-20 00:05:39.179  1401  3545 I WindowManager:   fitIgnoreVis
12-20 00:05:39.179  1401  3545 I WindowManager:   dvrrWindowFrameRateHint=true
12-20 00:05:39.179  1401  3545 I WindowManager:  dimAmount=0.18 dimDuration=150 naviIconColor=0}
12-20 00:05:39.181  1401  1470 I WindowManager: Relayout Window{5b7421b u0 com.android.systemui.wallpapers.ImageWallpaper}: viewVisibility=0 req=2486x2520 ty=2013 d0
12-20 00:05:39.182  1401  1470 I WindowManager: Relayout hash=5b7421b, pid=2045, syncId=-1: mAttrs={(0,0)(2486x2520) gr=TOP START CENTER layoutInDisplayCutoutMode=always ty=WALLPAPER fmt=RGBX_8888 wanim=0x1030328
12-20 00:05:39.182  1401  1470 I WindowManager:   fl=14318
12-20 00:05:39.182  1401  1470 I WindowManager:   pfl=14
12-20 00:05:39.182  1401  1470 I WindowManager:   bhv=1
12-20 00:05:39.182  1401  1470 I WindowManager:   frameRateBoostOnTouch=true
12-20 00:05:39.182  1401  1470 I WindowManager:   dvrrWindowFrameRateHint=true naviIconColor=0
12-20 00:05:39.182  1401  1470 I WindowManager:   sfl=8}
12-20 00:05:39.183  1401  3547 D WindowManager: setInsetsWindow Window{b217ba3 u0 InputMethod}, contentInsets=Rect(0, 1904 - 0, 0) -> Rect(0, 2329 - 0, 0), visibleInsets=Rect(0, 1904 - 0, 0) -> Rect(0, 2329 - 0, 0), touchableRegion=SkRegion((0,1904,1080,2404)) -> SkRegion(), touchableInsets 3 -> 3
12-20 00:05:39.195  1401  3545 I WindowManager: Relayout Window{5b7421b u0 com.android.systemui.wallpapers.ImageWallpaper}: viewVisibility=0 req=2486x2520 ty=2013 d0
12-20 00:05:39.201  1401  1542 D WindowManager: DeferredDisplayUpdater: partially applying DisplayInfo(1080 x 2520) immediately
12-20 00:05:39.202  1401  3545 I WindowManager: Relayout hash=5b7421b, pid=2045, syncId=-1: mAttrs={(0,0)(2486x2520) gr=TOP START CENTER layoutInDisplayCutoutMode=always ty=WALLPAPER fmt=RGBX_8888 wanim=0x1030328
12-20 00:05:39.202  1401  3545 I WindowManager:   fl=14318
12-20 00:05:39.202  1401  3545 I WindowManager:   pfl=14
12-20 00:05:39.202  1401  3545 I WindowManager:   bhv=1
12-20 00:05:39.202  1401  3545 I WindowManager:   frameRateBoostOnTouch=true
12-20 00:05:39.202  1401  3545 I WindowManager:   dvrrWindowFrameRateHint=true naviIconColor=0
12-20 00:05:39.202  1401  3545 I WindowManager:   sfl=8}
12-20 00:05:40.608  1401  1542 D WindowManager: DeferredDisplayUpdater: partially applying DisplayInfo(1080 x 2520) immediately
12-20 00:05:40.786  1401  1401 D InputDispatcher: Inject motion (0/0): action=0x0, time=185508626037000, f=0x0, d=0 dsdx=1.000000 dtdx=0.000000
12-20 00:05:40.787  1401  1700 I InputDispatcher: Delivering touch to (3972): action: 0x0, f=0x0, d=0, 'b01e375', t=1 +(0,-116)
12-20 00:05:40.813  1401  1542 D WindowManager: DeferredDisplayUpdater: partially applying DisplayInfo(1080 x 2520) immediately
12-20 00:05:40.820  1401  3507 E InputDispatcher: Embedded{TaskInputSink of Surface(name=Decor container of Task=18195)/@0x417d4e1} has feature NO_INPUT_WINDOW, but a non-null token. Clearing
12-20 00:05:40.906  1401  1401 D InputDispatcher: Inject motion (0/0): action=0x1, time=185508750221000, f=0x0, d=0 dsdx=1.000000 dtdx=0.000000
12-20 00:05:40.906  1401  1700 I InputDispatcher: Delivering touch to (3972): action: 0x1, f=0x0, d=0, 'b01e375', t=1 +(0,-116)
12-20 00:05:41.080  1401  3507 I WindowManager: Using new display size: 1080x2520
12-20 00:05:41.082  1401  3547 I WindowManager: Using new display size: 1080x2520
12-20 00:05:41.087  1401  3507 I ActivityManager: Force stopping com.google.android.googlequicksearchbox appid=10270 user=0: from pid 6562
12-20 00:05:41.088  1401  3507 I ActivityManager: Killing 4510:com.google.android.googlequicksearchbox:search/u0a270 (adj 100): stop com.google.android.googlequicksearchbox due to from pid 6562
12-20 00:05:41.091  1401  3507 D WindowManager: Transition is created, t=TransitionRecord{3fc9507 id=-1 type=CLOSE flags=0x0}, caller=com.android.server.wm.Transition.<init>:182 com.android.server.wm.TransitionController.createTransition:17 com.android.server.wm.TransitionController.requestCloseTransitionIfNeeded:73 com.android.server.wm.WindowProcessController.handleAppDied$1:441 com.android.server.am.ActivityManagerService.handleAppDiedLocked:248 
12-20 00:05:41.092  1401  3507 D WindowManager: prepareSync <SYNC_STATE_WAITING_FOR_DRAW>, mPrepareSyncSeqId=0, win=Window{be217c5 u0 com.google.android.googlequicksearchbox/com.google.android.apps.search.assistant.surfaces.voice.robin.main.MainActivity}
12-20 00:05:41.093  1401  3507 I ActivityManager: Killing 4616:com.google.android.googlequicksearchbox:googleapp/u0a270 (adj 100): stop com.google.android.googlequicksearchbox due to from pid 6562
12-20 00:05:41.110  1401  3507 I ActivityManager: Killing 4499:com.google.android.googlequicksearchbox:interactor/u0a270 (adj 100): stop com.google.android.googlequicksearchbox due to from pid 6562
12-20 00:05:41.113  1401  3507 I ActivityManager:   Force stopping service ServiceRecord{90945ef u0 com.google.android.googlequicksearchbox/com.google.android.apps.gsa.hotword.hotworddetectionservice.GsaHotwordDetectionService:hotword_detector_0 c:android}
12-20 00:05:41.123  1401  1470 W ActivityManager: Unbind failed: could not find connection for android.os.BinderProxy@f54bff9
12-20 00:05:41.124  1401  1544 I ActivityManager: Killing 4639:com.google.android.googlequicksearchbox:trusted_disable_art_image_:com.google.android.apps.gsa.hotword.hotworddetectionservice.GsaHotwordDetectionService:hotword_detector_0/u0a270i306 (adj 100): isolated not needed
12-20 00:05:41.126  1401  3547 W ActivityManager: Service done with onDestroy, but not inDestroying: ServiceRecord{6f028c3 u0 com.google.android.googlequicksearchbox/com.google.frameworks.client.data.android.server.tiktok.assistant.InteractorProcessEndpointService c:com.google.android.googlequicksearchbox}, app=ProcessRecord{e52d6b9 0:com.google.android.googlequicksearchbox:interactor/u0a270}
12-20 00:05:41.133  1401  1544 I ActivityManager: Changes in 99306 5 to 19, 184 to 0
12-20 00:05:41.137  1401  2255 I WindowManager: WIN DEATH: Window{be217c5 u0 com.google.android.googlequicksearchbox/com.google.android.apps.search.assistant.surfaces.voice.robin.main.MainActivity}
12-20 00:05:41.137  1401  2255 D WindowManager: updateSystemBarAttributes: displayId=0, focusedCanBeNavColorWin=false, win=Window{b01e375 u0 com.katsuyamaki.DroidOSLauncher}, navColorWin=Window{8d8ec89 u0 com.sec.android.app.launcher/com.sec.android.app.launcher.activities.LauncherActivity}, caller=com.android.server.wm.DisplayPolicy.finishPostLayoutPolicyLw:17 com.android.server.wm.RootWindowContainer.applySurfaceChangesTransaction$1:195 com.android.server.wm.RootWindowContainer.performSurfacePlacementNoTrace:86 
12-20 00:05:41.137  1401  2255 D WindowManager: updateSystemBarAttributes, bhv=1, apr=0, statusBarAprRegions=[AppearanceRegion{ bounds=[0,0][1080,2520]}], requestedVisibilities=-9
12-20 00:05:41.139  1401  1645 D InputMethodManagerService: onClientRemovedInternalLocked
12-20 00:05:41.149  1401  1544 W ActivityManager: setHasOverlayUi called on unknown pid: 4510
12-20 00:05:41.156  1401  1552 W ActivityManager: pid 1401 system sent binder code 9 with flags 1 to frozen apps and got error -32
12-20 00:05:41.159  1401  1552 W ActivityManager: pid 1401 system sent binder code 1 with flags 1 to frozen apps and got error -32
12-20 00:05:41.164  1401  1551 W ActivityManager: ProcessRecord{e52d6b9 0:com.google.android.googlequicksearchbox:interactor/u0a270} is attached to a previous process 4499
12-20 00:05:41.178  1401  1553 I ActivityManager: Start proc 6584:com.google.android.googlequicksearchbox:interactor/u0a270 for service {com.google.android.googlequicksearchbox/com.google.android.voiceinteraction.GsaVoiceInteractionService}
12-20 00:05:41.178  1401  1553 I ActivityManager: ProcessObserver broadcast disabled
12-20 00:05:41.217  1401  1553 I ActivityManager: Start proc 6596:com.google.android.googlequicksearchbox:search/u0a270 for broadcast {com.google.android.googlequicksearchbox/com.google.android.libraries.assistant.contexttrigger.impl.ContextTriggerBroadcastReceiver_Receiver}
12-20 00:05:41.217  1401  1553 I ActivityManager: ProcessObserver broadcast disabled
12-20 00:05:41.288  1401  2589 I ActivityManager: Changes in 10270 19 to 5, 0 to 255
12-20 00:05:41.322  1401  1765 D InputMethodManagerService: isImeSwitcherDisabledPackage : false
12-20 00:05:41.322  1401  1765 D InputMethodManagerService: shouldShowImeSwitcherLocked : checking vis : 3
12-20 00:05:41.329  1401  1765 D InputMethodManagerService: isImeSwitcherDisabledPackage : false
12-20 00:05:41.329  1401  1765 D InputMethodManagerService: shouldShowImeSwitcherLocked : checking vis : 3
12-20 00:05:41.385  1401  2221 W WindowManager: Cannot find window which accessibility connection is added to
12-20 00:05:41.386  1401  3509 W WindowManager: Failed looking up window session=Session{c966652 2045:u0a10055} callers=com.android.server.wm.Session.remove:10 android.view.IWindowSession$Stub.onTransact:804 com.android.server.wm.Session.onTransact:1 
12-20 00:05:41.386  1401  3509 W WindowManager: Failed looking up window session=Session{c966652 2045:u0a10055} callers=com.android.server.wm.Session.remove:10 android.view.IWindowSession$Stub.onTransact:804 com.android.server.wm.Session.onTransact:1 
12-20 00:05:41.388  1401  2221 W WindowManager: Failed looking up window session=Session{c966652 2045:u0a10055} callers=com.android.server.wm.Session.remove:10 android.view.IWindowSession$Stub.onTransact:804 com.android.server.wm.Session.onTransact:1 
12-20 00:05:41.391  1401  3549 W ActivityManager: pid 1401 system sent binder code 7 with flags 1 to frozen apps and got error -32
12-20 00:05:41.391  1401  3549 W WindowManager: Exception thrown during dispatchAppVisibility Window{be217c5 u0 com.google.android.googlequicksearchbox/com.google.android.apps.search.assistant.surfaces.voice.robin.main.MainActivity EXITING}
12-20 00:05:41.391  1401  3549 W WindowManager: android.os.DeadObjectException
12-20 00:05:41.391  1401  3549 W WindowManager: 	at android.os.BinderProxy.transactNative(Native Method)
12-20 00:05:41.391  1401  3549 W WindowManager: 	at android.os.BinderProxy.transact(BinderProxy.java:661)
12-20 00:05:41.391  1401  3549 W WindowManager: 	at android.view.IWindow$Stub$Proxy.dispatchAppVisibility(IWindow.java:659)
12-20 00:05:41.391  1401  3549 W WindowManager: 	at com.android.server.wm.WindowState.sendAppVisibilityToClients(qb/103247004 13512400faf83fc2d6c21ba3dcd11c0dd5171ba299272a8c647b55f344650924:63)
12-20 00:05:41.391  1401  3549 W WindowManager: 	at com.android.server.wm.WindowContainer.sendAppVisibilityToClients(qb/103247004 13512400faf83fc2d6c21ba3dcd11c0dd5171ba299272a8c647b55f344650924:19)
12-20 00:05:41.391  1401  3549 W WindowManager: 	at com.android.server.wm.WindowToken.setClientVisible(qb/103247004 13512400faf83fc2d6c21ba3dcd11c0dd5171ba299272a8c647b55f344650924:48)
12-20 00:05:41.391  1401  3549 W WindowManager: 	at com.android.server.wm.ActivityRecord.commitVisibility(qb/103247004 13512400faf83fc2d6c21ba3dcd11c0dd5171ba299272a8c647b55f344650924:186)
12-20 00:05:41.391  1401  3549 W WindowManager: 	at com.android.server.wm.TransitionController.finishTransition(qb/103247004 13512400faf83fc2d6c21ba3dcd11c0dd5171ba299272a8c647b55f344650924:825)
12-20 00:05:41.391  1401  3549 W WindowManager: 	at com.android.server.wm.WindowOrganizerController.finishTransitionInner(qb/103247004 13512400faf83fc2d6c21ba3dcd11c0dd5171ba299272a8c647b55f344650924:31)
12-20 00:05:41.391  1401  3549 W WindowManager: 	at com.android.server.wm.WindowOrganizerController.finishAllTransitions(qb/103247004 13512400faf83fc2d6c21ba3dcd11c0dd5171ba299272a8c647b55f344650924:60)
12-20 00:05:41.391  1401  3549 W WindowManager: 	at android.window.IWindowOrganizerController$Stub.onTransact(IWindowOrganizerController.java:283)
12-20 00:05:41.391  1401  3549 W WindowManager: 	at com.android.server.wm.WindowOrganizerController.onTransact(qb/103247004 13512400faf83fc2d6c21ba3dcd11c0dd5171ba299272a8c647b55f344650924:1)
12-20 00:05:41.391  1401  3549 W WindowManager: 	at android.os.Binder.execTransactInternal(Binder.java:1462)
12-20 00:05:41.391  1401  3549 W WindowManager: 	at android.os.Binder.execTransact(Binder.java:1401)
12-20 00:05:41.467  1401  1553 I ActivityManager: Start proc 6693:com.google.android.googlequicksearchbox:googleapp/u0a270 for broadcast {com.google.android.googlequicksearchbox/com.google.android.libraries.notifications.platform.entrypoints.restart.RestartReceiver}
12-20 00:05:41.467  1401  1553 I ActivityManager: ProcessObserver broadcast disabled
12-20 00:05:41.552  1401  1553 I ActivityManager: Start proc 6739:com.google.android.googlequicksearchbox:trusted_disable_art_image_:com.google.android.apps.gsa.hotword.hotworddetectionservice.GsaHotwordDetectionService:hotword_detector_0/u0i307 for service {com.google.android.googlequicksearchbox/com.google.android.apps.gsa.hotword.hotworddetectionservice.GsaHotwordDetectionService:hotword_detector_0}
12-20 00:05:41.552  1401  1553 I ActivityManager: ProcessObserver broadcast disabled
12-20 00:05:41.560  1401  1552 I ActivityManager: Changes in 10262 19 to 11, 0 to 128
12-20 00:05:41.584  1401  2221 I ActivityManager: Changes in 10262 11 to 19, 128 to 0
12-20 00:05:41.594  1401  2221 I ActivityManager: Changes in 99307 19 to 5, 0 to 184
12-20 00:05:42.044  1401  2168 D WindowManager: Transition is created, t=TransitionRecord{41c58db id=-1 type=OPEN flags=0x0}, caller=com.android.server.wm.Transition.<init>:182 com.android.server.wm.TransitionController.createAndStartCollecting:106 com.android.server.wm.ActivityStarter.executeRequest:3537 com.android.server.wm.ActivityStarter.execute:1873 com.android.server.wm.ActivityTaskManagerService.startActivityAsUser:87 
12-20 00:05:42.049  1401  2168 D WindowManager: Aborting Transition: 10334 in state 0 called from com.android.server.wm.ActivityStarter.handleStartResult:802
12-20 00:05:42.055  1401  3075 D WindowManager: Transition is created, t=TransitionRecord{b7da7b7 id=-1 type=OPEN flags=0x0}, caller=com.android.server.wm.Transition.<init>:182 com.android.server.wm.TransitionController.createAndStartCollecting:106 com.android.server.wm.ActivityStarter.executeRequest:3537 com.android.server.wm.ActivityStarter.execute:1873 com.android.server.wm.ActivityTaskManagerService.startActivityAsUser:87 
12-20 00:05:42.058  1401  3075 D WindowManager: Aborting Transition: 10335 in state 0 called from com.android.server.wm.ActivityStarter.handleStartResult:802
12-20 00:05:42.059  1401  3548 I WindowManager: Relayout Window{dea7911 u0 com.termux/com.termux.app.TermuxActivity}: viewVisibility=0 req=1080x1260 ty=1 d0
12-20 00:05:42.061  1401  3548 I WindowManager: Relayout hash=dea7911, pid=0, syncId=-1: mAttrs={(0,0)(fillxfill) sim={adjust=resize forwardNavigation} ty=BASE_APPLICATION wanim=0x1030317
12-20 00:05:42.061  1401  3548 I WindowManager:   fl=8d810100
12-20 00:05:42.061  1401  3548 I WindowManager:   pfl=10008040
12-20 00:05:42.061  1401  3548 I WindowManager:   vsysui=700
12-20 00:05:42.061  1401  3548 I WindowManager:   bhv=1
12-20 00:05:42.061  1401  3548 I WindowManager:   fitSides=0
12-20 00:05:42.061  1401  3548 I WindowManager:   frameRateBoostOnTouch=true
12-20 00:05:42.061  1401  3548 I WindowManager:   dvrrWindowFrameRateHint=true naviIconColor=0}
12-20 00:05:42.068  1401  3548 I WindowManager: Relayout Window{dea7911 u0 com.termux/com.termux.app.TermuxActivity}: viewVisibility=0 req=1080x1260 ty=1 d0
12-20 00:05:42.070  1401  3548 I WindowManager: Relayout hash=dea7911, pid=0, syncId=-1: mAttrs={(0,0)(fillxfill) sim={adjust=resize forwardNavigation} ty=BASE_APPLICATION wanim=0x1030317
12-20 00:05:42.070  1401  3548 I WindowManager:   fl=8d810100
12-20 00:05:42.070  1401  3548 I WindowManager:   pfl=10008040
12-20 00:05:42.070  1401  3548 I WindowManager:   vsysui=700
12-20 00:05:42.070  1401  3548 I WindowManager:   bhv=1
12-20 00:05:42.070  1401  3548 I WindowManager:   fitSides=0
12-20 00:05:42.070  1401  3548 I WindowManager:   frameRateBoostOnTouch=true
12-20 00:05:42.070  1401  3548 I WindowManager:   dvrrWindowFrameRateHint=true naviIconColor=0}
12-20 00:05:42.114  1401  3075 D WindowManager: Transition is created, t=TransitionRecord{b64fe8e id=-1 type=OPEN flags=0x0}, caller=com.android.server.wm.Transition.<init>:182 com.android.server.wm.TransitionController.createAndStartCollecting:106 com.android.server.wm.ActivityStarter.executeRequest:3537 com.android.server.wm.ActivityStarter.execute:1873 com.android.server.wm.ActivityTaskManagerService.startActivityAsUser:87 
12-20 00:05:42.116  1401  3075 D WindowManager: Aborting Transition: 10336 in state 0 called from com.android.server.wm.ActivityStarter.handleStartResult:802
12-20 00:05:42.125  1401  2168 I WindowManager: Relayout Window{dea7911 u0 com.termux/com.termux.app.TermuxActivity}: viewVisibility=0 req=1080x1260 ty=1 d0
12-20 00:05:42.126  1401  2168 I WindowManager: Relayout hash=dea7911, pid=0, syncId=-1: mAttrs={(0,0)(fillxfill) sim={adjust=resize forwardNavigation} ty=BASE_APPLICATION wanim=0x1030317
12-20 00:05:42.126  1401  2168 I WindowManager:   fl=8d810100
12-20 00:05:42.126  1401  2168 I WindowManager:   pfl=10008040
12-20 00:05:42.126  1401  2168 I WindowManager:   vsysui=700
12-20 00:05:42.126  1401  2168 I WindowManager:   bhv=1
12-20 00:05:42.126  1401  2168 I WindowManager:   fitSides=0
12-20 00:05:42.126  1401  2168 I WindowManager:   frameRateBoostOnTouch=true
12-20 00:05:42.126  1401  2168 I WindowManager:   dvrrWindowFrameRateHint=true naviIconColor=0}
12-20 00:05:42.137  1401  2168 D WindowManager: Transition is created, t=TransitionRecord{1765166 id=-1 type=OPEN flags=0x0}, caller=com.android.server.wm.Transition.<init>:182 com.android.server.wm.TransitionController.createAndStartCollecting:106 com.android.server.wm.ActivityStarter.executeRequest:3537 com.android.server.wm.ActivityStarter.execute:1873 com.android.server.wm.ActivityTaskManagerService.startActivityAsUser:87 
12-20 00:05:42.139  1401  2168 D WindowManager: Aborting Transition: 10337 in state 0 called from com.android.server.wm.ActivityStarter.handleStartResult:802
12-20 00:05:42.142  1401  2168 I WindowManager: Relayout Window{dea7911 u0 com.termux/com.termux.app.TermuxActivity}: viewVisibility=0 req=1080x1260 ty=1 d0
12-20 00:05:42.143  1401  2168 I WindowManager: Relayout hash=dea7911, pid=0, syncId=-1: mAttrs={(0,0)(fillxfill) sim={adjust=resize forwardNavigation} ty=BASE_APPLICATION wanim=0x1030317
12-20 00:05:42.143  1401  2168 I WindowManager:   fl=8d810100
12-20 00:05:42.143  1401  2168 I WindowManager:   pfl=10008040
12-20 00:05:42.143  1401  2168 I WindowManager:   vsysui=700
12-20 00:05:42.143  1401  2168 I WindowManager:   bhv=1
12-20 00:05:42.143  1401  2168 I WindowManager:   fitSides=0
12-20 00:05:42.143  1401  2168 I WindowManager:   frameRateBoostOnTouch=true
12-20 00:05:42.143  1401  2168 I WindowManager:   dvrrWindowFrameRateHint=true naviIconColor=0}
12-20 00:05:42.303  1401  2168 D WindowManager: Transition is created, t=TransitionRecord{c6d784d id=-1 type=CHANGE flags=0x0}, caller=com.android.server.wm.Transition.<init>:182 com.android.server.wm.ActivityTaskManagerService.resizeTask:129 com.android.server.am.ActivityManagerShellCommand.runTask:220 com.android.server.am.ActivityManagerShellCommand.onCommand:1690 com.android.modules.utils.BasicShellCommandHandler.exec:97 
12-20 00:05:42.303  1401  2168 D WindowManager: prepareSync <SYNC_STATE_WAITING_FOR_DRAW>, mPrepareSyncSeqId=0, win=Window{dea7911 u0 com.termux/com.termux.app.TermuxActivity}
12-20 00:05:42.313  1401  3075 E InputDispatcher: Embedded{TaskInputSink of Surface(name=Decor container of Task=18195)/@0x417d4e1} has feature NO_INPUT_WINDOW, but a non-null token. Clearing
12-20 00:05:42.320  1401  2168 D WindowManager: Transition is created, t=TransitionRecord{7e6405 id=-1 type=CHANGE flags=0x0}, caller=com.android.server.wm.Transition.<init>:182 com.android.server.wm.ActivityTaskManagerService.resizeTask:129 com.android.server.am.ActivityManagerShellCommand.runTask:220 com.android.server.am.ActivityManagerShellCommand.onCommand:1690 com.android.modules.utils.BasicShellCommandHandler.exec:97 
12-20 00:05:42.320  1401  2168 D WindowManager: prepareSync <SYNC_STATE_WAITING_FOR_DRAW>, mPrepareSyncSeqId=0, win=Window{dea7911 u0 com.termux/com.termux.app.TermuxActivity}
12-20 00:05:42.946  1401  1401 D InputDispatcher: Inject motion (0/0): action=0x0, time=185510789793000, f=0x0, d=0 dsdx=1.000000 dtdx=0.000000
12-20 00:05:42.946  1401  1700 I InputDispatcher: Delivering touch to (3972): action: 0x0, f=0x0, d=0, 'b01e375', t=1 +(0,-116)
12-20 00:05:42.994  1401  2168 D WindowManager: Transition is created, t=TransitionRecord{5d837d3 id=-1 type=CHANGE flags=0x0}, caller=com.android.server.wm.Transition.<init>:182 com.android.server.wm.ActivityTaskManagerService.resizeTask:129 com.android.server.am.ActivityManagerShellCommand.runTask:220 com.android.server.am.ActivityManagerShellCommand.onCommand:1690 com.android.modules.utils.BasicShellCommandHandler.exec:97 
12-20 00:05:42.995  1401  2168 D WindowManager: prepareSync <SYNC_STATE_WAITING_FOR_DRAW>, mPrepareSyncSeqId=0, win=Window{dea7911 u0 com.termux/com.termux.app.TermuxActivity}
12-20 00:05:43.029  1401  1401 D InputDispatcher: Inject motion (0/0): action=0x1, time=185510872913000, f=0x0, d=0 dsdx=1.000000 dtdx=0.000000
12-20 00:05:43.029  1401  1700 I InputDispatcher: Delivering touch to (3972): action: 0x1, f=0x0, d=0, 'b01e375', t=1 +(0,-116)
12-20 00:05:43.032  1401  3548 D WindowManager: Transition is created, t=TransitionRecord{4c4ce4b id=-1 type=CHANGE flags=0x0}, caller=com.android.server.wm.Transition.<init>:182 com.android.server.wm.ActivityTaskManagerService.resizeTask:129 com.android.server.am.ActivityManagerShellCommand.runTask:220 com.android.server.am.ActivityManagerShellCommand.onCommand:1690 com.android.modules.utils.BasicShellCommandHandler.exec:97 
12-20 00:05:43.033  1401  3548 D WindowManager: prepareSync <SYNC_STATE_WAITING_FOR_DRAW>, mPrepareSyncSeqId=0, win=Window{dea7911 u0 com.termux/com.termux.app.TermuxActivity}
12-20 00:05:43.049  1401  3075 D InputDispatcher: Focused application(0): ActivityRecord{237228353 u0 com.google.android.apps.bard/.shellapp.BardEntryPointActivity t18324}
12-20 00:05:43.052  1401  1544 I ActivityManager: Changes in 10272 19 to 2, 0 to 255
12-20 00:05:43.070  1401  2591 D InputDispatcher: Focused application(0): ActivityRecord{216173745 u0 com.google.android.googlequicksearchbox/com.google.android.apps.search.assistant.surfaces.voice.deeplinks.handlers.gateway.impl.MainAssistantDeeplink t18324}
12-20 00:05:43.089  1401  3509 I ActivityManager: Changes in 10395 19 to 3, 0 to 144
12-20 00:05:43.094  6596  6596 D ViewRootImpl: desktopMode is false
12-20 00:05:43.095  6596  6596 I ViewRootImpl: dVRR is disabled
12-20 00:05:43.095  1401  2237 I WindowManager: Relayout Window{8d8ec89 u0 com.sec.android.app.launcher/com.sec.android.app.launcher.activities.LauncherActivity}: viewVisibility=0 req=1080x2520 ty=1 d0
12-20 00:05:43.096  1401  2237 I WindowManager: Relayout hash=8d8ec89, pid=0, syncId=-1: mAttrs={(0,0)(fillxfill) sim={adjust=nothing} layoutInDisplayCutoutMode=always ty=BASE_APPLICATION fmt=TRANSPARENT wanim=0x1030306
12-20 00:05:43.096  1401  2237 I WindowManager:   fl=81910100
12-20 00:05:43.096  1401  2237 I WindowManager:   pfl=10008840
12-20 00:05:43.096  1401  2237 I WindowManager:   bhv=2
12-20 00:05:43.096  1401  2237 I WindowManager:   fitSides=0
12-20 00:05:43.096  1401  2237 I WindowManager:   frameRateBoostOnTouch=true
12-20 00:05:43.096  1401  2237 I WindowManager:   dvrrWindowFrameRateHint=true screenDimDuration=200000 naviIconColor=0}
12-20 00:05:43.099  1401  1544 I ActivityManager: Changes in 10272 2 to 19, 255 to 128
12-20 00:05:43.104  1401  3548 D WindowManager: prepareSync <SYNC_STATE_WAITING_FOR_DRAW>, mPrepareSyncSeqId=0, win=Window{a4d2230 u0 com.google.android.googlequicksearchbox/com.google.android.apps.search.assistant.surfaces.voice.deeplinks.handlers.gateway.impl.MainAssistantDeeplink}
12-20 00:05:43.113  6596  6596 D ViewRootImpl: Skipping stats log for color mode
12-20 00:05:43.118  6596  6596 D ViewRootImpl: desktopMode is false
12-20 00:05:43.118  6596  6596 I ViewRootImpl: dVRR is disabled
12-20 00:05:43.119  1401  3074 D WindowManager: prepareSync <SYNC_STATE_WAITING_FOR_DRAW>, mPrepareSyncSeqId=0, win=Window{5eb931d u0 com.google.android.googlequicksearchbox/com.google.android.apps.search.assistant.surfaces.voice.deeplinks.handlers.gateway.impl.MainAssistantDeeplink}
12-20 00:05:43.121  1401  2251 I WindowManager: Relayout Window{5eb931d u0 com.google.android.googlequicksearchbox/com.google.android.apps.search.assistant.surfaces.voice.deeplinks.handlers.gateway.impl.MainAssistantDeeplink}: viewVisibility=0 req=0x0 ty=1 d0
12-20 00:05:43.121  1401  2251 D WindowManager: makeSurface duration=0 name=com.google.android.googlequicksearchbox/com.google.android.apps.search.assistant.surfaces.voice.deeplinks.handlers.gateway.impl.MainAssistantDeeplink$_6596
12-20 00:05:43.121  1401  2251 I WindowManager: Relayout hash=5eb931d, pid=6596, syncId=-1: mAttrs={(0,0)(wrapxwrap) sim={adjust=pan} ty=BASE_APPLICATION fmt=TRANSPARENT
12-20 00:05:43.121  1401  2251 I WindowManager:   fl=1800000
12-20 00:05:43.121  1401  2251 I WindowManager:   pfl=40000880
12-20 00:05:43.121  1401  2251 I WindowManager:   bhv=1
12-20 00:05:43.121  1401  2251 I WindowManager:   fitTypes=207
12-20 00:05:43.121  1401  2251 I WindowManager:   frameRateBoostOnTouch=true
12-20 00:05:43.121  1401  2251 I WindowManager:   dvrrWindowFrameRateHint=true naviIconColor=0}
12-20 00:05:43.124  1401  2251 D WindowManager: finishDrawingWindow: Window{5eb931d u0 com.google.android.googlequicksearchbox/com.google.android.apps.search.assistant.surfaces.voice.deeplinks.handlers.gateway.impl.MainAssistantDeeplink} mDrawState=DRAW_PENDING seqId=0
12-20 00:05:43.124  1401  2251 I WindowManager: finishDrawing of relaunch: Window{5eb931d u0 com.google.android.googlequicksearchbox/com.google.android.apps.search.assistant.surfaces.voice.deeplinks.handlers.gateway.impl.MainAssistantDeeplink} 42ms
12-20 00:05:43.136  1401  1544 I ActivityManager: Changes in 10272 19 to 19, 128 to 0
12-20 00:05:43.154  1401  3548 D WindowManager: Transition is created, t=TransitionRecord{6801295 id=-1 type=OPEN flags=0x0}, caller=com.android.server.wm.Transition.<init>:182 com.android.server.wm.TransitionController.createAndStartCollecting:106 com.android.server.wm.ActivityStarter.executeRequest:3537 com.android.server.wm.ActivityStarter.execute:1873 com.android.server.wm.ActivityStartController.startActivities:98 
12-20 00:05:43.156  1401  3548 D InputDispatcher: Focused application(0): ActivityRecord{242188202 u0 com.google.android.googlequicksearchbox/com.google.android.apps.search.assistant.surfaces.voice.robin.main.MainActivity t18325}
12-20 00:05:43.157  1401  3548 D WindowManager: deferringAddStartActivities clear
12-20 00:05:43.158  1401  2168 D WindowManager: prepareSync <SYNC_STATE_WAITING_FOR_DRAW>, mPrepareSyncSeqId=0, win=Window{5eb931d u0 com.google.android.googlequicksearchbox/com.google.android.apps.search.assistant.surfaces.voice.deeplinks.handlers.gateway.impl.MainAssistantDeeplink}
12-20 00:05:43.165  2045  2203 D ViewRootImpl: desktopMode is false
12-20 00:05:43.165  2045  2203 I ViewRootImpl: dVRR is disabled
12-20 00:05:43.168  1401  3074 D WindowManager: prepareSync <SYNC_STATE_WAITING_FOR_DRAW>, mPrepareSyncSeqId=0, win=Window{4385f26 u0 Splash Screen com.google.android.googlequicksearchbox}
12-20 00:05:43.174  1401  3545 I WindowManager: Relayout Window{4385f26 u0 Splash Screen com.google.android.googlequicksearchbox}: viewVisibility=0 req=1080x2520 ty=3 d0
12-20 00:05:43.174  1401  3545 D WindowManager: makeSurface duration=0 name=Splash Screen com.google.android.googlequicksearchbox$_2045
12-20 00:05:43.175  1401  3545 I WindowManager: Relayout hash=4385f26, pid=2045, syncId=-1: mAttrs={(0,0)(fillxfill) sim={adjust=pan} layoutInDisplayCutoutMode=always ty=APPLICATION_STARTING fmt=TRANSLUCENT wanim=0x1030317
12-20 00:05:43.175  1401  3545 I WindowManager:   fl=81030118
12-20 00:05:43.175  1401  3545 I WindowManager:   pfl=10000810
12-20 00:05:43.175  1401  3545 I WindowManager:   bhv=1
12-20 00:05:43.175  1401  3545 I WindowManager:   fitSides=0
12-20 00:05:43.175  1401  3545 I WindowManager:   frameRateBoostOnTouch=true
12-20 00:05:43.175  1401  3545 I WindowManager:   dvrrWindowFrameRateHint=true naviIconColor=0}
12-20 00:05:43.179  1401  3545 D WindowManager: finishDrawingWindow: Window{4385f26 u0 Splash Screen com.google.android.googlequicksearchbox} mDrawState=DRAW_PENDING seqId=0
12-20 00:05:43.196  6596  6596 D ViewRootImpl: desktopMode is false
12-20 00:05:43.196  6596  6596 I ViewRootImpl: dVRR is disabled
12-20 00:05:43.197  1401  3548 D WindowManager: prepareSync <SYNC_STATE_WAITING_FOR_DRAW>, mPrepareSyncSeqId=0, win=Window{554dc55 u0 com.google.android.googlequicksearchbox/com.google.android.apps.search.assistant.surfaces.voice.robin.main.MainActivity}
12-20 00:05:43.204  2045  2142 D ViewRootImpl: desktopMode is false
12-20 00:05:43.204  2045  2142 I ViewRootImpl: dVRR is disabled
12-20 00:05:43.205  1401  3548 I WindowManager: Relayout Window{554dc55 u0 com.google.android.googlequicksearchbox/com.google.android.apps.search.assistant.surfaces.voice.robin.main.MainActivity}: viewVisibility=0 req=918x1260 ty=1 d0
12-20 00:05:43.205  1401  3548 D WindowManager: makeSurface duration=0 name=com.google.android.googlequicksearchbox/com.google.android.apps.search.assistant.surfaces.voice.robin.main.MainActivity$_6596
12-20 00:05:43.206  1401  3548 I WindowManager: Relayout hash=554dc55, pid=6596, syncId=-1: mAttrs={(0,0)(fillxfill) sim={adjust=resize forwardNavigation} layoutInDisplayCutoutMode=always ty=BASE_APPLICATION wanim=0x1030317
12-20 00:05:43.206  1401  3548 I WindowManager:   fl=81810100
12-20 00:05:43.206  1401  3548 I WindowManager:   pfl=100088c0
12-20 00:05:43.206  1401  3548 I WindowManager:   bhv=1
12-20 00:05:43.206  1401  3548 I WindowManager:   fitSides=0
12-20 00:05:43.206  1401  3548 I WindowManager:   frameRateBoostOnTouch=true
12-20 00:05:43.206  1401  3548 I WindowManager:   dvrrWindowFrameRateHint=true naviIconColor=0}
12-20 00:05:43.208  1401  1868 W WindowManager: Cannot find window which accessibility connection is added to
12-20 00:05:43.211  1401  1868 D WindowManager: finishDrawingWindow: Window{554dc55 u0 com.google.android.googlequicksearchbox/com.google.android.apps.search.assistant.surfaces.voice.robin.main.MainActivity} mDrawState=DRAW_PENDING seqId=0
12-20 00:05:43.272  1401  2221 I WindowManager: Using new display size: 1080x2520
12-20 00:05:43.286  1401  2251 I WindowManager: Relayout Window{4385f26 u0 Splash Screen com.google.android.googlequicksearchbox}: viewVisibility=8 req=918x1260 ty=3 d0
12-20 00:05:43.288  1401  3548 D WindowManager: finishDrawingWindow: Window{554dc55 u0 com.google.android.googlequicksearchbox/com.google.android.apps.search.assistant.surfaces.voice.robin.main.MainActivity} mDrawState=HAS_DRAWN seqId=0
12-20 00:05:43.289  1401  2251 I WindowManager: Relayout hash=4385f26, pid=2045, syncId=-1: mAttrs={(0,0)(fillxfill) sim={adjust=pan} layoutInDisplayCutoutMode=always ty=APPLICATION_STARTING fmt=TRANSLUCENT wanim=0x1030317
12-20 00:05:43.289  1401  2251 I WindowManager:   fl=81030118
12-20 00:05:43.289  1401  2251 I WindowManager:   pfl=10000810
12-20 00:05:43.289  1401  2251 I WindowManager:   bhv=1
12-20 00:05:43.289  1401  2251 I WindowManager:   fitSides=0
12-20 00:05:43.289  1401  2251 I WindowManager:   frameRateBoostOnTouch=true
12-20 00:05:43.289  1401  2251 I WindowManager:   dvrrWindowFrameRateHint=true naviIconColor=0}
12-20 00:05:43.291  1401  3548 D WindowManager: Starting window removed Window{4385f26 u0 Splash Screen com.google.android.googlequicksearchbox}
12-20 00:05:43.319  1401  2237 E InputDispatcher: Embedded{TaskInputSink of Surface(name=Decor container of Task=18325)/@0xaf94a60} has feature NO_INPUT_WINDOW, but a non-null token. Clearing
12-20 00:05:43.534  6596  6596 D ViewRootImpl: Skipping stats log for color mode
12-20 00:05:43.875  1401  3545 I WindowManager: Using new display size: 1080x2520
12-20 00:05:44.210  1401  3545 D WindowManager: Transition is created, t=TransitionRecord{96171f0 id=-1 type=OPEN flags=0x0}, caller=com.android.server.wm.Transition.<init>:182 com.android.server.wm.TransitionController.createAndStartCollecting:106 com.android.server.wm.ActivityStarter.executeRequest:3537 com.android.server.wm.ActivityStarter.execute:1873 com.android.server.wm.ActivityTaskManagerService.startActivityAsUser:87 
12-20 00:05:44.214  1401  3545 D InputDispatcher: Focused application(0): ActivityRecord{147709724 u0 com.termux/.app.TermuxActivity t18195}
12-20 00:05:44.217  1401  3545 D WindowManager: Aborting Transition: 10343 in state 0 called from com.android.server.wm.ActivityStarter.handleStartResult:802
12-20 00:05:44.223  1401  1868 I WindowManager: Relayout Window{dea7911 u0 com.termux/com.termux.app.TermuxActivity}: viewVisibility=0 req=1080x1260 ty=1 d0
12-20 00:05:44.224  1401  1868 I WindowManager: Relayout hash=dea7911, pid=0, syncId=-1: mAttrs={(0,0)(fillxfill) sim={adjust=resize forwardNavigation} ty=BASE_APPLICATION wanim=0x1030317
12-20 00:05:44.224  1401  1868 I WindowManager:   fl=8d810100
12-20 00:05:44.224  1401  1868 I WindowManager:   pfl=10008040
12-20 00:05:44.224  1401  1868 I WindowManager:   vsysui=700
12-20 00:05:44.224  1401  1868 I WindowManager:   bhv=1
12-20 00:05:44.224  1401  1868 I WindowManager:   fitSides=0
12-20 00:05:44.224  1401  1868 I WindowManager:   frameRateBoostOnTouch=true
12-20 00:05:44.224  1401  1868 I WindowManager:   dvrrWindowFrameRateHint=true naviIconColor=0}
12-20 00:05:44.281  1401  3548 D WindowManager: Transition is created, t=TransitionRecord{9fd6ef8 id=-1 type=OPEN flags=0x0}, caller=com.android.server.wm.Transition.<init>:182 com.android.server.wm.TransitionController.createAndStartCollecting:106 com.android.server.wm.ActivityStarter.executeRequest:3537 com.android.server.wm.ActivityStarter.execute:1873 com.android.server.wm.ActivityTaskManagerService.startActivityAsUser:87 
12-20 00:05:44.283  1401  3548 D WindowManager: Aborting Transition: 10344 in state 0 called from com.android.server.wm.ActivityStarter.handleStartResult:802
12-20 00:05:44.290  1401  3548 I WindowManager: Relayout Window{dea7911 u0 com.termux/com.termux.app.TermuxActivity}: viewVisibility=0 req=1080x1260 ty=1 d0
12-20 00:05:44.291  1401  3548 I WindowManager: Relayout hash=dea7911, pid=0, syncId=-1: mAttrs={(0,0)(fillxfill) sim={adjust=resize forwardNavigation} ty=BASE_APPLICATION wanim=0x1030317
12-20 00:05:44.291  1401  3548 I WindowManager:   fl=8d810100
12-20 00:05:44.291  1401  3548 I WindowManager:   pfl=10008040
12-20 00:05:44.291  1401  3548 I WindowManager:   vsysui=700
12-20 00:05:44.291  1401  3548 I WindowManager:   bhv=1
12-20 00:05:44.291  1401  3548 I WindowManager:   fitSides=0
12-20 00:05:44.291  1401  3548 I WindowManager:   frameRateBoostOnTouch=true
12-20 00:05:44.291  1401  3548 I WindowManager:   dvrrWindowFrameRateHint=true naviIconColor=0}
12-20 00:05:44.359  1401  1868 D WindowManager: Transition is created, t=TransitionRecord{83bc80d id=-1 type=OPEN flags=0x0}, caller=com.android.server.wm.Transition.<init>:182 com.android.server.wm.TransitionController.createAndStartCollecting:106 com.android.server.wm.ActivityStarter.executeRequest:3537 com.android.server.wm.ActivityStarter.execute:1873 com.android.server.wm.ActivityTaskManagerService.startActivityAsUser:87 
12-20 00:05:44.365  1401  1868 D InputDispatcher: Focused application(0): ActivityRecord{63552823 u0 com.google.android.apps.bard/.shellapp.BardEntryPointActivity t18326}
12-20 00:05:44.368  1401  2251 E InputDispatcher: Embedded{TaskInputSink of Surface(name=Decor container of Task=18325)/@0xaf94a60} has feature NO_INPUT_WINDOW, but a non-null token. Clearing
12-20 00:05:44.371  1401  1544 I ActivityManager: Changes in 10272 19 to 2, 0 to 255
12-20 00:05:44.381  1401  3548 D InputDispatcher: Focused application(0): ActivityRecord{188470649 u0 com.google.android.googlequicksearchbox/com.google.android.apps.search.assistant.surfaces.voice.deeplinks.handlers.gateway.impl.MainAssistantDeeplink t18326}
12-20 00:05:44.392  6596  6596 D ViewRootImpl: desktopMode is false
12-20 00:05:44.393  6596  6596 I ViewRootImpl: dVRR is disabled
12-20 00:05:44.394  1401  2251 D WindowManager: prepareSync <SYNC_STATE_WAITING_FOR_DRAW>, mPrepareSyncSeqId=0, win=Window{79ed501 u0 com.google.android.googlequicksearchbox/com.google.android.apps.search.assistant.surfaces.voice.deeplinks.handlers.gateway.impl.MainAssistantDeeplink}
12-20 00:05:44.397  1401  3074 I WindowManager: Relayout Window{79ed501 u0 com.google.android.googlequicksearchbox/com.google.android.apps.search.assistant.surfaces.voice.deeplinks.handlers.gateway.impl.MainAssistantDeeplink}: viewVisibility=0 req=0x0 ty=1 d0
