12-18 18:37:57.508  1401  1700 I InputDispatcher: Delivering touch to (1570): action: 0x4, f=0x0, d=0, '2d1b33 ', t=1 
12-18 18:37:57.509  1401  1700 I InputDispatcher: Delivering touch to (2045): action: 0x4, f=0x0, d=0, '253deac', t=1 
12-18 18:37:57.509  1401  1700 I InputDispatcher: Delivering touch to (2738): action: 0x0, f=0x0, d=0, '3dc2dd0', t=1 
12-18 18:37:57.552  1401  1401 D InputDispatcher: Inject motion (0/0): action=0x1, time=119279760893000, f=0x0, d=0 dsdx=1.000000 dtdx=0.000000
12-18 18:37:57.552  1401  1700 I InputDispatcher: Delivering touch to (2738): action: 0x1, f=0x0, d=0, '3dc2dd0', t=1 
12-18 18:37:59.044  1401  1401 D InputDispatcher: Inject motion (0/0): action=0x0, time=119281243808000, f=0x0, d=0 dsdx=1.000000 dtdx=0.000000
12-18 18:37:59.045  1401  1700 I InputDispatcher: Delivering touch to (16162): action: 0x4, f=0x0, d=0, 'c857c99', t=1 
12-18 18:37:59.045  1401  1700 I InputDispatcher: Delivering touch to (1570): action: 0x0, f=0x0, d=0, '810adde', t=1 +(-187,-885)
12-18 18:37:59.109  1401  1401 D InputDispatcher: Inject motion (0/0): action=0x1, time=119281317680000, f=0x0, d=0 dsdx=1.000000 dtdx=0.000000
12-18 18:37:59.109  1401  1700 I InputDispatcher: Delivering touch to (1570): action: 0x1, f=0x0, d=0, '810adde', t=1 +(-187,-885)
12-18 18:37:59.111  1570  1570 I WindowManager: WindowManagerGlobal#removeView, ty=2032, view=android.widget.FrameLayout{7886264 V.E...... ........ 0,0-972,564}, caller=android.view.WindowManagerGlobal.removeView:654 android.view.WindowManagerImpl.removeView:211 com.example.coverscreentester.KeyboardOverlay.hide:328 
12-18 18:37:59.119  1570  1570 I WindowManager: WindowManagerGlobal#removeView, ty=2032, view=android.widget.FrameLayout{f900981 VFE...C.. ........ 0,0-93,93}, caller=android.view.WindowManagerGlobal.removeView:654 android.view.WindowManagerImpl.removeView:211 com.example.coverscreentester.OverlayService.enforceZOrder:1539 
12-18 18:37:59.123  1570  1570 I WindowManager: WindowManagerGlobal#addView, ty=2032, view=android.widget.FrameLayout{f900981 VFE...C.. ........ 0,0-93,93}, caller=android.view.WindowManagerImpl.addView:158 com.example.coverscreentester.OverlayService.enforceZOrder:1539 com.example.coverscreentester.OverlayService.toggleCustomKeyboard:1244 
12-18 18:37:59.134  1570  1570 D ViewRootImpl: desktopMode is false
12-18 18:37:59.134  1570  1570 I ViewRootImpl: dVRR is disabled
12-18 18:37:59.143  1570  1570 I WindowManager: WindowManagerGlobal#removeView, ty=2032, view=android.widget.FrameLayout{ab2bcbd V.E...... ........ 0,0-50,50}, caller=android.view.WindowManagerGlobal.removeView:654 android.view.WindowManagerImpl.removeView:211 com.example.coverscreentester.OverlayService.enforceZOrder:1540 
12-18 18:37:59.145  1570  1570 I WindowManager: WindowManagerGlobal#addView, ty=2032, view=android.widget.FrameLayout{ab2bcbd V.E...... ........ 0,0-50,50}, caller=android.view.WindowManagerImpl.addView:158 com.example.coverscreentester.OverlayService.enforceZOrder:1540 com.example.coverscreentester.OverlayService.toggleCustomKeyboard:1244 
12-18 18:37:59.151  1401  1868 W WindowManager: Failed looking up window session=Session{1366dfc 1570:u0a10515} callers=com.android.server.wm.WindowManagerService.windowForClientLocked:1 com.android.server.wm.Session.setOnBackInvokedCallbackInfo:15 android.view.IWindowSession$Stub.onTransact:1390 
12-18 18:37:59.151  1401  1868 I WindowManager: setOnBackInvokedCallback(): No window state for package:com.katsuyamaki.DroidOSTrackpadKeyboard
12-18 18:37:59.152  1570  1570 D ViewRootImpl: desktopMode is false
12-18 18:37:59.153  1570  1570 I ViewRootImpl: dVRR is disabled
12-18 18:37:59.166  1401  1868 I WindowManager: Relayout Window{fd27003 u0 com.katsuyamaki.DroidOSTrackpadKeyboard}: viewVisibility=0 req=93x93 ty=2032 d0
12-18 18:37:59.167  1401  1868 D WindowManager: makeSurface duration=0 name=$_1570
12-18 18:37:59.168  1401  1868 I WindowManager: Relayout hash=fd27003, pid=1570, syncId=-1: mAttrs={(187,885)(93x93) gr=TOP START CENTER sim={adjust=pan} layoutInDisplayCutoutMode=shortEdges ty=ACCESSIBILITY_OVERLAY fmt=TRANSLUCENT
12-18 18:37:59.168  1401  1868 I WindowManager:   fl=1000308
12-18 18:37:59.168  1401  1868 I WindowManager:   bhv=1
12-18 18:37:59.168  1401  1868 I WindowManager:   fitTypes=206
12-18 18:37:59.168  1401  1868 I WindowManager:   frameRateBoostOnTouch=true
12-18 18:37:59.168  1401  1868 I WindowManager:   dvrrWindowFrameRateHint=true naviIconColor=0}
12-18 18:37:59.175  1401  2245 D WindowManager: finishDrawingWindow: Window{fd27003 u0 com.katsuyamaki.DroidOSTrackpadKeyboard} mDrawState=DRAW_PENDING seqId=0
12-18 18:37:59.176  1401  2255 I WindowManager: Relayout Window{aed82f1 u0 com.katsuyamaki.DroidOSTrackpadKeyboard}: viewVisibility=0 req=50x50 ty=2032 d0
12-18 18:37:59.176  1401  2255 D WindowManager: makeSurface duration=0 name=$_1570
12-18 18:37:59.178  1401  2255 I WindowManager: Relayout hash=aed82f1, pid=1570, syncId=-1: mAttrs={(540,1260)(wrapxwrap) gr=TOP LEFT CENTER sim={adjust=pan} layoutInDisplayCutoutMode=shortEdges ty=ACCESSIBILITY_OVERLAY fmt=TRANSLUCENT
12-18 18:37:59.178  1401  2255 I WindowManager:   fl=1000318
12-18 18:37:59.178  1401  2255 I WindowManager:   bhv=1
12-18 18:37:59.178  1401  2255 I WindowManager:   fitTypes=206
12-18 18:37:59.178  1401  2255 I WindowManager:   frameRateBoostOnTouch=true
12-18 18:37:59.178  1401  2255 I WindowManager:   dvrrWindowFrameRateHint=true naviIconColor=0}
12-18 18:37:59.189  1401  1868 D WindowManager: finishDrawingWindow: Window{aed82f1 u0 com.katsuyamaki.DroidOSTrackpadKeyboard} mDrawState=DRAW_PENDING seqId=0
12-18 18:37:59.190  1401  1868 I WindowManager: Relayout Window{2d1b33 u0 com.katsuyamaki.DroidOSTrackpadKeyboard}: viewVisibility=8 req=527x444 ty=2032 d0
12-18 18:37:59.191  1401  1868 E WindowManager: win=Window{2d1b33 u0 com.katsuyamaki.DroidOSTrackpadKeyboard} destroySurfaces: appStopped=true cleanupOnResume=false win.mWindowRemovalAllowed=false win.mRemoveOnExit=false win.mViewVisibility=8 caller=com.android.server.wm.WindowManagerService.tryStartExitingAnimation:134 com.android.server.wm.WindowManagerService.relayoutWindow:1147 com.android.server.wm.Session.relayout:27 android.view.IWindowSession$Stub.onTransact:829 com.android.server.wm.Session.onTransact:1 android.os.Binder.execTransactInternal:1457 android.os.Binder.execTransact:1401 
12-18 18:37:59.192  1401  1868 I WindowManager: Relayout hash=2d1b33, pid=1570, syncId=-1: mAttrs={(151,1449)(527x444) gr=TOP LEFT CENTER sim={adjust=pan} layoutInDisplayCutoutMode=shortEdges ty=ACCESSIBILITY_OVERLAY fmt=TRANSLUCENT
12-18 18:37:59.192  1401  1868 I WindowManager:   fl=1040228
12-18 18:37:59.192  1401  1868 I WindowManager:   pfl=40000000
12-18 18:37:59.192  1401  1868 I WindowManager:   bhv=1
12-18 18:37:59.192  1401  1868 I WindowManager:   fitTypes=207
12-18 18:37:59.192  1401  1868 I WindowManager:   frameRateBoostOnTouch=true
12-18 18:37:59.192  1401  1868 I WindowManager:   dvrrWindowFrameRateHint=true naviIconColor=0}
12-18 18:37:59.198  1570  1570 I WindowManager: WindowManagerGlobal#removeView, ty=2032, view=android.widget.FrameLayout{f900981 VFE...C.. ........ 0,0-93,93}, caller=android.view.WindowManagerGlobal.removeView:654 android.view.WindowManagerImpl.removeView:211 com.example.coverscreentester.OverlayService.enforceZOrder:1539 
12-18 18:37:59.200  1570  1570 I WindowManager: WindowManagerGlobal#addView, ty=2032, view=android.widget.FrameLayout{f900981 VFE...C.. ........ 0,0-93,93}, caller=android.view.WindowManagerImpl.addView:158 com.example.coverscreentester.OverlayService.enforceZOrder:1539 com.example.coverscreentester.OverlayService.setupBubble$lambda$25$lambda$24:848 
12-18 18:37:59.203  1570  1570 D ViewRootImpl: desktopMode is false
12-18 18:37:59.204  1570  1570 I ViewRootImpl: dVRR is disabled
12-18 18:37:59.210  1570  1570 I WindowManager: WindowManagerGlobal#removeView, ty=2032, view=android.widget.FrameLayout{ab2bcbd V.E...... ........ 0,0-50,50}, caller=android.view.WindowManagerGlobal.removeView:654 android.view.WindowManagerImpl.removeView:211 com.example.coverscreentester.OverlayService.enforceZOrder:1540 
12-18 18:37:59.216  1570  1570 I WindowManager: WindowManagerGlobal#addView, ty=2032, view=android.widget.FrameLayout{ab2bcbd V.E...... ........ 0,0-50,50}, caller=android.view.WindowManagerImpl.addView:158 com.example.coverscreentester.OverlayService.enforceZOrder:1540 com.example.coverscreentester.OverlayService.setupBubble$lambda$25$lambda$24:848 
12-18 18:37:59.219  1570  1570 D ViewRootImpl: desktopMode is false
12-18 18:37:59.219  1570  1570 I ViewRootImpl: dVRR is disabled
12-18 18:37:59.227  1401  2255 I WindowManager: Relayout Window{24da6b u0 com.katsuyamaki.DroidOSTrackpadKeyboard}: viewVisibility=0 req=93x93 ty=2032 d0
12-18 18:37:59.227  1401  2255 D WindowManager: makeSurface duration=0 name=$_1570
12-18 18:37:59.229  1401  2255 I WindowManager: Relayout hash=24da6b, pid=1570, syncId=-1: mAttrs={(187,885)(93x93) gr=TOP START CENTER sim={adjust=pan} layoutInDisplayCutoutMode=shortEdges ty=ACCESSIBILITY_OVERLAY fmt=TRANSLUCENT
12-18 18:37:59.229  1401  2255 I WindowManager:   fl=1000308
12-18 18:37:59.229  1401  2255 I WindowManager:   bhv=1
12-18 18:37:59.229  1401  2255 I WindowManager:   fitTypes=206
12-18 18:37:59.229  1401  2255 I WindowManager:   frameRateBoostOnTouch=true
12-18 18:37:59.229  1401  2255 I WindowManager:   dvrrWindowFrameRateHint=true naviIconColor=0}
12-18 18:37:59.237  1401  1868 I WindowManager: Relayout Window{ab4e35e u0 com.katsuyamaki.DroidOSTrackpadKeyboard}: viewVisibility=0 req=50x50 ty=2032 d0
12-18 18:37:59.237  1401  1868 D WindowManager: makeSurface duration=0 name=$_1570
12-18 18:37:59.239  1401  1868 I WindowManager: Relayout hash=ab4e35e, pid=1570, syncId=-1: mAttrs={(540,1260)(wrapxwrap) gr=TOP LEFT CENTER sim={adjust=pan} layoutInDisplayCutoutMode=shortEdges ty=ACCESSIBILITY_OVERLAY fmt=TRANSLUCENT
12-18 18:37:59.239  1401  1868 I WindowManager:   fl=1000318
12-18 18:37:59.239  1401  1868 I WindowManager:   bhv=1
12-18 18:37:59.239  1401  1868 I WindowManager:   fitTypes=206
12-18 18:37:59.239  1401  1868 I WindowManager:   frameRateBoostOnTouch=true
12-18 18:37:59.239  1401  1868 I WindowManager:   dvrrWindowFrameRateHint=true naviIconColor=0}
12-18 18:37:59.239  1401  3507 D WindowManager: finishDrawingWindow: Window{24da6b u0 com.katsuyamaki.DroidOSTrackpadKeyboard} mDrawState=DRAW_PENDING seqId=0
12-18 18:37:59.247  1401  1868 D WindowManager: finishDrawingWindow: Window{ab4e35e u0 com.katsuyamaki.DroidOSTrackpadKeyboard} mDrawState=DRAW_PENDING seqId=0
12-18 18:37:59.255  1401  3076 D WindowManager: finishDrawingWindow: Window{ab4e35e u0 com.katsuyamaki.DroidOSTrackpadKeyboard} mDrawState=HAS_DRAWN seqId=0
12-18 18:38:00.203  1401  1401 D InputDispatcher: Inject motion (0/0): action=0x0, time=119282408897000, f=0x0, d=0 dsdx=1.000000 dtdx=0.000000
12-18 18:38:00.204  1401  1700 I InputDispatcher: Delivering touch to (16162): action: 0x4, f=0x0, d=0, 'c857c99', t=1 
12-18 18:38:00.204  1401  1700 I InputDispatcher: Delivering touch to (2045): action: 0x4, f=0x0, d=0, '253deac', t=1 
12-18 18:38:00.204  1401  1700 I InputDispatcher: Delivering touch to (2738): action: 0x0, f=0x0, d=0, '3dc2dd0', t=1 
12-18 18:38:00.272  1401  3507 I InputDispatcher: Channel [Gesture Monitor] swipe-up is stealing input gesture for device 3 from [3dc2dd0 com.sec.android.app.launcher/com.sec.android.app.launcher.activities.LauncherActivity, 5b7421b com.android.systemui.wallpapers.ImageWallpaper, [Gesture Monitor] clo, [Gesture Monitor] secinputdev, [Gesture Monitor] PalmMotion, [Gesture Monitor] edge-swipe]
12-18 18:38:00.272  1401  3507 D InputDispatcher: Cancel for '3dc2dd0': input channel stole pointer stream, m=1
12-18 18:38:00.272  1401  3507 I InputDispatcher: Delivering touch to (2738): action: 0x3, f=0x20, d=0, '3dc2dd0', t=1 
12-18 18:38:00.272  1401  3507 D InputDispatcher: Cancel for '5b7421b': input channel stole pointer stream, m=1
12-18 18:38:00.293  1401  1542 D WindowManager: requestTransientBars: swipeTarget=Window{253deac u0 NavigationBar0}, controlTarget=Window{3dc2dd0 u0 com.sec.android.app.launcher/com.sec.android.app.launcher.activities.LauncherActivity}, canShowTransient=true, restorePositionTypes=0x3, from=com.android.server.wm.DisplayPolicy$1.onSwipeFromBottom:21 com.android.server.wm.SystemGesturesPointerEventListener.onPointerEvent:545 
12-18 18:38:00.421  1401  3507 D InputDispatcher: Inject key (2738/10155): action=0, f=0x48, d=0, time=119282630000000
12-18 18:38:00.422  1401  2255 D InputDispatcher: Inject key (2738/10155): action=1, f=0x48, d=0, time=119282632000000
12-18 18:38:00.445  1401  3507 D WindowManager: Transition is created, t=TransitionRecord{9e8d9c5 id=-1 type=OPEN flags=0x0}, caller=com.android.server.wm.Transition.<init>:182 com.android.server.wm.TransitionController.createAndStartCollecting:106 com.android.server.wm.ActivityStarter.executeRequest:3537 com.android.server.wm.ActivityStarter.execute:1873 com.android.server.wm.ActivityTaskManagerService.startActivityAsUser:87 
12-18 18:38:00.450  1401  3507 D WindowManager: prepareSync <SYNC_STATE_WAITING_FOR_DRAW>, mPrepareSyncSeqId=0, win=Window{3dc2dd0 u0 com.sec.android.app.launcher/com.sec.android.app.launcher.activities.LauncherActivity}
12-18 18:38:00.452  1401  3507 D WindowManager: prepareSync <SYNC_STATE_WAITING_FOR_DRAW>, mPrepareSyncSeqId=0, win=Window{16d9d50 u0 com.sec.android.app.launcher/com.android.quickstep.RecentsActivity}
12-18 18:38:00.453  1401  3507 D InputDispatcher: Focused application(0): ActivityRecord{226040612 u0 com.sec.android.app.launcher/com.android.quickstep.RecentsActivity t17650}
12-18 18:38:00.453  1401  3507 D WindowManager: Changing focus from Window{3dc2dd0 u0 com.sec.android.app.launcher/com.sec.android.app.launcher.activities.LauncherActivity} to null displayId=0 Callers=com.android.server.wm.ActivityTaskManagerService.setLastResumedActivityUncheckLocked:264 com.android.server.wm.ActivityTaskSupervisor.updateTopResumedActivityIfNeeded:49 com.android.server.wm.TaskFragment.setResumedActivity:30 com.android.server.wm.ActivityRecord.setState:100 
12-18 18:38:00.455  1401  3507 D WindowManager: rotationForOrientation, orientationSource=ActivityRecord{226040612 u0 com.sec.android.app.launcher/com.android.quickstep.RecentsActivity t17650}
12-18 18:38:00.457  1401  3507 I WindowManager: Reparenting to leash, surface=Surface(name=1aa7434 FreeformContainer)/@0x4f2b598, leashParent=Surface(name=WindowToken{b8c572b type=2604 android.os.BinderProxy@f0783a5})/@0xa3bd1f1
12-18 18:38:00.457  1401  3507 D WindowManager: makeSurface duration=0 leash=Surface(name=Surface(name=1aa7434 FreeformContainer)/@0x4f2b598 - animation-leash of window_animation)/@0xff968be
12-18 18:38:00.474  1401  2245 D InputDispatcher: Once focus requested (0): <null>
12-18 18:38:00.475  1401  2245 D InputDispatcher: Focus request (0): <null> but waiting because NO_WINDOW
12-18 18:38:00.475  1401  2245 D InputDispatcher: Focus left window (0): 3dc2dd0 com.sec.android.app.launcher/com.sec.android.app.launcher.activities.LauncherActivity
12-18 18:38:00.479  1401  3076 I WindowManager: Relayout Window{16d9d50 u0 com.sec.android.app.launcher/com.android.quickstep.RecentsActivity}: viewVisibility=0 req=1080x2520 ty=1 d0
12-18 18:38:00.480  1401  3076 D WindowManager: makeSurface duration=1 name=com.sec.android.app.launcher/com.android.quickstep.RecentsActivity$_2738
12-18 18:38:00.481  1401  3076 D WindowManager: Changing focus from null to Window{16d9d50 u0 com.sec.android.app.launcher/com.android.quickstep.RecentsActivity} displayId=0 Callers=com.android.server.wm.WindowManagerService.relayoutWindow:1359 com.android.server.wm.Session.relayout:27 android.view.IWindowSession$Stub.onTransact:829 com.android.server.wm.Session.onTransact:1 
12-18 18:38:00.481  1401  3076 I WindowManager: Cancelling animation restarting=true, leash=Surface(name=Surface(name=253deac NavigationBar0)/@0x344c78e - animation-leash of insets_animation)/@0x1fc70aa
12-18 18:38:00.481  1401  3076 I WindowManager: Reparenting to original parent: Surface(name=WindowToken{742645f type=2019 android.os.BinderProxy@3f7f8b9})/@0xeea6baf, destroy=false, surface=Surface(name=253deac NavigationBar0)/@0x344c78e
12-18 18:38:00.481  1401  3076 I WindowManager: Reparenting to leash, surface=Surface(name=253deac NavigationBar0)/@0x344c78e, leashParent=Surface(name=WindowToken{742645f type=2019 android.os.BinderProxy@3f7f8b9})/@0xeea6baf
12-18 18:38:00.482  1401  3076 D WindowManager: makeSurface duration=0 leash=Surface(name=Surface(name=253deac NavigationBar0)/@0x344c78e - animation-leash of insets_animation)/@0xcbe35
12-18 18:38:00.482  1401  3076 I WindowManager: Cancelling animation restarting=true, leash=Surface(name=Surface(name=7a1affc StatusBar)/@0x9878745 - animation-leash of insets_animation)/@0x4bf49b
12-18 18:38:00.482  1401  3076 I WindowManager: Reparenting to original parent: Surface(name=WindowToken{ea68ef type=2000 android.os.BinderProxy@acba6c9})/@0xe49ce9a, destroy=false, surface=Surface(name=7a1affc StatusBar)/@0x9878745
12-18 18:38:00.482  1401  3076 I WindowManager: Reparenting to leash, surface=Surface(name=7a1affc StatusBar)/@0x9878745, leashParent=Surface(name=WindowToken{ea68ef type=2000 android.os.BinderProxy@acba6c9})/@0xe49ce9a
12-18 18:38:00.482  1401  3076 D WindowManager: makeSurface duration=0 leash=Surface(name=Surface(name=7a1affc StatusBar)/@0x9878745 - animation-leash of insets_animation)/@0xb0bfc3b
12-18 18:38:00.483  1401  3076 I WindowManager: Relayout hash=16d9d50, pid=2738, syncId=-1: mAttrs={(0,0)(fillxfill) sim={adjust=resize} layoutInDisplayCutoutMode=always ty=BASE_APPLICATION fmt=TRANSPARENT wanim=0x1030306
12-18 18:38:00.483  1401  3076 I WindowManager:   fl=81910100
12-18 18:38:00.483  1401  3076 I WindowManager:   pfl=10008840
12-18 18:38:00.483  1401  3076 I WindowManager:   bhv=2
12-18 18:38:00.483  1401  3076 I WindowManager:   fitSides=0
12-18 18:38:00.483  1401  3076 I WindowManager:   frameRateBoostOnTouch=true
12-18 18:38:00.483  1401  3076 I WindowManager:   dvrrWindowFrameRateHint=true naviIconColor=0
12-18 18:38:00.483  1401  3076 I WindowManager:   sfl=4000000}
12-18 18:38:00.491  1401  2245 D WindowManager: finishDrawingWindow: Window{16d9d50 u0 com.sec.android.app.launcher/com.android.quickstep.RecentsActivity} mDrawState=DRAW_PENDING seqId=0
12-18 18:38:00.498  1401  3507 D InputDispatcher: Once focus requested (0): 16d9d50 com.sec.android.app.launcher/com.android.quickstep.RecentsActivity
12-18 18:38:00.498  1401  3507 D InputDispatcher: Focus request (0): 16d9d50 com.sec.android.app.launcher/com.android.quickstep.RecentsActivity but waiting because NO_WINDOW
12-18 18:38:00.548  1401  2251 D InputDispatcher: Focus entered window (0): 16d9d50 com.sec.android.app.launcher/com.android.quickstep.RecentsActivity
12-18 18:38:00.564  1401  1763 D InputMethodManagerService: isImeSwitcherDisabledPackage : false
12-18 18:38:00.564  1401  1763 D InputMethodManagerService: shouldShowImeSwitcherLocked : checking vis : 3
12-18 18:38:00.564  1401  1763 D InputMethodManagerService: checkDisplayOfStartInputAndUpdateKeyboard: displayId=0, mFocusedDisplayId=0
12-18 18:38:00.565  1401  2245 I WindowManager: Cancelling animation restarting=true, leash=Surface(name=Surface(name=898f977 InputMethod)/@0xbf9fe4d - animation-leash of insets_animation)/@0x254b44d
12-18 18:38:00.565  1401  2245 I WindowManager: Reparenting to original parent: Surface(name=WindowToken{fe60af5 type=2011 android.os.Binder@f55e02c})/@0x17aed02, destroy=false, surface=Surface(name=898f977 InputMethod)/@0xbf9fe4d
12-18 18:38:00.565  1401  2245 I WindowManager: Reparenting to leash, surface=Surface(name=898f977 InputMethod)/@0xbf9fe4d, leashParent=Surface(name=WindowToken{fe60af5 type=2011 android.os.Binder@f55e02c})/@0x17aed02
12-18 18:38:00.566  1401  2245 D WindowManager: makeSurface duration=0 leash=Surface(name=Surface(name=898f977 InputMethod)/@0xbf9fe4d - animation-leash of insets_animation)/@0x2af7d6e
12-18 18:38:00.599  1401  1401 D InputDispatcher: Inject motion (0/0): action=0x1, time=119282808379000, f=0x0, d=0 dsdx=1.000000 dtdx=0.000000
12-18 18:38:00.669  1401  1545 I WindowManager: Reparenting to original parent: Surface(name=WindowToken{b8c572b type=2604 android.os.BinderProxy@f0783a5})/@0xa3bd1f1, destroy=true, surface=Surface(name=1aa7434 FreeformContainer)/@0x4f2b598
12-18 18:38:00.837  1401  2245 I WindowManager: Relayout Window{3dc2dd0 u0 com.sec.android.app.launcher/com.sec.android.app.launcher.activities.LauncherActivity}: viewVisibility=8 req=1080x2520 ty=1 d0
12-18 18:38:00.838  1401  2245 I WindowManager: Relayout hash=3dc2dd0, pid=2738, syncId=-1: mAttrs={(0,0)(fillxfill) sim={adjust=nothing forwardNavigation} layoutInDisplayCutoutMode=always ty=BASE_APPLICATION fmt=TRANSPARENT wanim=0x1030306
12-18 18:38:00.838  1401  2245 I WindowManager:   fl=81910100
12-18 18:38:00.838  1401  2245 I WindowManager:   pfl=10008840
12-18 18:38:00.838  1401  2245 I WindowManager:   bhv=2
12-18 18:38:00.838  1401  2245 I WindowManager:   fitSides=0
12-18 18:38:00.838  1401  2245 I WindowManager:   frameRateBoostOnTouch=true
12-18 18:38:00.838  1401  2245 I WindowManager:   dvrrWindowFrameRateHint=true screenDimDuration=200000 naviIconColor=0}
12-18 18:38:00.849  1401  2255 E WindowManager: win=Window{3dc2dd0 u0 com.sec.android.app.launcher/com.sec.android.app.launcher.activities.LauncherActivity} destroySurfaces: appStopped=true cleanupOnResume=false win.mWindowRemovalAllowed=false win.mRemoveOnExit=false win.mViewVisibility=8 caller=com.android.server.wm.ActivityRecord.destroySurfaces:25 com.android.server.wm.ActivityRecord.activityStopped:192 com.android.server.wm.ActivityClientController.activityStopped:97 android.app.IActivityClientController$Stub.onTransact:726 com.android.server.wm.ActivityClientController.onTransact:1 android.os.Binder.execTransactInternal:1462 android.os.Binder.execTransact:1401 
12-18 18:38:03.490  1401  1401 D InputDispatcher: Inject motion (0/0): action=0x0, time=119285685195000, f=0x0, d=0 dsdx=1.000000 dtdx=0.000000
12-18 18:38:03.492  1401  1700 I InputDispatcher: Delivering touch to (16162): action: 0x4, f=0x0, d=0, 'c857c99', t=1 
12-18 18:38:03.493  1401  1700 I InputDispatcher: Delivering touch to (2045): action: 0x4, f=0x0, d=0, '253deac', t=1 
12-18 18:38:03.493  1401  1700 I InputDispatcher: Delivering touch to (2738): action: 0x0, f=0x0, d=0, '16d9d50', t=1 
12-18 18:38:03.549  1401  1542 D WindowManager: DeferredDisplayUpdater: partially applying DisplayInfo(948 x 1048) immediately
12-18 18:38:03.561  1401  1542 D WindowManager: DeferredDisplayUpdater: partially applying DisplayInfo(1080 x 2520) immediately
12-18 18:38:03.565  1401  1401 D InputDispatcher: Inject motion (0/0): action=0x1, time=119285772719000, f=0x0, d=0 dsdx=1.000000 dtdx=0.000000
12-18 18:38:03.566  1401  1700 I InputDispatcher: Delivering touch to (2738): action: 0x1, f=0x0, d=0, '16d9d50', t=1 
12-18 18:38:03.580  1401  1542 D WindowManager: DeferredDisplayUpdater: partially applying DisplayInfo(948 x 1048) immediately
12-18 18:38:03.586  1401  1469 D WindowManager: Transition is created, t=TransitionRecord{89ef7cd id=-1 type=TO_FRONT flags=0x0}, caller=com.android.server.wm.Transition.<init>:182 com.android.server.wm.TransitionController.createTransition:17 com.android.server.wm.ActivityTaskSupervisor.findTaskToMoveToFront:96 com.android.server.wm.ActivityTaskManagerService.moveTaskToFrontLocked:200 com.android.server.wm.ActivityTaskSupervisor.startActivityFromRecents:727 
12-18 18:38:03.587  1401  1469 D WindowManager: prepareSync <SYNC_STATE_WAITING_FOR_DRAW>, mPrepareSyncSeqId=0, win=Window{1230479 u0 com.termux/com.termux.app.TermuxActivity}
12-18 18:38:03.596  1401  1542 D WindowManager: DeferredDisplayUpdater: partially applying DisplayInfo(1080 x 2520) immediately
12-18 18:38:03.602  1401  2245 D WindowManager: prepareSync <SYNC_STATE_WAITING_FOR_DRAW>, mPrepareSyncSeqId=0, win=Window{90b0fc u0 SnapshotStartingWindow for taskId=17882}
12-18 18:38:03.606  1401  3507 D InputDispatcher: Focused application(0): ActivityRecord{99426944 u0 com.termux/.app.TermuxActivity t17882}
12-18 18:38:03.606  1401  3507 D WindowManager: Changing focus from Window{16d9d50 u0 com.sec.android.app.launcher/com.android.quickstep.RecentsActivity} to null displayId=0 Callers=com.android.server.wm.ActivityTaskManagerService.setLastResumedActivityUncheckLocked:264 com.android.server.wm.ActivityTaskSupervisor.updateTopResumedActivityIfNeeded:49 com.android.server.wm.TaskFragment.setResumedActivity:30 com.android.server.wm.ActivityRecord.setState:100 
12-18 18:38:03.607  1401  3507 D WindowManager: prepareSync <SYNC_STATE_WAITING_FOR_DRAW>, mPrepareSyncSeqId=0, win=Window{16d9d50 u0 com.sec.android.app.launcher/com.android.quickstep.RecentsActivity}
12-18 18:38:03.608  1401  3507 D WindowManager: rotationForOrientation, orientationSource=null
12-18 18:38:03.611 13489 13489 D ViewRootImpl: Skipping stats log for color mode
12-18 18:38:03.613  1401  3076 I WindowManager: Relayout Window{90b0fc u0 SnapshotStartingWindow for taskId=17882}: viewVisibility=0 req=-1x-1 ty=3 d0
12-18 18:38:03.613  1401  3076 D WindowManager: makeSurface duration=1 name=SnapshotStartingWindow for taskId=17882$_2045
12-18 18:38:03.615  1401  3076 I WindowManager: Relayout hash=90b0fc, pid=2045, syncId=-1: mAttrs={(0,0)(fillxfill) ty=APPLICATION_STARTING fmt=RGBA_8888 wanim=0x1030317 if=INPUT_FEATURE_NO_INPUT_CHANNEL
12-18 18:38:03.615  1401  3076 I WindowManager:   fl=8c010118
12-18 18:38:03.615  1401  3076 I WindowManager:   pfl=30008000
12-18 18:38:03.615  1401  3076 I WindowManager:   bhv=1
12-18 18:38:03.615  1401  3076 I WindowManager:   fitSides=0
12-18 18:38:03.615  1401  3076 I WindowManager:   frameRateBoostOnTouch=true naviIconColor=0}
12-18 18:38:03.617  1401  3076 D WindowManager: finishDrawingWindow: Window{90b0fc u0 SnapshotStartingWindow for taskId=17882} mDrawState=DRAW_PENDING seqId=2147483647
12-18 18:38:03.624  1401  2245 I WindowManager: Relayout Window{1230479 u0 com.termux/com.termux.app.TermuxActivity}: viewVisibility=0 req=1080x2520 ty=1 d0
12-18 18:38:03.624  1401  2245 D WindowManager: makeSurface duration=0 name=com.termux/com.termux.app.TermuxActivity$_13489
12-18 18:38:03.625  1401  2245 I WindowManager: Cancelling animation restarting=true, leash=Surface(name=Surface(name=253deac NavigationBar0)/@0x344c78e - animation-leash of insets_animation)/@0xcbe35
12-18 18:38:03.625  1401  2245 I WindowManager: Reparenting to original parent: Surface(name=WindowToken{742645f type=2019 android.os.BinderProxy@3f7f8b9})/@0xeea6baf, destroy=false, surface=Surface(name=253deac NavigationBar0)/@0x344c78e
12-18 18:38:03.625  1401  2245 I WindowManager: Reparenting to leash, surface=Surface(name=253deac NavigationBar0)/@0x344c78e, leashParent=Surface(name=WindowToken{742645f type=2019 android.os.BinderProxy@3f7f8b9})/@0xeea6baf
12-18 18:38:03.625  1401  2245 D WindowManager: makeSurface duration=0 leash=Surface(name=Surface(name=253deac NavigationBar0)/@0x344c78e - animation-leash of insets_animation)/@0xc54b139
12-18 18:38:03.626  1401  2245 I WindowManager: Cancelling animation restarting=true, leash=Surface(name=Surface(name=7a1affc StatusBar)/@0x9878745 - animation-leash of insets_animation)/@0xb0bfc3b
12-18 18:38:03.626  1401  2245 I WindowManager: Reparenting to original parent: Surface(name=WindowToken{ea68ef type=2000 android.os.BinderProxy@acba6c9})/@0xe49ce9a, destroy=false, surface=Surface(name=7a1affc StatusBar)/@0x9878745
12-18 18:38:03.626  1401  2245 I WindowManager: Reparenting to leash, surface=Surface(name=7a1affc StatusBar)/@0x9878745, leashParent=Surface(name=WindowToken{ea68ef type=2000 android.os.BinderProxy@acba6c9})/@0xe49ce9a
12-18 18:38:03.626  1401  2245 D WindowManager: makeSurface duration=0 leash=Surface(name=Surface(name=7a1affc StatusBar)/@0x9878745 - animation-leash of insets_animation)/@0xd4710df
12-18 18:38:03.627  1401  2245 D WindowManager: updateSystemBarAttributes: displayId=0, focusedCanBeNavColorWin=false, win=Window{1230479 u0 com.termux/com.termux.app.TermuxActivity}, navColorWin=Window{1230479 u0 com.termux/com.termux.app.TermuxActivity}, caller=com.android.server.wm.DisplayPolicy.finishPostLayoutPolicyLw:17 com.android.server.wm.RootWindowContainer.applySurfaceChangesTransaction$1:195 com.android.server.wm.RootWindowContainer.performSurfacePlacementNoTrace:86 
12-18 18:38:03.627  1401  2245 D WindowManager: updateSystemBarAttributes, bhv=1, apr=0, statusBarAprRegions=[AppearanceRegion{ bounds=[0,0][1080,2520]}], requestedVisibilities=-1
12-18 18:38:03.627  1401  2245 D WindowManager: Changing focus from null to Window{1230479 u0 com.termux/com.termux.app.TermuxActivity} displayId=0 Callers=com.android.server.wm.WindowManagerService.relayoutWindow:1359 com.android.server.wm.Session.relayout:27 android.view.IWindowSession$Stub.onTransact:829 com.android.server.wm.Session.onTransact:1 
12-18 18:38:03.628  1401  1868 D InputDispatcher: Once focus requested (0): <null>
12-18 18:38:03.628  1401  2245 I WindowManager: Relayout hash=1230479, pid=13489, syncId=-1: mAttrs={(0,0)(fillxfill) sim={adjust=resize forwardNavigation} ty=BASE_APPLICATION wanim=0x1030317
12-18 18:38:03.628  1401  2245 I WindowManager:   fl=8d810100
12-18 18:38:03.628  1401  2245 I WindowManager:   pfl=10008040
12-18 18:38:03.628  1401  2245 I WindowManager:   vsysui=700
12-18 18:38:03.628  1401  2245 I WindowManager:   bhv=1
12-18 18:38:03.628  1401  2245 I WindowManager:   fitSides=0
12-18 18:38:03.628  1401  2245 I WindowManager:   frameRateBoostOnTouch=true
12-18 18:38:03.628  1401  2245 I WindowManager:   dvrrWindowFrameRateHint=true naviIconColor=0}
12-18 18:38:03.628  1401  1868 D InputDispatcher: Focus request (0): <null> but waiting because NO_WINDOW
12-18 18:38:03.628  1401  1868 D InputDispatcher: Focus left window (0): 16d9d50 com.sec.android.app.launcher/com.android.quickstep.RecentsActivity
12-18 18:38:03.633  1401  1544 I ActivityManager: Changes in 10342 4 to 2, 254 to 255
12-18 18:38:03.646  1401  1868 D InputDispatcher: Once focus requested (0): 1230479 com.termux/com.termux.app.TermuxActivity
12-18 18:38:03.646  1401  1868 D InputDispatcher: Focus request (0): 1230479 com.termux/com.termux.app.TermuxActivity but waiting because NOT_VISIBLE
12-18 18:38:03.655  1401  2245 D WindowManager: finishDrawingWindow: Window{1230479 u0 com.termux/com.termux.app.TermuxActivity} mDrawState=DRAW_PENDING seqId=0
12-18 18:38:03.668  1401  1553 I ActivityManager: Start proc 18316:com.whatsapp/u0a373 for service {com.whatsapp/androidx.work.impl.background.systemjob.SystemJobService}
12-18 18:38:03.668  1401  1553 I ActivityManager: ProcessObserver broadcast disabled
12-18 18:38:03.673  1401  3076 D InputDispatcher: Focus entered window (0): 1230479 com.termux/com.termux.app.TermuxActivity
12-18 18:38:03.676  1401  1763 D InputMethodManagerService: isImeSwitcherDisabledPackage : false
12-18 18:38:03.677  1401  1763 D InputMethodManagerService: shouldShowImeSwitcherLocked : checking vis : 3
12-18 18:38:03.677  1401  1763 D InputMethodManagerService: checkDisplayOfStartInputAndUpdateKeyboard: displayId=0, mFocusedDisplayId=0
12-18 18:38:03.677  1401  1763 D InputMethodManagerService: ACCESS_CONTROL_ENABLED = false, ACCESS_CONTROL_KEYBOARD_BLOCK = true
12-18 18:38:03.680  1401  1763 I ActivityManager: Changes in 10332 7 to 5, 128 to 255
12-18 18:38:03.681  1401  1763 I ActivityManager: Changes in 10122 7 to 5, 128 to 184
12-18 18:38:03.681  1401  1763 I InputMethodManagerService: attachNewInputLocked: showCurrentInputInternal, softInputModeState=STATE_UNSPECIFIED|ADJUST_RESIZE|IS_FORWARD_NAVIGATION
12-18 18:38:03.681  1401  2245 I InputMethodManagerService: isAccessoryKeyboard 0
12-18 18:38:03.682  1401  2247 I InputMethodManagerService: isAccessoryKeyboard 0
12-18 18:38:03.684  1401  3076 I WindowManager: Cancelling animation restarting=true, leash=Surface(name=Surface(name=898f977 InputMethod)/@0xbf9fe4d - animation-leash of insets_animation)/@0x2af7d6e
12-18 18:38:03.684  1401  3076 I WindowManager: Reparenting to original parent: Surface(name=WindowToken{fe60af5 type=2011 android.os.Binder@f55e02c})/@0x17aed02, destroy=false, surface=Surface(name=898f977 InputMethod)/@0xbf9fe4d
12-18 18:38:03.684  1401  3076 I WindowManager: Reparenting to leash, surface=Surface(name=898f977 InputMethod)/@0xbf9fe4d, leashParent=Surface(name=WindowToken{fe60af5 type=2011 android.os.Binder@f55e02c})/@0x17aed02
12-18 18:38:03.685  1401  3076 D WindowManager: makeSurface duration=1 leash=Surface(name=Surface(name=898f977 InputMethod)/@0xbf9fe4d - animation-leash of insets_animation)/@0x3ef4019
12-18 18:38:03.686  1401  1544 D InputMethodManagerService: ACCESS_CONTROL_ENABLED = false, ACCESS_CONTROL_KEYBOARD_BLOCK = true
12-18 18:38:03.695  1401  1469 D InputMethodManagerService: isImeSwitcherDisabledPackage : false
12-18 18:38:03.695  1401  1469 D InputMethodManagerService: shouldShowImeSwitcherLocked : checking vis : 3
12-18 18:38:03.695  1401  1469 I InputMethodManagerService: setImeWindowStatus: vis=3, backDisposition=0
12-18 18:38:03.697  1401  1469 I WindowManager: Relayout Window{898f977 u0 InputMethod}: viewVisibility=0 req=1080x2404 ty=2011 d0
12-18 18:38:03.698  1401  1469 D WindowManager: makeSurface duration=1 name=InputMethod$_19314
12-18 18:38:03.698  1401  1469 I WindowManager: Cancelling animation restarting=true, leash=Surface(name=Surface(name=253deac NavigationBar0)/@0x344c78e - animation-leash of insets_animation)/@0xc54b139
12-18 18:38:03.698  1401  1469 I WindowManager: Reparenting to original parent: Surface(name=WindowToken{742645f type=2019 android.os.BinderProxy@3f7f8b9})/@0xeea6baf, destroy=false, surface=Surface(name=253deac NavigationBar0)/@0x344c78e
12-18 18:38:03.698  1401  1469 I WindowManager: Reparenting to leash, surface=Surface(name=253deac NavigationBar0)/@0x344c78e, leashParent=Surface(name=WindowToken{742645f type=2019 android.os.BinderProxy@3f7f8b9})/@0xeea6baf
12-18 18:38:03.699  1401  1469 D WindowManager: makeSurface duration=1 leash=Surface(name=Surface(name=253deac NavigationBar0)/@0x344c78e - animation-leash of insets_animation)/@0xc6e490
12-18 18:38:03.700  1401  1469 I WindowManager: Relayout hash=898f977, pid=19314, syncId=-1: mAttrs={(0,0)(fillxfill) gr=BOTTOM CENTER_VERTICAL sim={adjust=pan} ty=INPUT_METHOD fmt=TRANSPARENT wanim=0x1030056 preferredMinDisplayRefreshRate=60.0 receive insets ignoring z-order
12-18 18:38:03.700  1401  1469 I WindowManager:   fl=81800108
12-18 18:38:03.700  1401  1469 I WindowManager:   pfl=14000000
12-18 18:38:03.700  1401  1469 I WindowManager:   bhv=1
12-18 18:38:03.700  1401  1469 I WindowManager:   fitTypes=3
12-18 18:38:03.700  1401  1469 I WindowManager:   fitSides=7
12-18 18:38:03.700  1401  1469 I WindowManager:   fitIgnoreVis
12-18 18:38:03.700  1401  1469 I WindowManager:   dvrrWindowFrameRateHint=true
12-18 18:38:03.700  1401  1469 I WindowManager:  dimAmount=0.18 dimDuration=150 naviIconColor=0}
12-18 18:38:03.704  1401  2773 D WindowManager: setInsetsWindow Window{898f977 u0 InputMethod}, contentInsets=Rect(0, 2329 - 0, 0) -> Rect(0, 1904 - 0, 0), visibleInsets=Rect(0, 2329 - 0, 0) -> Rect(0, 1904 - 0, 0), touchableRegion=SkRegion() -> SkRegion((0,1904,1080,2404)), touchableInsets 3 -> 3
12-18 18:38:03.710  1401  1469 I InputMethodManagerService: isAccessoryKeyboard 0
12-18 18:38:03.711  1401  2247 I InputMethodManagerService: isAccessoryKeyboard 0
12-18 18:38:03.716  1401  2773 D WindowManager: finishDrawingWindow: Window{898f977 u0 InputMethod} mDrawState=DRAW_PENDING seqId=0
12-18 18:38:03.722  1401  2773 D WindowManager: finishDrawingWindow: Window{898f977 u0 InputMethod} mDrawState=HAS_DRAWN seqId=0
12-18 18:38:03.722  1401  2251 D WindowManager: Starting window removed Window{90b0fc u0 SnapshotStartingWindow for taskId=17882}
12-18 18:38:03.722  1401  2251 I WindowManager: Reparenting to leash, surface=Surface(name=90b0fc SnapshotStartingWindow for taskId=17882)/@0xda5f7a7, leashParent=Surface(name=ActivityRecord{99426944 u0 com.termux/.app.TermuxActivity t17882})/@0x17b2782
12-18 18:38:03.723  1401  2251 D WindowManager: makeSurface duration=0 leash=Surface(name=Surface(name=90b0fc SnapshotStartingWindow for taskId=17882)/@0xda5f7a7 - animation-leash of window_animation)/@0x3498454
12-18 18:38:03.736  1401  2151 I WindowManager: Relayout Window{1230479 u0 com.termux/com.termux.app.TermuxActivity}: viewVisibility=0 req=1080x2520 ty=1 d0
12-18 18:38:03.740  1401  2151 I WindowManager: Relayout hash=1230479, pid=0, syncId=-1: mAttrs={(0,0)(fillxfill) sim={adjust=resize forwardNavigation} ty=BASE_APPLICATION wanim=0x1030317
12-18 18:38:03.740  1401  2151 I WindowManager:   fl=8d810100
12-18 18:38:03.740  1401  2151 I WindowManager:   pfl=10008040
12-18 18:38:03.740  1401  2151 I WindowManager:   vsysui=700
12-18 18:38:03.740  1401  2151 I WindowManager:   bhv=1
12-18 18:38:03.740  1401  2151 I WindowManager:   fitSides=0
12-18 18:38:03.740  1401  2151 I WindowManager:   frameRateBoostOnTouch=true
12-18 18:38:03.740  1401  2151 I WindowManager:   dvrrWindowFrameRateHint=true naviIconColor=0}
12-18 18:38:03.831  1401  2151 I ActivityManager: Changes in 10373 19 to 8, 0 to 128
12-18 18:38:03.875  1401  1545 I WindowManager: Reparenting to original parent: Surface(name=ActivityRecord{99426944 u0 com.termux/.app.TermuxActivity t17882})/@0x17b2782, destroy=true, surface=Surface(name=90b0fc SnapshotStartingWindow for taskId=17882)/@0xda5f7a7
12-18 18:38:03.875  1401  1545 E WindowManager: win=Window{90b0fc u0 SnapshotStartingWindow for taskId=17882 EXITING} destroySurfaces: appStopped=false cleanupOnResume=false win.mWindowRemovalAllowed=true win.mRemoveOnExit=true win.mViewVisibility=0 caller=com.android.server.wm.WindowState.onExitAnimationDone:224 com.android.server.wm.WindowState.onAnimationFinished:161 com.android.server.wm.WindowContainer$$ExternalSyntheticLambda8.onAnimationFinished:3 com.android.server.wm.SurfaceAnimator$$ExternalSyntheticLambda0.onAnimationFinished:69 com.android.server.wm.LocalAnimationAdapter$$ExternalSyntheticLambda0.run:10 android.os.Handler.handleCallback:995 android.os.Handler.dispatchMessage:103 
12-18 18:38:03.932  1401  2245 I ActivityManager: Changes in 10373 8 to 10, 128 to 0
12-18 18:38:03.995  1401  2245 I WindowManager: Relayout Window{16d9d50 u0 com.sec.android.app.launcher/com.android.quickstep.RecentsActivity}: viewVisibility=8 req=1080x2520 ty=1 d0
12-18 18:38:03.997  1401  2245 I WindowManager: Relayout hash=16d9d50, pid=2738, syncId=-1: mAttrs={(0,0)(fillxfill) sim={adjust=resize} layoutInDisplayCutoutMode=always ty=BASE_APPLICATION fmt=TRANSPARENT wanim=0x1030306
12-18 18:38:03.997  1401  2245 I WindowManager:   fl=81910100
12-18 18:38:03.997  1401  2245 I WindowManager:   pfl=10008840
12-18 18:38:03.997  1401  2245 I WindowManager:   bhv=2
12-18 18:38:03.997  1401  2245 I WindowManager:   fitSides=0
12-18 18:38:03.997  1401  2245 I WindowManager:   frameRateBoostOnTouch=true
12-18 18:38:03.997  1401  2245 I WindowManager:   dvrrWindowFrameRateHint=true naviIconColor=0
12-18 18:38:03.997  1401  2245 I WindowManager:   sfl=4000000}
12-18 18:38:04.002  1401  1868 I WindowManager: Relayout Window{16d9d50 u0 com.sec.android.app.launcher/com.android.quickstep.RecentsActivity}: viewVisibility=8 req=1080x2520 ty=1 d0
12-18 18:38:04.004  1401  1868 I WindowManager: Relayout hash=16d9d50, pid=2738, syncId=-1: mAttrs={(0,0)(fillxfill) sim={adjust=pan} layoutInDisplayCutoutMode=always ty=BASE_APPLICATION fmt=TRANSPARENT wanim=0x1030306
12-18 18:38:04.004  1401  1868 I WindowManager:   fl=81910100
12-18 18:38:04.004  1401  1868 I WindowManager:   pfl=10008840
12-18 18:38:04.004  1401  1868 I WindowManager:   bhv=2
12-18 18:38:04.004  1401  1868 I WindowManager:   fitSides=0
12-18 18:38:04.004  1401  1868 I WindowManager:   frameRateBoostOnTouch=true
12-18 18:38:04.004  1401  1868 I WindowManager:   dvrrWindowFrameRateHint=true naviIconColor=0
12-18 18:38:04.004  1401  1868 I WindowManager:   sfl=4000000}
12-18 18:38:04.006  1401  1868 E WindowManager: win=Window{16d9d50 u0 com.sec.android.app.launcher/com.android.quickstep.RecentsActivity} destroySurfaces: appStopped=true cleanupOnResume=false win.mWindowRemovalAllowed=false win.mRemoveOnExit=false win.mViewVisibility=8 caller=com.android.server.wm.ActivityRecord.destroySurfaces:25 com.android.server.wm.ActivityRecord.activityStopped:192 com.android.server.wm.ActivityClientController.activityStopped:97 android.app.IActivityClientController$Stub.onTransact:726 com.android.server.wm.ActivityClientController.onTransact:1 android.os.Binder.execTransactInternal:1462 android.os.Binder.execTransact:1401 
12-18 18:38:04.007  1401  1544 I ActivityManager: Changes in 10155 2 to 5, 255 to 184
12-18 18:38:04.715  1401  1401 D InputDispatcher: Inject motion (0/0): action=0x0, time=119286917182000, f=0x0, d=0 dsdx=1.000000 dtdx=0.000000
12-18 18:38:04.716  1401  1700 I InputDispatcher: Delivering touch to (16162): action: 0x4, f=0x0, d=0, 'c857c99', t=1 
12-18 18:38:04.717  1401  1700 I InputDispatcher: Delivering touch to (2045): action: 0x4, f=0x0, d=0, '253deac', t=1 
12-18 18:38:04.717  1401  1700 I InputDispatcher: Delivering touch to (13489): action: 0x0, f=0x0, d=0, '1230479', t=1 
12-18 18:38:04.805  1401  1401 D InputDispatcher: Inject motion (0/0): action=0x1, time=119287013685000, f=0x0, d=0 dsdx=1.000000 dtdx=0.000000
12-18 18:38:04.806  1401  1700 I InputDispatcher: Delivering touch to (13489): action: 0x1, f=0x0, d=0, '1230479', t=1 
12-18 18:38:05.675  1401  1401 D InputDispatcher: Inject motion (0/0): action=0x0, time=119287880274000, f=0x0, d=0 dsdx=1.000000 dtdx=0.000000
12-18 18:38:05.676  1401  1700 I InputDispatcher: Delivering touch to (16162): action: 0x4, f=0x0, d=0, 'c857c99', t=1 
12-18 18:38:05.677  1401  1700 I InputDispatcher: Delivering touch to (2045): action: 0x4, f=0x0, d=0, '253deac', t=1 
12-18 18:38:05.677  1401  1700 I InputDispatcher: Delivering touch to (19314): action: 0x0, f=0x0, d=0, '898f977', t=1 +(0,-116)
