--------- beginning of system
12-22 20:14:58.970  1423  1554 I ActivityManager: Changes in 10053 6 to 15, 128 to 0
12-22 20:14:58.980  1423  1549 D WindowManager: onStateChanged, state=2
12-22 20:14:59.279  1423  1423 I WindowManager: getCoverScreenRotation 0, sensor= 0, isFlat=false, isDual=false
--------- beginning of main
12-22 20:14:59.370  1423  1423 D InputDispatcher: Inject motion (0/0): action=0x0, time=31058972596000, f=0x0, d=1 dsdx=1.000000 dtdx=0.000000
12-22 20:14:59.374  1423  1695 I InputDispatcher: No new touched window at (87.7, 495.1) in display 1
12-22 20:14:59.374  1423  1695 I InputDispatcher: Dropping event because there is no touchable window at (87.7178, 495.088) on display 1: MotionEvent
12-22 20:14:59.377  1423  1547 D WindowManager: DeferredDisplayUpdater: partially applying DisplayInfo(1080 x 2520) immediately
12-22 20:14:59.384  1423  1473 E InputDispatcher: Embedded{TaskInputSink of Surface(name=Decor container of Task=19124)/@0xb4feb99} has feature NO_INPUT_WINDOW, but a non-null token. Clearing
12-22 20:14:59.387  1423  1423 D InputDispatcher: Inject motion (0/0): action=0x1, time=31058983385000, f=0x0, d=1 dsdx=1.000000 dtdx=0.000000
12-22 20:14:59.397  1423  1547 D WindowManager: DeferredDisplayUpdater: partially applying DisplayInfo(1080 x 2520) immediately
12-22 20:14:59.614  1423  1549 D WindowManager: onStateChanged, state=0
12-22 20:14:59.623  1423  1549 D WindowManager: Changing focus from Window{67a5228 u0 com.termux/com.termux.app.TermuxActivity} to null displayId=0 Callers=com.android.server.wm.RootWindowContainer.onChildPositionChanged:8 com.android.server.wm.WindowContainer.positionChildAt:69 com.android.server.wm.RootWindowContainer.positionChildAt:8 com.android.server.wm.WindowManagerServiceExt.moveDisplayToTop:37 
12-22 20:14:59.624  1423  1549 D WindowManager: updateSystemBarAttributes: displayId=0, focusedCanBeNavColorWin=false, win=Window{64185e1 u0 com.sec.android.app.launcher/com.sec.android.app.launcher.activities.LauncherActivity}, navColorWin=Window{82d55a2 u0 InputMethod}, caller=com.android.server.wm.WindowManagerService.updateFocusedWindowLocked:372 com.android.server.wm.RootWindowContainer.onChildPositionChanged:8 com.android.server.wm.WindowContainer.positionChildAt:69 
12-22 20:14:59.624  1423  1549 D WindowManager: updateSystemBarAttributes, bhv=2, apr=0, statusBarAprRegions=[AppearanceRegion{ bounds=[0,0][1080,2520]}], requestedVisibilities=-9
12-22 20:14:59.625  1423  1549 D InputDispatcher: Focused display: 0 -> 1
12-22 20:14:59.625  1423  1549 W InputDispatcher: Focused display #1 does not have a focused window.
12-22 20:14:59.625  1423  1549 E InputDispatcher: But another display has a focused window
12-22 20:14:59.625  1423  1549 E InputDispatcher:   FocusedWindows:
12-22 20:14:59.625  1423  1549 E InputDispatcher:     displayId=0, name='67a5228 com.termux/com.termux.app.TermuxActivity'
12-22 20:14:59.637  1423  4811 I ActivityManager: Changes in 10210 19 to 5, 0 to 144
12-22 20:14:59.645  1423  2267 D InputDispatcher: Once focus requested (0): <null>
12-22 20:14:59.645  1423  2267 D InputDispatcher: Focus request (0): <null> but waiting because NO_WINDOW
12-22 20:14:59.645  1423  2267 D InputDispatcher: Focus left window (0): 67a5228 com.termux/com.termux.app.TermuxActivity
12-22 20:14:59.661  1423  1754 D InputMethodManagerService: isImeSwitcherDisabledPackage : false
12-22 20:14:59.661  1423  1754 W InputMethodManagerService: callbackImeWindowStatus: skipped topFocusedDisplayId=1, curTokenDisplayId=0
12-22 20:14:59.680  1423  1604 D WindowManager: Create SleepToken: tag=Display-off, displayId=0
12-22 20:14:59.689  1423  1473 W WindowManager: Cannot find window which accessibility connection is added to
12-22 20:14:59.693  1423  2267 W WindowManager: Failed looking up window session=Session{eef2b83 2022:u0a10055} callers=com.android.server.wm.Session.remove:10 android.view.IWindowSession$Stub.onTransact:804 com.android.server.wm.Session.onTransact:1 
12-22 20:14:59.697  2022  2022 I WindowManager: WindowManagerGlobal#addView, ty=2024, view=com.android.systemui.navigationbar.gestural.SamsungBackPanel{e24fbc1 G.ED..... ......I. 0,0-0,0}, caller=android.view.WindowManagerImpl.addView:158 com.android.systemui.navigationbar.gestural.BackPanelController.setLayoutParams:7 com.android.systemui.navigationbar.gestural.EdgeBackGestureHandler.setEdgeBackPlugin:20 
12-22 20:14:59.697  1423  1635 I WindowManager: Relayout Window{67a5228 u0 com.termux/com.termux.app.TermuxActivity}: viewVisibility=8 req=1080x1260 ty=1 d0
12-22 20:14:59.697  2022  2022 D ViewRootImpl: desktopMode is false
12-22 20:14:59.697  2022  2022 I ViewRootImpl: dVRR is disabled
12-22 20:14:59.698  1423  2230 W WindowManager: Cannot find window which accessibility connection is added to
12-22 20:14:59.699  1423  1635 I WindowManager: Relayout hash=67a5228, pid=22381, syncId=-1: mAttrs={(0,0)(fillxfill) sim={adjust=resize forwardNavigation} ty=BASE_APPLICATION wanim=0x1030317
12-22 20:14:59.699  1423  1635 I WindowManager:   fl=8d810100
12-22 20:14:59.699  1423  1635 I WindowManager:   pfl=10008040
12-22 20:14:59.699  1423  1635 I WindowManager:   vsysui=700
12-22 20:14:59.699  1423  1635 I WindowManager:   bhv=1
12-22 20:14:59.699  1423  1635 I WindowManager:   fitSides=0
12-22 20:14:59.699  1423  1635 I WindowManager:   frameRateBoostOnTouch=true
12-22 20:14:59.699  1423  1635 I WindowManager:   dvrrWindowFrameRateHint=true naviIconColor=0}
12-22 20:14:59.699  1423  4811 I WindowManager: Relayout Window{64185e1 u0 com.sec.android.app.launcher/com.sec.android.app.launcher.activities.LauncherActivity}: viewVisibility=8 req=1080x2520 ty=1 d0
12-22 20:14:59.699  1423  4811 I WindowManager: Relayout hash=64185e1, pid=2712, syncId=-1: mAttrs={(0,0)(fillxfill) sim={adjust=nothing} layoutInDisplayCutoutMode=always ty=BASE_APPLICATION fmt=TRANSPARENT wanim=0x1030306
12-22 20:14:59.699  1423  4811 I WindowManager:   fl=81910100
12-22 20:14:59.699  1423  4811 I WindowManager:   pfl=10008840
12-22 20:14:59.699  1423  4811 I WindowManager:   bhv=2
12-22 20:14:59.699  1423  4811 I WindowManager:   fitSides=0
12-22 20:14:59.699  1423  4811 I WindowManager:   frameRateBoostOnTouch=true
12-22 20:14:59.699  1423  4811 I WindowManager:   dvrrWindowFrameRateHint=true screenDimDuration=200000 naviIconColor=0}
12-22 20:14:59.703  1423  1423 I ActivityManager: Changes in 10516 5 to 6, 255 to 239
12-22 20:14:59.704  1423  1423 I ActivityManager: Changes in 10375 2 to 12, 255 to 0
12-22 20:14:59.704  1423  1423 I ActivityManager: Changes in 10342 2 to 4, 255 to 254
12-22 20:14:59.704  1423  1423 I ActivityManager: Changes in 10155 2 to 5, 255 to 184
12-22 20:14:59.704  1423  1423 I ActivityManager: Changes in 10122 3 to 12, 184 to 128
12-22 20:14:59.705  1423  1473 W WindowManager: Failed looking up window session=Session{eef2b83 2022:u0a10055} callers=com.android.server.wm.Session.remove:10 android.view.IWindowSession$Stub.onTransact:804 com.android.server.wm.Session.onTransact:1 
12-22 20:14:59.706  1423  2934 I WindowManager: Relayout Window{db572d5 u0 com.google.android.googlequicksearchbox/com.google.android.apps.search.assistant.surfaces.voice.robin.main.MainActivity}: viewVisibility=8 req=1080x1260 ty=1 d0
12-22 20:14:59.707  1423  2934 I WindowManager: Relayout hash=db572d5, pid=14008, syncId=-1: mAttrs={(0,0)(fillxfill) sim={adjust=resize} layoutInDisplayCutoutMode=always ty=BASE_APPLICATION wanim=0x1030317
12-22 20:14:59.707  1423  2934 I WindowManager:   fl=80810100
12-22 20:14:59.707  1423  2934 I WindowManager:   pfl=10008840
12-22 20:14:59.707  1423  2934 I WindowManager:   bhv=1
12-22 20:14:59.707  1423  2934 I WindowManager:   fitSides=0
12-22 20:14:59.707  1423  2934 I WindowManager:   frameRateBoostOnTouch=true
12-22 20:14:59.707  1423  2934 I WindowManager:   dvrrWindowFrameRateHint=true naviIconColor=0}
12-22 20:14:59.715  2022  2022 I WindowManager: WindowManagerGlobal#addView, ty=2019, view=com.android.systemui.navigationbar.views.NavigationBarFrame{d6824b5 V.E...... ......I. 0,0-0,0 #7f0a083a app:id/navigation_bar_frame}, caller=android.view.WindowManagerImpl.addView:158 com.android.systemui.navigationbar.views.NavigationBar.onInit:237 com.android.systemui.util.ViewController.init:6 
12-22 20:14:59.716  2022  2022 D ViewRootImpl: desktopMode is false
12-22 20:14:59.716  2022  2022 I ViewRootImpl: dVRR is disabled
12-22 20:14:59.723  1423  1473 I ActivityManager: Changes in 10122 12 to 10, 128 to 0
12-22 20:14:59.731  1423  1547 D WindowManager: DeferredDisplayUpdater: partially applying DisplayInfo(1080 x 2520) immediately
12-22 20:14:59.736  1423  2270 I ActivityManager: Changes in 10122 10 to 15, 0 to 128
12-22 20:14:59.743  1423  2697 E WindowManager: win=Window{64185e1 u0 com.sec.android.app.launcher/com.sec.android.app.launcher.activities.LauncherActivity} destroySurfaces: appStopped=true cleanupOnResume=false win.mWindowRemovalAllowed=false win.mRemoveOnExit=false win.mViewVisibility=8 caller=com.android.server.wm.ActivityRecord.destroySurfaces:25 com.android.server.wm.ActivityRecord.activityStopped:192 com.android.server.wm.ActivityClientController.activityStopped:97 android.app.IActivityClientController$Stub.onTransact:726 com.android.server.wm.ActivityClientController.onTransact:1 android.os.Binder.execTransactInternal:1462 android.os.Binder.execTransact:1401 
12-22 20:14:59.750  1423  2933 E WindowManager: win=Window{67a5228 u0 com.termux/com.termux.app.TermuxActivity} destroySurfaces: appStopped=true cleanupOnResume=false win.mWindowRemovalAllowed=false win.mRemoveOnExit=false win.mViewVisibility=8 caller=com.android.server.wm.ActivityRecord.destroySurfaces:25 com.android.server.wm.ActivityRecord.activityStopped:192 com.android.server.wm.ActivityClientController.activityStopped:97 android.app.IActivityClientController$Stub.onTransact:726 com.android.server.wm.ActivityClientController.onTransact:1 android.os.Binder.execTransactInternal:1462 android.os.Binder.execTransact:1401 
12-22 20:14:59.781  1423  2886 E WindowManager: win=Window{db572d5 u0 com.google.android.googlequicksearchbox/com.google.android.apps.search.assistant.surfaces.voice.robin.main.MainActivity} destroySurfaces: appStopped=true cleanupOnResume=false win.mWindowRemovalAllowed=false win.mRemoveOnExit=false win.mViewVisibility=8 caller=com.android.server.wm.ActivityRecord.destroySurfaces:25 com.android.server.wm.ActivityRecord.activityStopped:192 com.android.server.wm.ActivityClientController.activityStopped:97 android.app.IActivityClientController$Stub.onTransact:726 com.android.server.wm.ActivityClientController.onTransact:1 android.os.Binder.execTransactInternal:1462 android.os.Binder.execTransact:1401 
12-22 20:14:59.787  1423  2886 I ActivityManager: Changes in 10122 15 to 19, 128 to 0
12-22 20:14:59.860  1423  1855 I WindowManager: Relayout Window{4fc6b6b u0 EdgeBackGestureHandler1}: viewVisibility=8 req=164x419 ty=2024 d1
12-22 20:14:59.861  1423  1855 I WindowManager: Relayout hash=4fc6b6b, pid=2022, syncId=-1: mAttrs={(0,0)(164x419) sim={adjust=pan} ty=NAVIGATION_BAR_PANEL fmt=TRANSLUCENT
12-22 20:14:59.861  1423  1855 I WindowManager:   fl=1000118
12-22 20:14:59.861  1423  1855 I WindowManager:   pfl=30200010
12-22 20:14:59.861  1423  1855 I WindowManager:   bhv=1
12-22 20:14:59.861  1423  1855 I WindowManager:   frameRateBoostOnTouch=true
12-22 20:14:59.861  1423  1855 I WindowManager:   dvrrWindowFrameRateHint=true naviIconColor=0}
12-22 20:14:59.878  2022  2022 I WindowManager: WindowManagerGlobal#addView, ty=2024, view=com.android.systemui.navigationbar.gestural.QuickswitchOrientedNavHandle{11c299a V.E...... ......I. 0,0-0,0 #7f0a0b72 app:id/secondary_home_handle}, caller=android.view.WindowManagerImpl.addView:158 com.android.systemui.navigationbar.views.NavigationBar.initSecondaryHomeHandleForRotation:87 com.android.systemui.navigationbar.views.NavigationBar.onViewAttached:417 
12-22 20:14:59.878  2022  2022 D ViewRootImpl: desktopMode is false
12-22 20:14:59.878  2022  2022 I ViewRootImpl: dVRR is disabled
12-22 20:14:59.885  1423  2270 I WindowManager: Relayout Window{a93450e u0 NavigationBar1}: viewVisibility=0 req=1422x75 ty=2019 d1
12-22 20:14:59.885  1423  2270 D WindowManager: makeSurface duration=1 name=NavigationBar1$_2022
12-22 20:14:59.890  1423  2270 I WindowManager: Relayout hash=a93450e, pid=2022, syncId=-1: mAttrs={(0,0)(fillx75) gr=BOTTOM CENTER_VERTICAL sim={adjust=pan} layoutInDisplayCutoutMode=always ty=NAVIGATION_BAR fmt=TRANSLUCENT
12-22 20:14:59.890  1423  2270 I WindowManager:   fl=20040028
12-22 20:14:59.890  1423  2270 I WindowManager:   pfl=31000000
12-22 20:14:59.890  1423  2270 I WindowManager:   bhv=1
12-22 20:14:59.890  1423  2270 I WindowManager:   providedInsets:
12-22 20:14:59.890  1423  2270 I WindowManager:     InsetsFrameProvider: {id=#e0c00001, index=0, type=navigationBars, source=FRAME, flags=[SUPPRESS_SCRIM], insetsSize=Insets{left=0, top=0, right=0, bottom=23}, insetsSizeOverrides=[TypedInsetsSize: {windowType=INPUT_METHOD, insetsSize=null}]}
12-22 20:14:59.890  1423  2270 I WindowManager:     InsetsFrameProvider: {id=#e0c00006, index=0, type=tappableElement, source=FRAME, flags=[], insetsSize=Insets{left=0, top=0, right=0, bottom=0}}
12-22 20:14:59.890  1423  2270 I WindowManager:     InsetsFrameProvider: {id=#e0c00005, index=0, type=mandatorySystemGestures, source=FRAME, flags=[], insetsSize=Insets{left=0, top=0, right=0, bottom=50}}
12-22 20:14:59.890  1423  2270 I WindowManager:     InsetsFrameProvider: {id=#e0c00004, index=0, type=systemGestures, source=DISPLAY, flags=[], insetsSize=Insets{left=46, top=0, right=0, bottom=0}, mMinimalInsetsSizeInDisplayCutoutSafe=Insets{left=46, top=0, right=0, bottom=0}}
12-22 20:14:59.890  1423  2270 I WindowManager:     InsetsFrameProvider: {id=#e0c00024, index=1, type=systemGestures, source=DISPLAY, flags=[], insetsSize=Insets{left=0, top=0, right=46, bottom=0}, mMinimalInsetsSizeInDisplayCutoutSafe=Insets{left=0, top=0, right=46, bottom=0}}
12-22 20:14:59.890  1423  2270 I WindowManager:   frameRateBoostOnTouch=true
12-22 20:14:59.890  1423  2270 I WindowManager:   dvrrWindowFrameRateHint=true
12-22 20:14:59.890  1423  2270 I WindowManager:   paramsForRotation:
12-22 20:14:59.890  1423  2270 I WindowManager:     ROTATION_0={(0,0)(fillx75) gr=BOTTOM CENTER_VERTICAL layoutInDisplayCutoutMode=always ty=NAVIGATION_BAR fmt=TRANSLUCENT
12-22 20:14:59.890  1423  2270 I WindowManager:       fl=20040028
12-22 20:14:59.890  1423  2270 I WindowManager:       pfl=31000000
12-22 20:14:59.890  1423  2270 I WindowManager:       bhv=1
12-22 20:14:59.890  1423  2270 I WindowManager:       providedInsets:
12-22 20:14:59.890  1423  2270 I WindowManager:         InsetsFrameProvider: {id=#e0c00001, index=0, type=navigationBars, source=FRAME, flags=[SUPPRESS_SCRIM], insetsSize=Insets{left=0, top=0, right=0, bottom=23}, insetsSizeOverrides=[TypedInsetsSize: {windowType=INPUT_METHOD, insetsSize=null}]}
12-22 20:14:59.890  1423  2270 I WindowManager:         InsetsFrameProvider: {id=#e0c00006, index=0, type=tappableElement, source=FRAME, flags=[], insetsSize=Insets{left=0, top=0, right=0, bottom=0}}
12-22 20:14:59.890  1423  2270 I WindowManager:         InsetsFrameProvider: {id=#e0c00005, index=0, type=mandatorySystemGestures, source=FRAME, flags=[], insetsSize=Insets{left=0, top=0, right=0, bottom=50}}
12-22 20:14:59.890  1423  2270 I WindowManager:         InsetsFrameProvider: {id=#e0c00004, index=0, type=systemGestures, source=DISPLAY, flags=[], insetsSize=Insets{left=46, top=0, right=0, bottom=0}, mMinimalInsetsSizeInDisplayCutoutSafe=Insets{left=46, top=0, right=0, bottom=0}}
12-22 20:14:59.890  1423  2270 I WindowManager:         InsetsFrameProvider: {id=#e0c00024, index=1, type=systemGestures, source=DISPLAY, flags=[], insetsSize=Insets{left=0, top=0, right=46, bottom=0}, mMinimalInsetsSizeInDisplayCutoutSafe=Insets{left=0, top=0, right=46, bottom=0}}
12-22 20:14:59.890  1423  2270 I WindowManager:       frameRateBoostOnTouch=true
12-22 20:14:59.890  1423  2270 I WindowManager:       dvrrWindowFrameRateHint=true naviIconColor=0}
12-22 20:14:59.890  1423  2270 I WindowManager:     ROTATION_90={(0,0)(fillx75) gr=BOTTOM CENTER_VERTICAL layoutInDisplayCutoutMode=always ty=NAVIGATION_BAR fmt=TRANSLUCENT
12-22 20:14:59.890  1423  2270 I WindowManager:       fl=20040028
12-22 20:14:59.890  1423  2270 I WindowManager:       pfl=31000000
12-22 20:14:59.890  1423  2270 I WindowManager:       bhv=1
12-22 20:14:59.890  1423  2270 I WindowManager:       providedInsets:
12-22 20:14:59.890  1423  2270 I WindowManager:         InsetsFrameProvider: {id=#e0c00001, index=0, type=navigationBars, source=FRAME, flags=[SUPPRESS_SCRIM], insetsSize=Insets{left=0, top=0, right=0, bottom=23}, insetsSizeOverrides=[TypedInsetsSize: {windowType=INPUT_METHOD, insetsSize=Insets{left=0, top=0, right=0, bottom=23}}]}
12-22 20:14:59.890  1423  2270 I WindowManager:         InsetsFrameProvider: {id=#e0c00006, index=0, type=tappableElement, source=FRAME, flags=[], insetsSize=Insets{left=0, top=0, right=0, bottom=0}}
12-22 20:14:59.890  1423  2270 I WindowManager:         InsetsFrameProvider: {id=#e0c00005, index=0, type=mandatorySystemGestures, source=FRAME, flags=[], insetsSize=Insets{left=0, top=0, right=0, bottom=50}}
12-22 20:14:59.890  1423  2270 I WindowManager:         InsetsFrameProvider: {id=#e0c00004, index=0, type=systemGestures, source=DISPLAY, flags=[], insetsSize=Insets{left=46, top=0, right=0, bottom=0}, mMinimalInsetsSizeInDisplayCutoutSafe=Insets{left=46, top=0, right=0, bottom=0}}
12-22 20:14:59.890  1423  2270 I WindowManager:         InsetsFrameProvider: {id=#e0c00024, index=1, type=systemGestures, source=DISPLAY, flags=[], insetsSize=Insets{left=0, top=0, right=46, bottom=0}, mMinimalInsetsSizeInDisplayCutoutSafe=Insets{left=0, top=0, right=46, bottom=0}}
12-22 20:14:59.890  1423  2270 I WindowManager:       frameRateBoostOnTouch=true
12-22 20:14:59.890  1423  2270 I WindowManager:       dvrrWindowFrameRateHint=true naviIconColor=0}
12-22 20:14:59.890  1423  2270 I WindowManager:     ROTATION_180={(0,0)(fillx75) gr=BOTTOM CENTER_VERTICAL layoutInDisplayCutoutMode=always ty=NAVIGATION_BAR fmt=TRANSLUCENT
12-22 20:14:59.890  1423  2270 I WindowManager:       fl=20040028
12-22 20:14:59.890  1423  2270 I WindowManager:       pfl=31000000
12-22 20:14:59.890  1423  2270 I WindowManager:       bhv=1
12-22 20:14:59.890  1423  2270 I WindowManager:       providedInsets:
12-22 20:14:59.890  1423  2270 I WindowManager:         InsetsFrameProvider: {id=#e0c00001, index=0, type=navigationBars, source=FRAME, flags=[SUPPRESS_SCRIM], insetsSize=Insets{left=0, top=0, right=0, bottom=23}, insetsSizeOverrides=[TypedInsetsSize: {windowType=INPUT_METHOD, insetsSize=null}]}
12-22 20:14:59.890  1423  2270 I WindowManager:         InsetsFrameProvider: {id=#e0c00006, index=0, type=tappableElement, source=FRAME, flags=[], insetsSize=Insets{left=0, top=0, right=0, bottom=0}}
12-22 20:14:59.890  1423  2270 I WindowManager:         InsetsFrameProvider: {id=#e0c00005, index=0, type=mandatorySystemGestures, source=FRAME, flags=[], insetsSize=Insets{left=0, top=0, right=0, bottom=50}}
12-22 20:14:59.890  1423  2270 I WindowManager:         InsetsFrameProvider: {id=#e0c00004, index=0, type=systemGestures, source=DISPLAY, flags=[], insetsSize=Insets{left=46, top=0, right=0, bottom=0}, mMinimalInsetsSizeInDisplayCutoutSafe=Insets{left=46, top=0, right=0, bottom=0}}
12-22 20:14:59.890  1423  2270 I WindowManager:         InsetsFrameProvider: {id=#e0c00024, index=1, type=systemGestures, source=DISPLAY, flags=[], insetsSize=Insets{left=0, top=0, right=46, bottom=0}, mMinimalInsetsSizeInDisplayCutoutSafe=Insets{left=0, top=0, right=46, bottom=0}}
12-22 20:14:59.890  1423  2270 I WindowManager:       frameRateBoostOnTouch=true
12-22 20:14:59.890  1423  2270 I WindowManager:       dvrrWindowFrameRateHint=true naviIconColor=0}
12-22 20:14:59.890  1423  2270 I WindowManager:     ROTATION_270={(0,0)(fillx75) gr=BOTTOM CENTER_VERTICAL layoutInDisplayCutoutMode=always ty=NAVIGATION_BAR fmt=TRANSLUCENT
12-22 20:14:59.890  1423  2270 I WindowManager:       fl=20040028
12-22 20:14:59.890  1423  2270 I WindowManager:       pfl=31000000
12-22 20:14:59.890  1423  2270 I WindowManager:       bhv=1
12-22 20:14:59.890  1423  2270 I WindowManager:       providedInsets:
12-22 20:14:59.890  1423  2270 I WindowManager:         InsetsFrameProvider: {id=#e0c00001, index=0, type=navigationBars, source=FRAME, flags=[SUPPRESS_SCRIM], insetsSize=Insets{left=0, top=0, right=0, bottom=23}, insetsSizeOverrides=[TypedInsetsSize: {windowType=INPUT_METHOD, insetsSize=Insets{left=0, top=0, right=0, bottom=23}}]}
12-22 20:14:59.890  1423  2270 I WindowManager:         InsetsFrameProvider: {id=#e0c00006, index=0, type=tappableElement, source=FRAME, flags=[], insetsSize=Insets{left=0, top=0, right=0, bottom=0}}
12-22 20:14:59.890  1423  2270 I WindowManager:         InsetsFrameProvider: {id=#e0c00005, index=0, type=mandatorySystemGestures, source=FRAME, flags=[], insetsSize=Insets{left=0, top=0, right=0, bottom=50}}
12-22 20:14:59.890  1423  2270 I WindowManager:         InsetsFrameProvider: {id=#e0c00004, index=0, type=systemGestures, source=DISPLAY, flags=[], insetsSize=Insets{left=46, top=0, right=0, bottom=0}, mMinimalInsetsSizeInDisplayCutoutSafe=Insets{left=46, top=0, right=0, bottom=0}}
12-22 20:14:59.890  1423  2270 I WindowManager:         InsetsFrameProvider: {id=#e0c00024, index=1, type=systemGestures, source=DISPLAY, flags=[], insetsSize=Insets{left=0, top=0, right=46, bottom=0}, mMinimalInsetsSizeInDisplayCutoutSafe=Insets{left=0, top=0, right=46, bottom=0}}
12-22 20:14:59.890  1423  2270 I WindowManager:       frameRateBoostOnTouch=true
12-22 20:14:59.890  1423  2270 I WindowManager:       dvrrWindowFrameRateHint=true naviIconColor=0} naviIconColor=0}
12-22 20:14:59.896  1423  2229 D WindowManager: finishDrawingWindow: Window{a93450e u0 NavigationBar1} mDrawState=DRAW_PENDING seqId=0
12-22 20:14:59.953  1423  2933 I WindowManager: Relayout Window{a93450e u0 NavigationBar1}: viewVisibility=0 req=1422x66 ty=2019 d1
12-22 20:14:59.954  1423  2933 I WindowManager: Relayout hash=a93450e, pid=2022, syncId=-1: mAttrs={(0,0)(fillx66) gr=BOTTOM CENTER_VERTICAL sim={adjust=pan} layoutInDisplayCutoutMode=always ty=NAVIGATION_BAR fmt=TRANSLUCENT
12-22 20:14:59.954  1423  2933 I WindowManager:   fl=20040028
12-22 20:14:59.954  1423  2933 I WindowManager:   pfl=31000000
12-22 20:14:59.954  1423  2933 I WindowManager:   bhv=1
12-22 20:14:59.954  1423  2933 I WindowManager:   providedInsets:
12-22 20:14:59.954  1423  2933 I WindowManager:     InsetsFrameProvider: {id=#e0c00001, index=0, type=navigationBars, source=FRAME, flags=[SUPPRESS_SCRIM], insetsSize=Insets{left=0, top=0, right=0, bottom=66}, insetsSizeOverrides=[TypedInsetsSize: {windowType=INPUT_METHOD, insetsSize=null}]}
12-22 20:14:59.954  1423  2933 I WindowManager:     InsetsFrameProvider: {id=#e0c00006, index=0, type=tappableElement, source=FRAME, flags=[], insetsSize=Insets{left=0, top=0, right=0, bottom=0}}
12-22 20:14:59.954  1423  2933 I WindowManager:     InsetsFrameProvider: {id=#e0c00005, index=0, type=mandatorySystemGestures, source=FRAME, flags=[], insetsSize=Insets{left=0, top=0, right=0, bottom=50}}
12-22 20:14:59.954  1423  2933 I WindowManager:     InsetsFrameProvider: {id=#e0c00004, index=0, type=systemGestures, source=DISPLAY, flags=[], insetsSize=Insets{left=46, top=0, right=0, bottom=0}, mMinimalInsetsSizeInDisplayCutoutSafe=Insets{left=46, top=0, right=0, bottom=0}}
12-22 20:14:59.954  1423  2933 I WindowManager:     InsetsFrameProvider: {id=#e0c00024, index=1, type=systemGestures, source=DISPLAY, flags=[], insetsSize=Insets{left=0, top=0, right=46, bottom=0}, mMinimalInsetsSizeInDisplayCutoutSafe=Insets{left=0, top=0, right=46, bottom=0}}
12-22 20:14:59.954  1423  2933 I WindowManager:   frameRateBoostOnTouch=true
12-22 20:14:59.954  1423  2933 I WindowManager:   dvrrWindowFrameRateHint=true
12-22 20:14:59.954  1423  2933 I WindowManager:   paramsForRotation:
12-22 20:14:59.954  1423  2933 I WindowManager:     ROTATION_0={(0,0)(fillx66) gr=BOTTOM CENTER_VERTICAL layoutInDisplayCutoutMode=always ty=NAVIGATION_BAR fmt=TRANSLUCENT
12-22 20:14:59.954  1423  2933 I WindowManager:       fl=20040028
12-22 20:14:59.954  1423  2933 I WindowManager:       pfl=31000000
12-22 20:14:59.954  1423  2933 I WindowManager:       bhv=1
12-22 20:14:59.954  1423  2933 I WindowManager:       providedInsets:
12-22 20:14:59.954  1423  2933 I WindowManager:         InsetsFrameProvider: {id=#e0c00001, index=0, type=navigationBars, source=FRAME, flags=[SUPPRESS_SCRIM], insetsSize=Insets{left=0, top=0, right=0, bottom=66}, insetsSizeOverrides=[TypedInsetsSize: {windowType=INPUT_METHOD, insetsSize=null}]}
12-22 20:14:59.954  1423  2933 I WindowManager:         InsetsFrameProvider: {id=#e0c00006, index=0, type=tappableElement, source=FRAME, flags=[], insetsSize=Insets{left=0, top=0, right=0, bottom=0}}
12-22 20:14:59.954  1423  2933 I WindowManager:         InsetsFrameProvider: {id=#e0c00005, index=0, type=mandatorySystemGestures, source=FRAME, flags=[], insetsSize=Insets{left=0, top=0, right=0, bottom=50}}
12-22 20:14:59.954  1423  2933 I WindowManager:         InsetsFrameProvider: {id=#e0c00004, index=0, type=systemGestures, source=DISPLAY, flags=[], insetsSize=Insets{left=46, top=0, right=0, bottom=0}, mMinimalInsetsSizeInDisplayCutoutSafe=Insets{left=46, top=0, right=0, bottom=0}}
12-22 20:14:59.954  1423  2933 I WindowManager:         InsetsFrameProvider: {id=#e0c00024, index=1, type=systemGestures, source=DISPLAY, flags=[], insetsSize=Insets{left=0, top=0, right=46, bottom=0}, mMinimalInsetsSizeInDisplayCutoutSafe=Insets{left=0, top=0, right=46, bottom=0}}
12-22 20:14:59.954  1423  2933 I WindowManager:       frameRateBoostOnTouch=true
12-22 20:14:59.954  1423  2933 I WindowManager:       dvrrWindowFrameRateHint=true naviIconColor=0}
12-22 20:14:59.954  1423  2933 I WindowManager:     ROTATION_90={(0,0)(fillx66) gr=BOTTOM CENTER_VERTICAL layoutInDisplayCutoutMode=always ty=NAVIGATION_BAR fmt=TRANSLUCENT
12-22 20:14:59.954  1423  2933 I WindowManager:       fl=20040028
12-22 20:14:59.954  1423  2933 I WindowManager:       pfl=31000000
12-22 20:14:59.954  1423  2933 I WindowManager:       bhv=1
12-22 20:14:59.954  1423  2933 I WindowManager:       providedInsets:
12-22 20:14:59.954  1423  2933 I WindowManager:         InsetsFrameProvider: {id=#e0c00001, index=0, type=navigationBars, source=FRAME, flags=[SUPPRESS_SCRIM], insetsSize=Insets{left=0, top=0, right=0, bottom=38}, insetsSizeOverrides=[TypedInsetsSize: {windowType=INPUT_METHOD, insetsSize=Insets{left=0, top=0, right=0, bottom=38}}]}
12-22 20:14:59.954  1423  2933 I WindowManager:         InsetsFrameProvider: {id=#e0c00006, index=0, type=tappableElement, source=FRAME, flags=[], insetsSize=Insets{left=0, top=0, right=0, bottom=0}}
12-22 20:14:59.954  1423  2933 I WindowManager:         InsetsFrameProvider: {id=#e0c00005, index=0, type=mandatorySystemGestures, source=FRAME, flags=[], insetsSize=Insets{left=0, top=0, right=0, bottom=50}}
12-22 20:14:59.954  1423  2933 I WindowManager:         InsetsFrameProvider: {id=#e0c00004, index=0, type=systemGestures, source=DISPLAY, flags=[], insetsSize=Insets{left=46, top=0, right=0, bottom=0}, mMinimalInsetsSizeInDisplayCutoutSafe=Insets{left=46, top=0, right=0, bottom=0}}
12-22 20:14:59.954  1423  2933 I WindowManager:         InsetsFrameProvider: {id=#e0c00024, index=1, type=systemGestures, source=DISPLAY, flags=[], insetsSize=Insets{left=0, top=0, right=46, bottom=0}, mMinimalInsetsSizeInDisplayCutoutSafe=Insets{left=0, top=0, right=46, bottom=0}}
12-22 20:14:59.954  1423  2933 I WindowManager:       frameRateBoostOnTouch=true
12-22 20:14:59.954  1423  2933 I WindowManager:       dvrrWindowFrameRateHint=true naviIconColor=0}
12-22 20:14:59.954  1423  2933 I WindowManager:     ROTATION_180={(0,0)(fillx66) gr=BOTTOM CENTER_VERTICAL layoutInDisplayCutoutMode=always ty=NAVIGATION_BAR fmt=TRANSLUCENT
12-22 20:14:59.954  1423  2933 I WindowManager:       fl=20040028
12-22 20:14:59.954  1423  2933 I WindowManager:       pfl=31000000
12-22 20:14:59.954  1423  2933 I WindowManager:       bhv=1
12-22 20:14:59.954  1423  2933 I WindowManager:       providedInsets:
12-22 20:14:59.954  1423  2933 I WindowManager:         InsetsFrameProvider: {id=#e0c00001, index=0, type=navigationBars, source=FRAME, flags=[SUPPRESS_SCRIM], insetsSize=Insets{left=0, top=0, right=0, bottom=38}, insetsSizeOverrides=[TypedInsetsSize: {windowType=INPUT_METHOD, insetsSize=null}]}
12-22 20:14:59.954  1423  2933 I WindowManager:         InsetsFrameProvider: {id=#e0c00006, index=0, type=tappableElement, source=FRAME, flags=[], insetsSize=Insets{left=0, top=0, right=0, bottom=0}}
12-22 20:14:59.954  1423  2933 I WindowManager:         InsetsFrameProvider: {id=#e0c00005, index=0, type=mandatorySystemGestures, source=FRAME, flags=[], insetsSize=Insets{left=0, top=0, right=0, bottom=50}}
12-22 20:14:59.954  1423  2933 I WindowManager:         InsetsFrameProvider: {id=#e0c00004, index=0, type=systemGestures, source=DISPLAY, flags=[], insetsSize=Insets{left=46, top=0, right=0, bottom=0}, mMinimalInsetsSizeInDisplayCutoutSafe=Insets{left=46, top=0, right=0, bottom=0}}
12-22 20:14:59.954  1423  2933 I WindowManager:         InsetsFrameProvider: {id=#e0c00024, index=1, type=systemGestures, source=DISPLAY, flags=[], insetsSize=Insets{left=0, top=0, right=46, bottom=0}, mMinimalInsetsSizeInDisplayCutoutSafe=Insets{left=0, top=0, right=46, bottom=0}}
12-22 20:14:59.954  1423  2933 I WindowManager:       frameRateBoostOnTouch=true
12-22 20:14:59.954  1423  2933 I WindowManager:       dvrrWindowFrameRateHint=true naviIconColor=0}
12-22 20:14:59.954  1423  2933 I WindowManager:     ROTATION_270={(0,0)(fillx66) gr=BOTTOM CENTER_VERTICAL layoutInDisplayCutoutMode=always ty=NAVIGATION_BAR fmt=TRANSLUCENT
12-22 20:14:59.954  1423  2933 I WindowManager:       fl=20040028
12-22 20:14:59.954  1423  2933 I WindowManager:       pfl=31000000
12-22 20:14:59.954  1423  2933 I WindowManager:       bhv=1
12-22 20:14:59.954  1423  2933 I WindowManager:       providedInsets:
12-22 20:14:59.954  1423  2933 I WindowManager:         InsetsFrameProvider: {id=#e0c00001, index=0, type=navigationBars, source=FRAME, flags=[SUPPRESS_SCRIM], insetsSize=Insets{left=0, top=0, right=0, bottom=38}, insetsSizeOverrides=[TypedInsetsSize: {windowType=INPUT_METHOD, insetsSize=Insets{left=0, top=0, right=0, bottom=38}}]}
12-22 20:14:59.954  1423  2933 I WindowManager:         InsetsFrameProvider: {id=#e0c00006, index=0, type=tappableElement, source=FRAME, flags=[], insetsSize=Insets{left=0, top=0, right=0, bottom=0}}
12-22 20:14:59.954  1423  2933 I WindowManager:         InsetsFrameProvider: {id=#e0c00005, index=0, type=mandatorySystemGestures, source=FRAME, flags=[], insetsSize=Insets{left=0, top=0, right=0, bottom=50}}
12-22 20:14:59.954  1423  2933 I WindowManager:         InsetsFrameProvider: {id=#e0c00004, index=0, type=systemGestures, source=DISPLAY, flags=[], insetsSize=Insets{left=46, top=0, right=0, bottom=0}, mMinimalInsetsSizeInDisplayCutoutSafe=Insets{left=46, top=0, right=0, bottom=0}}
12-22 20:14:59.954  1423  2933 I WindowManager:         InsetsFrameProvider: {id=#e0c00024, index=1, type=systemGestures, source=DISPLAY, flags=[], insetsSize=Insets{left=0, top=0, right=46, bottom=0}, mMinimalInsetsSizeInDisplayCutoutSafe=Insets{left=0, top=0, right=46, bottom=0}}
12-22 20:14:59.954  1423  2933 I WindowManager:       frameRateBoostOnTouch=true
12-22 20:14:59.954  1423  2933 I WindowManager:       dvrrWindowFrameRateHint=true naviIconColor=0} naviIconColor=0}
12-22 20:14:59.958  1423  2886 I WindowManager: Relayout Window{58eab59 u0 SecondaryHomeHandle1}: viewVisibility=8 req=0x0 ty=2024 d1
12-22 20:14:59.958  1423  2886 I WindowManager: Relayout hash=58eab59, pid=2022, syncId=-1: mAttrs={(0,0)(0x0) sim={adjust=pan} ty=NAVIGATION_BAR_PANEL fmt=TRANSLUCENT
12-22 20:14:59.958  1423  2886 I WindowManager:   fl=21000138
12-22 20:14:59.958  1423  2886 I WindowManager:   pfl=1040
12-22 20:14:59.958  1423  2886 I WindowManager:   bhv=1
12-22 20:14:59.958  1423  2886 I WindowManager:   fitTypes=206
12-22 20:14:59.958  1423  2886 I WindowManager:   frameRateBoostOnTouch=true
12-22 20:14:59.958  1423  2886 I WindowManager:   dvrrWindowFrameRateHint=true naviIconColor=0}
12-22 20:14:59.958  1423  2933 D WindowManager: finishDrawingWindow: Window{a93450e u0 NavigationBar1} mDrawState=READY_TO_SHOW seqId=0
12-22 20:14:59.968  1423  1754 D InputMethodManagerService: isImeSwitcherDisabledPackage : false
12-22 20:14:59.969  1423  1754 D InputMethodManagerService: shouldShowImeSwitcherLocked : checking vis : 3
12-22 20:14:59.971  1423  1604 D WindowManager: Remove SleepToken: tag=Display-off, displayId=1
12-22 20:14:59.971  1423  1604 D WindowManager: Transition is created, t=TransitionRecord{e86f73d id=-1 type=WAKE flags=0x0}, caller=com.android.server.wm.Transition.<init>:182 com.android.server.wm.TransitionController.createTransition:17 com.android.server.wm.RootWindowContainer.applySleepTokens:209 com.android.server.wm.ActivityTaskManagerService.updateSleepIfNeededLocked:90 com.android.server.wm.RootWindowContainer.removeSleepToken:131 
12-22 20:14:59.972  1423  1604 D WindowManager: prepareSync <SYNC_STATE_WAITING_FOR_DRAW>, mPrepareSyncSeqId=0, win=Window{9a3d1c6 u0 com.android.systemui/com.android.systemui.subscreen.SubHomeActivity}
12-22 20:14:59.973  1423  1604 I WindowManager: getCoverScreenRotation 0, sensor= 0, isFlat=false, isDual=false
12-22 20:14:59.974  1423  1604 I WindowManager: Waiting for transition
12-22 20:14:59.976  1423  1550 I WindowManager: Waiting for transition
12-22 20:14:59.980  1423  1423 I ActivityManager: Changes in 10516 6 to 5, 239 to 255
12-22 20:14:59.980  1423  1423 I ActivityManager: updateOomAdj start time is before than pendingPid added, don't delete it
12-22 20:14:59.981  1423  1423 D InputDispatcher: Inject key (0/0): action=0, f=0x8, d=-1, time=31059566473000
12-22 20:14:59.984  1423  2189 D WindowManager: Create SleepToken: tag=keyguard, displayId=0
12-22 20:14:59.988  1423  1754 W InputMethodManagerService: callbackImeWindowStatus: skipped topFocusedDisplayId=1, curTokenDisplayId=0
12-22 20:14:59.988  1423  1754 W InputMethodManagerService: callbackImeWindowStatus: skipped topFocusedDisplayId=1, curTokenDisplayId=0
12-22 20:14:59.989  1423  1549 I ActivityManager: Changes in 10375 12 to 2, 0 to 255
12-22 20:14:59.996  1423  1555 I ActivityManager: Changes in 10384 19 to 11, 0 to 128
12-22 20:15:00.003  1423  1555 I ActivityManager: Changes in 10176 19 to 11, 0 to 128
12-22 20:15:00.003  1423  4811 I ActivityManager: Changes in 10384 11 to 19, 128 to 0
12-22 20:15:00.008  1423  4811 I ActivityManager: Changes in 10176 11 to 19, 128 to 0
12-22 20:15:00.021  1423  1555 I ActivityManager: Changes in 10329 8 to 8, 0 to 128
12-22 20:15:00.028  1423  2266 I WindowManager: Relayout Window{9f6c9d1 u0 ThumbsUpHandler_L}: viewVisibility=8 req=41x2520 ty=2601 d0
12-22 20:15:00.028  1423  2266 E WindowManager: win=Window{9f6c9d1 u0 ThumbsUpHandler_L} destroySurfaces: appStopped=true cleanupOnResume=false win.mWindowRemovalAllowed=false win.mRemoveOnExit=false win.mViewVisibility=8 caller=com.android.server.wm.WindowManagerService.tryStartExitingAnimation:134 com.android.server.wm.WindowManagerService.relayoutWindow:1147 com.android.server.wm.Session.relayout:27 android.view.IWindowSession$Stub.onTransact:829 com.android.server.wm.Session.onTransact:1 android.os.Binder.execTransactInternal:1457 android.os.Binder.execTransact:1401 
12-22 20:15:00.029  1423  2266 I WindowManager: Waiting for transition
12-22 20:15:00.030  1423  2266 I WindowManager: Relayout hash=9f6c9d1, pid=6554, syncId=-1: mAttrs={(0,0)(41x2520) gr=TOP LEFT CENTER sim={state=hidden adjust=pan} layoutInDisplayCutoutMode=shortEdges ty=2601 fmt=TRANSLUCENT alpha=0.0
12-22 20:15:00.030  1423  2266 I WindowManager:   fl=5800528
12-22 20:15:00.030  1423  2266 I WindowManager:   pfl=10000050
12-22 20:15:00.030  1423  2266 I WindowManager:   vsysui=500
12-22 20:15:00.030  1423  2266 I WindowManager:   bhv=2
12-22 20:15:00.030  1423  2266 I WindowManager:   fitTypes=207
12-22 20:15:00.030  1423  2266 I WindowManager:   fitSides=0
12-22 20:15:00.030  1423  2266 I WindowManager:   frameRateBoostOnTouch=true
12-22 20:15:00.030  1423  2266 I WindowManager:   dvrrWindowFrameRateHint=true naviIconColor=0
12-22 20:15:00.030  1423  2266 I WindowManager:   sfl=20000}
12-22 20:15:00.032  1423  1550 I WindowManager: Waiting for transition
12-22 20:15:00.033  1423  2230 I WindowManager: Cancelling animation restarting=true, leash=Surface(name=Surface(name=6146b28 NavigationBar0)/@0x1b76ee0 - animation-leash of insets_animation)/@0x20df05f
12-22 20:15:00.033  1423  2230 I WindowManager: Reparenting to original parent: Surface(name=WindowToken{abeb61a type=2019 android.os.BinderProxy@2cf173c})/@0x22a599, destroy=false, surface=Surface(name=6146b28 NavigationBar0)/@0x1b76ee0
12-22 20:15:00.033  1423  2230 I WindowManager: Reparenting to leash, surface=Surface(name=6146b28 NavigationBar0)/@0x1b76ee0, leashParent=Surface(name=WindowToken{abeb61a type=2019 android.os.BinderProxy@2cf173c})/@0x22a599
12-22 20:15:00.033  1423  2230 D WindowManager: makeSurface duration=1 leash=Surface(name=Surface(name=6146b28 NavigationBar0)/@0x1b76ee0 - animation-leash of insets_animation)/@0x3a79843
12-22 20:15:00.034  1423  2784 I WindowManager: Relayout Window{7aff3c3 u0 ThumbsUpHandler_R}: viewVisibility=8 req=41x2520 ty=2601 d0
12-22 20:15:00.034  1423  2784 E WindowManager: win=Window{7aff3c3 u0 ThumbsUpHandler_R} destroySurfaces: appStopped=true cleanupOnResume=false win.mWindowRemovalAllowed=false win.mRemoveOnExit=false win.mViewVisibility=8 caller=com.android.server.wm.WindowManagerService.tryStartExitingAnimation:134 com.android.server.wm.WindowManagerService.relayoutWindow:1147 com.android.server.wm.Session.relayout:27 android.view.IWindowSession$Stub.onTransact:829 com.android.server.wm.Session.onTransact:1 android.os.Binder.execTransactInternal:1457 android.os.Binder.execTransact:1401 
12-22 20:15:00.035  1423  2784 I WindowManager: Waiting for transition
12-22 20:15:00.036  1423  2784 I WindowManager: Relayout hash=7aff3c3, pid=6554, syncId=-1: mAttrs={(0,0)(41x2520) gr=TOP RIGHT CENTER sim={state=hidden adjust=pan} layoutInDisplayCutoutMode=shortEdges ty=2601 fmt=TRANSLUCENT alpha=0.0
12-22 20:15:00.036  1423  2784 I WindowManager:   fl=5800528
12-22 20:15:00.036  1423  2784 I WindowManager:   pfl=10000050
12-22 20:15:00.036  1423  2784 I WindowManager:   vsysui=500
12-22 20:15:00.036  1423  2784 I WindowManager:   bhv=2
12-22 20:15:00.036  1423  2784 I WindowManager:   fitTypes=207
12-22 20:15:00.036  1423  2784 I WindowManager:   fitSides=0
12-22 20:15:00.036  1423  2784 I WindowManager:   frameRateBoostOnTouch=true
12-22 20:15:00.036  1423  2784 I WindowManager:   dvrrWindowFrameRateHint=true naviIconColor=0
12-22 20:15:00.036  1423  2784 I WindowManager:   sfl=20000}
12-22 20:15:00.037  1423  2109 I ActivityManager: Changes in 10329 8 to 8, 128 to 0
12-22 20:15:00.038  1423  1547 D WindowManager: DeferredDisplayUpdater: partially applying DisplayInfo(948 x 1048) immediately
12-22 20:15:00.039  1423  1547 I WindowManager: Waiting for transition
12-22 20:15:00.040  1423  1550 I WindowManager: Waiting for transition
12-22 20:15:00.042  1423  1555 I ActivityManager: Changes in 5006 8 to 8, 0 to 128
12-22 20:15:00.044  1423  2109 I ActivityManager: Changes in 5006 8 to 8, 128 to 0
12-22 20:15:00.051  1423  1555 I ActivityManager: Changes in 10373 16 to 11, 0 to 128
12-22 20:15:00.060  1423  2264 I ActivityManager: Changes in 10373 11 to 16, 128 to 0
12-22 20:15:00.066  1423  4808 I InputMethodManagerService: isInputMethodShown: isShown=true
12-22 20:15:00.066  1423  4808 I InputMethodManagerService: fhsi
12-22 20:15:00.070  1423  4806 I WindowManager: Waiting for transition
12-22 20:15:00.072  1423  1555 I ActivityManager: Changes in 10113 10 to 10, 0 to 128
12-22 20:15:00.074  1423  1550 I WindowManager: Waiting for transition
12-22 20:15:00.079  1423  1549 I ActivityManager: Changes in 10332 5 to 7, 255 to 128
12-22 20:15:00.080  1423  2228 W InputMethodManagerService: callbackImeWindowStatus: skipped topFocusedDisplayId=1, curTokenDisplayId=0
12-22 20:15:00.080  1423  2228 I InputMethodManagerService: setImeWindowStatus: vis=0, backDisposition=0
12-22 20:15:00.087  1423  1555 I ActivityManager: Changes in 10386 19 to 11, 0 to 128
12-22 20:15:00.087  1423  1555 I ActivityManager: Changes in 10362 16 to 11, 0 to 128
12-22 20:15:00.093  1423  4807 I WindowManager: Relayout Window{82d55a2 u0 InputMethod}: viewVisibility=0 req=1080x2404 ty=2011 d0
12-22 20:15:00.093  1423  4807 I WindowManager: Waiting for transition
12-22 20:15:00.093  1423  4807 I WindowManager: Relayout hash=82d55a2, pid=0, syncId=-1: mAttrs={(0,0)(fillxfill) gr=BOTTOM CENTER_VERTICAL sim={adjust=pan} ty=INPUT_METHOD fmt=TRANSPARENT wanim=0x1030056 preferredMinDisplayRefreshRate=60.0 receive insets ignoring z-order
12-22 20:15:00.093  1423  4807 I WindowManager:   fl=81800108
12-22 20:15:00.093  1423  4807 I WindowManager:   pfl=14000000
12-22 20:15:00.093  1423  4807 I WindowManager:   bhv=1
12-22 20:15:00.093  1423  4807 I WindowManager:   fitTypes=3
12-22 20:15:00.093  1423  4807 I WindowManager:   fitSides=7
12-22 20:15:00.093  1423  4807 I WindowManager:   fitIgnoreVis
12-22 20:15:00.093  1423  4807 I WindowManager:   dvrrWindowFrameRateHint=true
12-22 20:15:00.093  1423  4807 I WindowManager:  dimAmount=0.18 dimDuration=150 naviIconColor=0}
12-22 20:15:00.093  1423  4807 D WindowManager: setInsetsWindow Window{82d55a2 u0 InputMethod}, contentInsets=Rect(0, 1904 - 0, 0) -> Rect(0, 1904 - 0, 0), visibleInsets=Rect(0, 1904 - 0, 0) -> Rect(0, 1904 - 0, 0), touchableRegion=SkRegion((0,1904,1080,2404)) -> SkRegion((0,1904,1080,2404)), touchableInsets 3 -> 3
12-22 20:15:00.094  1423  4807 I WindowManager: Waiting for transition
12-22 20:15:00.097  1423  4800 I ActivityManager: Changes in 10362 11 to 16, 128 to 0
12-22 20:15:00.099  1423  2230 I ActivityManager: Changes in 10386 11 to 19, 128 to 0
12-22 20:15:00.104  1423  1555 I ActivityManager: Changes in 10100 19 to 11, 0 to 128
12-22 20:15:00.106  1423  2784 I ActivityManager: Changes in 10100 11 to 19, 128 to 0
12-22 20:15:00.108  1423  2784 I ActivityManager: Changes in 10113 10 to 10, 128 to 0
12-22 20:15:00.117  1423  2230 I WindowManager: Relayout Window{b5eb294 u0 NotificationShade}: viewVisibility=0 req=1080x2520 ty=2040 d0
12-22 20:15:00.118  1423  2230 D WindowManager: makeSurface duration=0 name=NotificationShade$_2022
12-22 20:15:00.118  1423  2230 I WindowManager: Waiting for transition
12-22 20:15:00.119  1423  2230 I WindowManager: Relayout hash=b5eb294, pid=2022, syncId=-1: mAttrs={(0,0)(fillxfill) gr=TOP CENTER_VERTICAL sim={adjust=pan} layoutInDisplayCutoutMode=always ty=NOTIFICATION_SHADE fmt=TRANSLUCENT or=SCREEN_ORIENTATION_NOSENSOR if=INPUT_FEATURE_DISABLE_USER_ACTIVITY userActivityTimeout=5000
12-22 20:15:00.119  1423  2230 I WindowManager:   fl=81160040
12-22 20:15:00.119  1423  2230 I WindowManager:   pfl=10000200
12-22 20:15:00.119  1423  2230 I WindowManager:   bhv=2
12-22 20:15:00.119  1423  2230 I WindowManager:   frameRateBoostOnTouch=true
12-22 20:15:00.119  1423  2230 I WindowManager:   dvrrWindowFrameRateHint=true screenDimDuration=0 naviIconColor=0
12-22 20:15:00.119  1423  2230 I WindowManager:   sfl=40000}
12-22 20:15:00.121  1423  2230 I WindowManager: Relayout Window{41abd5c u0 com.sec.android.app.launcher/com.samsung.app.honeyspace.edge.edgepanel.app.CocktailBarService}: viewVisibility=8 req=0x0 ty=2226 d0
12-22 20:15:00.121  1423  2230 E WindowManager: win=Window{41abd5c u0 com.sec.android.app.launcher/com.samsung.app.honeyspace.edge.edgepanel.app.CocktailBarService} destroySurfaces: appStopped=true cleanupOnResume=false win.mWindowRemovalAllowed=false win.mRemoveOnExit=false win.mViewVisibility=8 caller=com.android.server.wm.WindowManagerService.tryStartExitingAnimation:134 com.android.server.wm.WindowManagerService.relayoutWindow:1147 com.android.server.wm.Session.relayout:27 android.view.IWindowSession$Stub.onTransact:829 com.android.server.wm.Session.onTransact:1 android.os.Binder.execTransactInternal:1457 android.os.Binder.execTransact:1401 
12-22 20:15:00.123  1423  2230 I WindowManager: Waiting for transition
12-22 20:15:00.123  1423  2230 I WindowManager: Waiting for transition
12-22 20:15:00.125  1423  1550 I WindowManager: Waiting for transition
12-22 20:15:00.125  1423  1555 I ActivityManager: Changes in 10384 19 to 11, 0 to 128
12-22 20:15:00.126  1423  2230 I WindowManager: Relayout hash=41abd5c, pid=2712, syncId=-1: mAttrs={(0,628)(0x0) gr=TOP RIGHT CENTER sim={adjust=nothing} layoutInDisplayCutoutMode=always ty=2226 fmt=TRANSPARENT
12-22 20:15:00.126  1423  2230 I WindowManager:   fl=81800108
12-22 20:15:00.126  1423  2230 I WindowManager:   pfl=10000070
12-22 20:15:00.126  1423  2230 I WindowManager:   apr=10
12-22 20:15:00.126  1423  2230 I WindowManager:   bhv=1
12-22 20:15:00.126  1423  2230 I WindowManager:   frameRateBoostOnTouch=true
12-22 20:15:00.126  1423  2230 I WindowManager:   dvrrWindowFrameRateHint=true
12-22 20:15:00.126  1423  2230 I WindowManager:  dimAmount=0.0 dimDuration=0 naviIconColor=0
12-22 20:15:00.126  1423  2230 I WindowManager:   sfl=420000}
12-22 20:15:00.128  1423  2784 I WindowManager: Waiting for transition
12-22 20:15:00.131  1423  2264 W ActivityManager: Background start not allowed: service Intent { xflg=0x4 cmp=com.facebook.katana/com.facebook.mqtt.service.MqttServiceV2 (has extras) } to com.facebook.katana/com.facebook.mqtt.service.MqttServiceV2 from pid=12897 uid=10384 pkg=com.facebook.katana startFg?=false
12-22 20:15:00.132  1423  4799 I ActivityManager: Changes in 10384 11 to 19, 128 to 0
12-22 20:15:00.132  1423  2697 I WindowManager: Waiting for transition
12-22 20:15:00.134  1423  1555 I ActivityManager: Changes in 10176 19 to 11, 0 to 128
12-22 20:15:00.140  1423  1855 I WindowManager: Relayout Window{9f6c9d1 u0 ThumbsUpHandler_L}: viewVisibility=0 req=41x2520 ty=2601 d0
12-22 20:15:00.140  1423  2264 I ActivityManager: Changes in 10176 11 to 19, 128 to 0
12-22 20:15:00.141  1423  1855 D WindowManager: makeSurface duration=0 name=ThumbsUpHandler_L$_6554
12-22 20:15:00.141  1423  1855 I WindowManager: Waiting for transition
12-22 20:15:00.141  1423  2697 I WindowManager: Relayout Window{4ad78ec u0 Bouncer}: viewVisibility=4 req=1080x0 ty=2009 d0
12-22 20:15:00.142  1423  2697 I WindowManager: Waiting for transition
12-22 20:15:00.142  1423  1855 I WindowManager: Relayout hash=9f6c9d1, pid=6554, syncId=-1: mAttrs={(0,0)(41x2520) gr=TOP LEFT CENTER sim={state=hidden adjust=pan} layoutInDisplayCutoutMode=shortEdges ty=2601 fmt=TRANSLUCENT alpha=0.0
12-22 20:15:00.142  1423  1855 I WindowManager:   fl=5800528
12-22 20:15:00.142  1423  1855 I WindowManager:   pfl=10000050
12-22 20:15:00.142  1423  1855 I WindowManager:   vsysui=500
12-22 20:15:00.142  1423  1855 I WindowManager:   bhv=2
12-22 20:15:00.142  1423  1855 I WindowManager:   fitTypes=207
12-22 20:15:00.142  1423  1855 I WindowManager:   fitSides=0
12-22 20:15:00.142  1423  1855 I WindowManager:   frameRateBoostOnTouch=true
12-22 20:15:00.142  1423  1855 I WindowManager:   dvrrWindowFrameRateHint=true naviIconColor=0
12-22 20:15:00.142  1423  1855 I WindowManager:   sfl=20000}
12-22 20:15:00.142  1423  2784 D WindowManager: finishDrawingWindow: Window{b5eb294 u0 NotificationShade} mDrawState=DRAW_PENDING seqId=0
12-22 20:15:00.142  1423  2697 I WindowManager: Relayout hash=4ad78ec, pid=2022, syncId=-1: mAttrs={(0,0)(fillxfill) gr=TOP CENTER_VERTICAL sim={adjust=resize} layoutInDisplayCutoutMode=shortEdges ty=KEYGUARD_DIALOG fmt=TRANSLUCENT if=INPUT_FEATURE_DISABLE_USER_ACTIVITY userActivityTimeout=10000
12-22 20:15:00.142  1423  2697 I WindowManager:   fl=85000548
12-22 20:15:00.142  1423  2697 I WindowManager:   pfl=10000000
12-22 20:15:00.142  1423  2697 I WindowManager:   vsysui=500
12-22 20:15:00.142  1423  2697 I WindowManager:   bhv=2
12-22 20:15:00.142  1423  2697 I WindowManager:   frameRateBoostOnTouch=true
12-22 20:15:00.142  1423  2697 I WindowManager:   dvrrWindowFrameRateHint=true
12-22 20:15:00.142  1423  2697 I WindowManager:  dimAmount=0.0 screenDimDuration=0 naviIconColor=0
12-22 20:15:00.142  1423  2697 I WindowManager:   sfl=40000}
12-22 20:15:00.143  1423  2784 I InputMethodManagerService: isInputMethodShown: isShown=false
12-22 20:15:00.145  1423  1550 I WindowManager: Waiting for transition
12-22 20:15:00.145  1423  1550 I WindowManager: Waiting for transition
12-22 20:15:00.145  1423  2220 I WindowManager: Relayout Window{6146b28 u0 NavigationBar0}: viewVisibility=0 req=1080x75 ty=2019 d0
12-22 20:15:00.145  1423  2220 I WindowManager: Waiting for transition
12-22 20:15:00.146  1423  1855 I WindowManager: Waiting for transition
12-22 20:15:00.146  1423  2933 I WindowManager: Relayout Window{a93450e u0 NavigationBar1}: viewVisibility=0 req=1422x66 ty=2019 d1
12-22 20:15:00.146  1423  2933 I WindowManager: Waiting for transition
12-22 20:15:00.146  1423  2886 I WindowManager: Relayout Window{7aff3c3 u0 ThumbsUpHandler_R}: viewVisibility=0 req=41x2520 ty=2601 d0
12-22 20:15:00.147  1423  2886 D WindowManager: makeSurface duration=0 name=ThumbsUpHandler_R$_6554
12-22 20:15:00.147  1423  2220 I WindowManager: Relayout hash=6146b28, pid=0, syncId=-1: mAttrs={(0,0)(fillx75) gr=BOTTOM CENTER_VERTICAL sim={adjust=pan} layoutInDisplayCutoutMode=always ty=NAVIGATION_BAR fmt=TRANSLUCENT
12-22 20:15:00.147  1423  2220 I WindowManager:   fl=20040028
12-22 20:15:00.147  1423  2220 I WindowManager:   pfl=31001000
12-22 20:15:00.147  1423  2220 I WindowManager:   bhv=1
