12-18 18:37:53.495  1401  2151 I WindowManager:   dvrrWindowFrameRateHint=true naviIconColor=0}
12-18 18:37:53.501  1401  2151 I WindowManager: Relayout Window{2d1b33 u0 com.katsuyamaki.DroidOSTrackpadKeyboard}: viewVisibility=0 req=527x444 ty=2032 d0
12-18 18:37:53.503  1401  2151 I WindowManager: Relayout hash=2d1b33, pid=0, syncId=-1: mAttrs={(170,1401)(527x444) gr=TOP LEFT CENTER sim={adjust=pan} layoutInDisplayCutoutMode=shortEdges ty=ACCESSIBILITY_OVERLAY fmt=TRANSLUCENT
12-18 18:37:53.503  1401  2151 I WindowManager:   fl=1040228
12-18 18:37:53.503  1401  2151 I WindowManager:   pfl=40000000
12-18 18:37:53.503  1401  2151 I WindowManager:   bhv=1
12-18 18:37:53.503  1401  2151 I WindowManager:   fitTypes=207
12-18 18:37:53.503  1401  2151 I WindowManager:   frameRateBoostOnTouch=true
12-18 18:37:53.503  1401  2151 I WindowManager:   dvrrWindowFrameRateHint=true naviIconColor=0}
12-18 18:37:53.509  1401  2151 I WindowManager: Relayout Window{2d1b33 u0 com.katsuyamaki.DroidOSTrackpadKeyboard}: viewVisibility=0 req=527x444 ty=2032 d0
12-18 18:37:53.511  1401  2151 I WindowManager: Relayout hash=2d1b33, pid=0, syncId=-1: mAttrs={(172,1408)(527x444) gr=TOP LEFT CENTER sim={adjust=pan} layoutInDisplayCutoutMode=shortEdges ty=ACCESSIBILITY_OVERLAY fmt=TRANSLUCENT
12-18 18:37:53.511  1401  2151 I WindowManager:   fl=1040228
12-18 18:37:53.511  1401  2151 I WindowManager:   pfl=40000000
12-18 18:37:53.511  1401  2151 I WindowManager:   bhv=1
12-18 18:37:53.511  1401  2151 I WindowManager:   fitTypes=207
12-18 18:37:53.511  1401  2151 I WindowManager:   frameRateBoostOnTouch=true
12-18 18:37:53.511  1401  2151 I WindowManager:   dvrrWindowFrameRateHint=true naviIconColor=0}
12-18 18:37:53.518  1401  2151 I WindowManager: Relayout Window{2d1b33 u0 com.katsuyamaki.DroidOSTrackpadKeyboard}: viewVisibility=0 req=527x444 ty=2032 d0
12-18 18:37:53.520  1401  2151 I WindowManager: Relayout hash=2d1b33, pid=0, syncId=-1: mAttrs={(172,1413)(527x444) gr=TOP LEFT CENTER sim={adjust=pan} layoutInDisplayCutoutMode=shortEdges ty=ACCESSIBILITY_OVERLAY fmt=TRANSLUCENT
12-18 18:37:53.520  1401  2151 I WindowManager:   fl=1040228
12-18 18:37:53.520  1401  2151 I WindowManager:   pfl=40000000
12-18 18:37:53.520  1401  2151 I WindowManager:   bhv=1
12-18 18:37:53.520  1401  2151 I WindowManager:   fitTypes=207
12-18 18:37:53.520  1401  2151 I WindowManager:   frameRateBoostOnTouch=true
12-18 18:37:53.520  1401  2151 I WindowManager:   dvrrWindowFrameRateHint=true naviIconColor=0}
12-18 18:37:53.526  1401  2151 I WindowManager: Relayout Window{2d1b33 u0 com.katsuyamaki.DroidOSTrackpadKeyboard}: viewVisibility=0 req=527x444 ty=2032 d0
12-18 18:37:53.529  1401  2151 I WindowManager: Relayout hash=2d1b33, pid=0, syncId=-1: mAttrs={(171,1418)(527x444) gr=TOP LEFT CENTER sim={adjust=pan} layoutInDisplayCutoutMode=shortEdges ty=ACCESSIBILITY_OVERLAY fmt=TRANSLUCENT
12-18 18:37:53.529  1401  2151 I WindowManager:   fl=1040228
12-18 18:37:53.529  1401  2151 I WindowManager:   pfl=40000000
12-18 18:37:53.529  1401  2151 I WindowManager:   bhv=1
12-18 18:37:53.529  1401  2151 I WindowManager:   fitTypes=207
12-18 18:37:53.529  1401  2151 I WindowManager:   frameRateBoostOnTouch=true
12-18 18:37:53.529  1401  2151 I WindowManager:   dvrrWindowFrameRateHint=true naviIconColor=0}
12-18 18:37:53.534  1401  2251 I WindowManager: Relayout Window{2d1b33 u0 com.katsuyamaki.DroidOSTrackpadKeyboard}: viewVisibility=0 req=527x444 ty=2032 d0
12-18 18:37:53.537  1401  2251 I WindowManager: Relayout hash=2d1b33, pid=0, syncId=-1: mAttrs={(168,1425)(527x444) gr=TOP LEFT CENTER sim={adjust=pan} layoutInDisplayCutoutMode=shortEdges ty=ACCESSIBILITY_OVERLAY fmt=TRANSLUCENT
12-18 18:37:53.537  1401  2251 I WindowManager:   fl=1040228
12-18 18:37:53.537  1401  2251 I WindowManager:   pfl=40000000
12-18 18:37:53.537  1401  2251 I WindowManager:   bhv=1
12-18 18:37:53.537  1401  2251 I WindowManager:   fitTypes=207
12-18 18:37:53.537  1401  2251 I WindowManager:   frameRateBoostOnTouch=true
12-18 18:37:53.537  1401  2251 I WindowManager:   dvrrWindowFrameRateHint=true naviIconColor=0}
12-18 18:37:53.543  1401  2251 I WindowManager: Relayout Window{2d1b33 u0 com.katsuyamaki.DroidOSTrackpadKeyboard}: viewVisibility=0 req=527x444 ty=2032 d0
12-18 18:37:53.546  1401  2251 I WindowManager: Relayout hash=2d1b33, pid=0, syncId=-1: mAttrs={(164,1432)(527x444) gr=TOP LEFT CENTER sim={adjust=pan} layoutInDisplayCutoutMode=shortEdges ty=ACCESSIBILITY_OVERLAY fmt=TRANSLUCENT
12-18 18:37:53.546  1401  2251 I WindowManager:   fl=1040228
12-18 18:37:53.546  1401  2251 I WindowManager:   pfl=40000000
12-18 18:37:53.546  1401  2251 I WindowManager:   bhv=1
12-18 18:37:53.546  1401  2251 I WindowManager:   fitTypes=207
12-18 18:37:53.546  1401  2251 I WindowManager:   frameRateBoostOnTouch=true
12-18 18:37:53.546  1401  2251 I WindowManager:   dvrrWindowFrameRateHint=true naviIconColor=0}
12-18 18:37:53.552  1401  2151 I WindowManager: Relayout Window{2d1b33 u0 com.katsuyamaki.DroidOSTrackpadKeyboard}: viewVisibility=0 req=527x444 ty=2032 d0
12-18 18:37:53.554  1401  2151 I WindowManager: Relayout hash=2d1b33, pid=0, syncId=-1: mAttrs={(159,1439)(527x444) gr=TOP LEFT CENTER sim={adjust=pan} layoutInDisplayCutoutMode=shortEdges ty=ACCESSIBILITY_OVERLAY fmt=TRANSLUCENT
12-18 18:37:53.554  1401  2151 I WindowManager:   fl=1040228
12-18 18:37:53.554  1401  2151 I WindowManager:   pfl=40000000
12-18 18:37:53.554  1401  2151 I WindowManager:   bhv=1
12-18 18:37:53.554  1401  2151 I WindowManager:   fitTypes=207
12-18 18:37:53.554  1401  2151 I WindowManager:   frameRateBoostOnTouch=true
12-18 18:37:53.554  1401  2151 I WindowManager:   dvrrWindowFrameRateHint=true naviIconColor=0}
12-18 18:37:53.559  1401  2251 I WindowManager: Relayout Window{2d1b33 u0 com.katsuyamaki.DroidOSTrackpadKeyboard}: viewVisibility=0 req=527x444 ty=2032 d0
12-18 18:37:53.563  1401  2251 I WindowManager: Relayout hash=2d1b33, pid=0, syncId=-1: mAttrs={(152,1448)(527x444) gr=TOP LEFT CENTER sim={adjust=pan} layoutInDisplayCutoutMode=shortEdges ty=ACCESSIBILITY_OVERLAY fmt=TRANSLUCENT
12-18 18:37:53.563  1401  2251 I WindowManager:   fl=1040228
12-18 18:37:53.563  1401  2251 I WindowManager:   pfl=40000000
12-18 18:37:53.563  1401  2251 I WindowManager:   bhv=1
12-18 18:37:53.563  1401  2251 I WindowManager:   fitTypes=207
12-18 18:37:53.563  1401  2251 I WindowManager:   frameRateBoostOnTouch=true
12-18 18:37:53.563  1401  2251 I WindowManager:   dvrrWindowFrameRateHint=true naviIconColor=0}
12-18 18:37:53.564  1401  1401 D InputDispatcher: Inject motion (0/0): action=0x1, time=119275772617000, f=0x0, d=0 dsdx=1.000000 dtdx=0.000000
12-18 18:37:53.565  1401  1700 I InputDispatcher: Delivering touch to (1570): action: 0x1, f=0x0, d=0, '2d1b33 ', t=1 +(-164,-1432)
12-18 18:37:53.569  1401  2151 I WindowManager: Relayout Window{2d1b33 u0 com.katsuyamaki.DroidOSTrackpadKeyboard}: viewVisibility=0 req=527x444 ty=2032 d0
12-18 18:37:53.572  1401  2151 I WindowManager: Relayout hash=2d1b33, pid=0, syncId=-1: mAttrs={(151,1449)(527x444) gr=TOP LEFT CENTER sim={adjust=pan} layoutInDisplayCutoutMode=shortEdges ty=ACCESSIBILITY_OVERLAY fmt=TRANSLUCENT
12-18 18:37:53.572  1401  2151 I WindowManager:   fl=1040228
12-18 18:37:53.572  1401  2151 I WindowManager:   pfl=40000000
12-18 18:37:53.572  1401  2151 I WindowManager:   bhv=1
12-18 18:37:53.572  1401  2151 I WindowManager:   fitTypes=207
12-18 18:37:53.572  1401  2151 I WindowManager:   frameRateBoostOnTouch=true
12-18 18:37:53.572  1401  2151 I WindowManager:   dvrrWindowFrameRateHint=true naviIconColor=0}
12-18 18:37:54.061  1401  1401 D InputDispatcher: Inject motion (0/0): action=0x0, time=119276266227000, f=0x0, d=0 dsdx=1.000000 dtdx=0.000000
12-18 18:37:54.063  1401  1700 I InputDispatcher: Delivering touch to (16162): action: 0x4, f=0x0, d=0, 'c857c99', t=1 
12-18 18:37:54.064  1401  1700 I InputDispatcher: Delivering touch to (1570): action: 0x0, f=0x0, d=0, 'eeefda1', t=1 +(-187,-885)
12-18 18:37:54.113  1401  1401 D InputDispatcher: Inject motion (0/0): action=0x1, time=119276322392000, f=0x0, d=0 dsdx=1.000000 dtdx=0.000000
12-18 18:37:54.115  1401  1700 I InputDispatcher: Delivering touch to (1570): action: 0x1, f=0x0, d=0, 'eeefda1', t=1 +(-187,-885)
12-18 18:37:54.119  1570  1570 I WindowManager: WindowManagerGlobal#removeView, ty=2032, view=android.widget.FrameLayout{4d99a56 V.E...... ........ 0,0-972,564}, caller=android.view.WindowManagerGlobal.removeView:654 android.view.WindowManagerImpl.removeView:211 com.example.coverscreentester.KeyboardOverlay.hide:328 
12-18 18:37:54.125  1570  1570 I WindowManager: WindowManagerGlobal#removeView, ty=2032, view=android.widget.FrameLayout{f900981 VFE...C.. ........ 0,0-93,93}, caller=android.view.WindowManagerGlobal.removeView:654 android.view.WindowManagerImpl.removeView:211 com.example.coverscreentester.OverlayService.enforceZOrder:1539 
12-18 18:37:54.128  1570  1570 I WindowManager: WindowManagerGlobal#addView, ty=2032, view=android.widget.FrameLayout{f900981 VFE...C.. ........ 0,0-93,93}, caller=android.view.WindowManagerImpl.addView:158 com.example.coverscreentester.OverlayService.enforceZOrder:1539 com.example.coverscreentester.OverlayService.toggleCustomKeyboard:1244 
12-18 18:37:54.137  1570  1570 D ViewRootImpl: desktopMode is false
12-18 18:37:54.137  1570  1570 I ViewRootImpl: dVRR is disabled
12-18 18:37:54.149  1570  1570 I WindowManager: WindowManagerGlobal#removeView, ty=2032, view=android.widget.FrameLayout{ab2bcbd V.E...... ........ 0,0-50,50}, caller=android.view.WindowManagerGlobal.removeView:654 android.view.WindowManagerImpl.removeView:211 com.example.coverscreentester.OverlayService.enforceZOrder:1540 
12-18 18:37:54.151  1570  1570 I WindowManager: WindowManagerGlobal#addView, ty=2032, view=android.widget.FrameLayout{ab2bcbd V.E...... ........ 0,0-50,50}, caller=android.view.WindowManagerImpl.addView:158 com.example.coverscreentester.OverlayService.enforceZOrder:1540 com.example.coverscreentester.OverlayService.toggleCustomKeyboard:1244 
12-18 18:37:54.159  1570  1570 D ViewRootImpl: desktopMode is false
12-18 18:37:54.160  1570  1570 I ViewRootImpl: dVRR is disabled
12-18 18:37:54.167  1401  2251 I WindowManager: Relayout Window{664b7ca u0 com.katsuyamaki.DroidOSTrackpadKeyboard}: viewVisibility=0 req=93x93 ty=2032 d0
12-18 18:37:54.168  1401  2251 D WindowManager: makeSurface duration=1 name=$_1570
12-18 18:37:54.170  1401  2251 I WindowManager: Relayout hash=664b7ca, pid=1570, syncId=-1: mAttrs={(187,885)(93x93) gr=TOP START CENTER sim={adjust=pan} layoutInDisplayCutoutMode=shortEdges ty=ACCESSIBILITY_OVERLAY fmt=TRANSLUCENT
12-18 18:37:54.170  1401  2251 I WindowManager:   fl=1000308
12-18 18:37:54.170  1401  2251 I WindowManager:   bhv=1
12-18 18:37:54.170  1401  2251 I WindowManager:   fitTypes=206
12-18 18:37:54.170  1401  2251 I WindowManager:   frameRateBoostOnTouch=true
12-18 18:37:54.170  1401  2251 I WindowManager:   dvrrWindowFrameRateHint=true naviIconColor=0}
12-18 18:37:54.179  1401  2151 D WindowManager: finishDrawingWindow: Window{664b7ca u0 com.katsuyamaki.DroidOSTrackpadKeyboard} mDrawState=DRAW_PENDING seqId=0
12-18 18:37:54.180  1401  1868 I WindowManager: Relayout Window{854fe70 u0 com.katsuyamaki.DroidOSTrackpadKeyboard}: viewVisibility=0 req=50x50 ty=2032 d0
12-18 18:37:54.181  1401  1868 D WindowManager: makeSurface duration=1 name=$_1570
12-18 18:37:54.186  1401  1868 I WindowManager: Relayout hash=854fe70, pid=1570, syncId=-1: mAttrs={(540,1260)(wrapxwrap) gr=TOP LEFT CENTER sim={adjust=pan} layoutInDisplayCutoutMode=shortEdges ty=ACCESSIBILITY_OVERLAY fmt=TRANSLUCENT
12-18 18:37:54.186  1401  1868 I WindowManager:   fl=1000318
12-18 18:37:54.186  1401  1868 I WindowManager:   bhv=1
12-18 18:37:54.186  1401  1868 I WindowManager:   fitTypes=206
12-18 18:37:54.186  1401  1868 I WindowManager:   frameRateBoostOnTouch=true
12-18 18:37:54.186  1401  1868 I WindowManager:   dvrrWindowFrameRateHint=true naviIconColor=0}
12-18 18:37:54.196  1401  1868 D WindowManager: finishDrawingWindow: Window{854fe70 u0 com.katsuyamaki.DroidOSTrackpadKeyboard} mDrawState=DRAW_PENDING seqId=0
12-18 18:37:54.200  1401  1868 I WindowManager: Relayout Window{2d1b33 u0 com.katsuyamaki.DroidOSTrackpadKeyboard}: viewVisibility=8 req=527x444 ty=2032 d0
12-18 18:37:54.200  1401  1868 E WindowManager: win=Window{2d1b33 u0 com.katsuyamaki.DroidOSTrackpadKeyboard} destroySurfaces: appStopped=true cleanupOnResume=false win.mWindowRemovalAllowed=false win.mRemoveOnExit=false win.mViewVisibility=8 caller=com.android.server.wm.WindowManagerService.tryStartExitingAnimation:134 com.android.server.wm.WindowManagerService.relayoutWindow:1147 com.android.server.wm.Session.relayout:27 android.view.IWindowSession$Stub.onTransact:829 com.android.server.wm.Session.onTransact:1 android.os.Binder.execTransactInternal:1457 android.os.Binder.execTransact:1401 
12-18 18:37:54.202  1401  1868 I WindowManager: Relayout hash=2d1b33, pid=1570, syncId=-1: mAttrs={(151,1449)(527x444) gr=TOP LEFT CENTER sim={adjust=pan} layoutInDisplayCutoutMode=shortEdges ty=ACCESSIBILITY_OVERLAY fmt=TRANSLUCENT
12-18 18:37:54.202  1401  1868 I WindowManager:   fl=1040228
12-18 18:37:54.202  1401  1868 I WindowManager:   pfl=40000000
12-18 18:37:54.202  1401  1868 I WindowManager:   bhv=1
12-18 18:37:54.202  1401  1868 I WindowManager:   fitTypes=207
12-18 18:37:54.202  1401  1868 I WindowManager:   frameRateBoostOnTouch=true
12-18 18:37:54.202  1401  1868 I WindowManager:   dvrrWindowFrameRateHint=true naviIconColor=0}
12-18 18:37:54.213  1570  1570 I WindowManager: WindowManagerGlobal#removeView, ty=2032, view=android.widget.FrameLayout{f900981 VFE...C.. ........ 0,0-93,93}, caller=android.view.WindowManagerGlobal.removeView:654 android.view.WindowManagerImpl.removeView:211 com.example.coverscreentester.OverlayService.enforceZOrder:1539 
12-18 18:37:54.215  1570  1570 I WindowManager: WindowManagerGlobal#addView, ty=2032, view=android.widget.FrameLayout{f900981 VFE...C.. ........ 0,0-93,93}, caller=android.view.WindowManagerImpl.addView:158 com.example.coverscreentester.OverlayService.enforceZOrder:1539 com.example.coverscreentester.OverlayService.setupBubble$lambda$25$lambda$24:848 
12-18 18:37:54.219  1570  1570 D ViewRootImpl: desktopMode is false
12-18 18:37:54.219  1570  1570 I ViewRootImpl: dVRR is disabled
12-18 18:37:54.228  1570  1570 I WindowManager: WindowManagerGlobal#removeView, ty=2032, view=android.widget.FrameLayout{ab2bcbd V.E...... ........ 0,0-50,50}, caller=android.view.WindowManagerGlobal.removeView:654 android.view.WindowManagerImpl.removeView:211 com.example.coverscreentester.OverlayService.enforceZOrder:1540 
12-18 18:37:54.232  1570  1570 I WindowManager: WindowManagerGlobal#addView, ty=2032, view=android.widget.FrameLayout{ab2bcbd V.E...... ........ 0,0-50,50}, caller=android.view.WindowManagerImpl.addView:158 com.example.coverscreentester.OverlayService.enforceZOrder:1540 com.example.coverscreentester.OverlayService.setupBubble$lambda$25$lambda$24:848 
12-18 18:37:54.236  1570  1570 D ViewRootImpl: desktopMode is false
12-18 18:37:54.236  1570  1570 I ViewRootImpl: dVRR is disabled
12-18 18:37:54.245  1401  2251 I WindowManager: Relayout Window{f2aabd2 u0 com.katsuyamaki.DroidOSTrackpadKeyboard}: viewVisibility=0 req=93x93 ty=2032 d0
12-18 18:37:54.246  1401  2251 D WindowManager: makeSurface duration=1 name=$_1570
12-18 18:37:54.250  1401  2251 I WindowManager: Relayout hash=f2aabd2, pid=1570, syncId=-1: mAttrs={(187,885)(93x93) gr=TOP START CENTER sim={adjust=pan} layoutInDisplayCutoutMode=shortEdges ty=ACCESSIBILITY_OVERLAY fmt=TRANSLUCENT
12-18 18:37:54.250  1401  2251 I WindowManager:   fl=1000308
12-18 18:37:54.250  1401  2251 I WindowManager:   bhv=1
12-18 18:37:54.250  1401  2251 I WindowManager:   fitTypes=206
12-18 18:37:54.250  1401  2251 I WindowManager:   frameRateBoostOnTouch=true
12-18 18:37:54.250  1401  2251 I WindowManager:   dvrrWindowFrameRateHint=true naviIconColor=0}
12-18 18:37:54.260  1401  2251 D WindowManager: finishDrawingWindow: Window{f2aabd2 u0 com.katsuyamaki.DroidOSTrackpadKeyboard} mDrawState=DRAW_PENDING seqId=0
12-18 18:37:54.263  1401  2255 I WindowManager: Relayout Window{e89c91 u0 com.katsuyamaki.DroidOSTrackpadKeyboard}: viewVisibility=0 req=50x50 ty=2032 d0
12-18 18:37:54.263  1401  2255 D WindowManager: makeSurface duration=0 name=$_1570
12-18 18:37:54.265  1401  2255 I WindowManager: Relayout hash=e89c91, pid=1570, syncId=-1: mAttrs={(540,1260)(wrapxwrap) gr=TOP LEFT CENTER sim={adjust=pan} layoutInDisplayCutoutMode=shortEdges ty=ACCESSIBILITY_OVERLAY fmt=TRANSLUCENT
12-18 18:37:54.265  1401  2255 I WindowManager:   fl=1000318
12-18 18:37:54.265  1401  2255 I WindowManager:   bhv=1
12-18 18:37:54.265  1401  2255 I WindowManager:   fitTypes=206
12-18 18:37:54.265  1401  2255 I WindowManager:   frameRateBoostOnTouch=true
12-18 18:37:54.265  1401  2255 I WindowManager:   dvrrWindowFrameRateHint=true naviIconColor=0}
12-18 18:37:54.272  1401  2251 D WindowManager: finishDrawingWindow: Window{e89c91 u0 com.katsuyamaki.DroidOSTrackpadKeyboard} mDrawState=DRAW_PENDING seqId=0
12-18 18:37:54.278  1401  2251 D WindowManager: finishDrawingWindow: Window{e89c91 u0 com.katsuyamaki.DroidOSTrackpadKeyboard} mDrawState=HAS_DRAWN seqId=0
12-18 18:37:54.279  1401  1551 I ActivityManager: Changes in 10395 3 to 15, 144 to 0
12-18 18:37:54.608  1401  1401 D InputDispatcher: Inject motion (0/0): action=0x0, time=119276805445000, f=0x0, d=0 dsdx=1.000000 dtdx=0.000000
12-18 18:37:54.610  1401  1700 I InputDispatcher: Delivering touch to (16162): action: 0x4, f=0x0, d=0, 'c857c99', t=1 
12-18 18:37:54.610  1401  1700 I InputDispatcher: Delivering touch to (1570): action: 0x0, f=0x0, d=0, 'f2aabd2', t=1 +(-187,-885)
12-18 18:37:54.655  1401  1401 D InputDispatcher: Inject motion (0/0): action=0x1, time=119276863250000, f=0x0, d=0 dsdx=1.000000 dtdx=0.000000
12-18 18:37:54.655  1401  1700 I InputDispatcher: Delivering touch to (1570): action: 0x1, f=0x0, d=0, 'f2aabd2', t=1 +(-187,-885)
12-18 18:37:54.710  1570  1570 I WindowManager: WindowManagerGlobal#addView, ty=2032, view=android.widget.FrameLayout{7886264 V.E...... ......I. 0,0-0,0}, caller=android.view.WindowManagerImpl.addView:158 com.example.coverscreentester.KeyboardOverlay.createKeyboardWindow:434 com.example.coverscreentester.KeyboardOverlay.show:319 
12-18 18:37:54.710  1570  1570 D ViewRootImpl: desktopMode is false
12-18 18:37:54.711  1570  1570 I ViewRootImpl: dVRR is disabled
12-18 18:37:54.721  1570  1570 I WindowManager: WindowManagerGlobal#removeView, ty=2032, view=android.widget.FrameLayout{f900981 VFE...C.. ........ 0,0-93,93}, caller=android.view.WindowManagerGlobal.removeView:654 android.view.WindowManagerImpl.removeView:211 com.example.coverscreentester.OverlayService.enforceZOrder:1539 
12-18 18:37:54.725  1570  1570 I WindowManager: WindowManagerGlobal#addView, ty=2032, view=android.widget.FrameLayout{f900981 VFE...C.. ........ 0,0-93,93}, caller=android.view.WindowManagerImpl.addView:158 com.example.coverscreentester.OverlayService.enforceZOrder:1539 com.example.coverscreentester.OverlayService.toggleCustomKeyboard:1244 
12-18 18:37:54.730  1570  1570 D ViewRootImpl: desktopMode is false
12-18 18:37:54.730  1570  1570 I ViewRootImpl: dVRR is disabled
12-18 18:37:54.738  1570  1570 I WindowManager: WindowManagerGlobal#removeView, ty=2032, view=android.widget.FrameLayout{ab2bcbd V.E...... ........ 0,0-50,50}, caller=android.view.WindowManagerGlobal.removeView:654 android.view.WindowManagerImpl.removeView:211 com.example.coverscreentester.OverlayService.enforceZOrder:1540 
12-18 18:37:54.746  1570  1570 I WindowManager: WindowManagerGlobal#addView, ty=2032, view=android.widget.FrameLayout{ab2bcbd V.E...... ........ 0,0-50,50}, caller=android.view.WindowManagerImpl.addView:158 com.example.coverscreentester.OverlayService.enforceZOrder:1540 com.example.coverscreentester.OverlayService.toggleCustomKeyboard:1244 
12-18 18:37:54.749  1570  1570 D ViewRootImpl: desktopMode is false
12-18 18:37:54.749  1570  1570 I ViewRootImpl: dVRR is disabled
12-18 18:37:54.757  1401  1868 I WindowManager: Relayout Window{2d1b33 u0 com.katsuyamaki.DroidOSTrackpadKeyboard}: viewVisibility=0 req=527x444 ty=2032 d0
12-18 18:37:54.758  1401  1868 D WindowManager: makeSurface duration=1 name=$_1570
12-18 18:37:54.760  1401  1868 I WindowManager: Relayout hash=2d1b33, pid=1570, syncId=-1: mAttrs={(151,1449)(527x444) gr=TOP LEFT CENTER sim={adjust=pan} layoutInDisplayCutoutMode=shortEdges ty=ACCESSIBILITY_OVERLAY fmt=TRANSLUCENT
12-18 18:37:54.760  1401  1868 I WindowManager:   fl=1040228
12-18 18:37:54.760  1401  1868 I WindowManager:   pfl=40000000
12-18 18:37:54.760  1401  1868 I WindowManager:   bhv=1
12-18 18:37:54.760  1401  1868 I WindowManager:   fitTypes=207
12-18 18:37:54.760  1401  1868 I WindowManager:   frameRateBoostOnTouch=true
12-18 18:37:54.760  1401  1868 I WindowManager:   dvrrWindowFrameRateHint=true naviIconColor=0}
12-18 18:37:54.766  1401  1868 D WindowManager: finishDrawingWindow: Window{2d1b33 u0 com.katsuyamaki.DroidOSTrackpadKeyboard} mDrawState=DRAW_PENDING seqId=0
12-18 18:37:54.780  1401  1868 I WindowManager: Relayout Window{3d47b32 u0 com.katsuyamaki.DroidOSTrackpadKeyboard}: viewVisibility=0 req=972x564 ty=2032 d0
12-18 18:37:54.781  1401  1868 D WindowManager: makeSurface duration=0 name=$_1570
12-18 18:37:54.783  1401  1868 I WindowManager: Relayout hash=3d47b32, pid=1570, syncId=-1: mAttrs={(37,1930)(972xwrap) gr=TOP LEFT CENTER sim={adjust=pan} layoutInDisplayCutoutMode=shortEdges ty=ACCESSIBILITY_OVERLAY fmt=TRANSLUCENT
12-18 18:37:54.783  1401  1868 I WindowManager:   fl=1000208
12-18 18:37:54.783  1401  1868 I WindowManager:   pfl=40000000
12-18 18:37:54.783  1401  1868 I WindowManager:   bhv=1
12-18 18:37:54.783  1401  1868 I WindowManager:   fitTypes=207
12-18 18:37:54.783  1401  1868 I WindowManager:   frameRateBoostOnTouch=true
12-18 18:37:54.783  1401  1868 I WindowManager:   dvrrWindowFrameRateHint=true naviIconColor=0}
12-18 18:37:54.811  1401  3507 D WindowManager: finishDrawingWindow: Window{3d47b32 u0 com.katsuyamaki.DroidOSTrackpadKeyboard} mDrawState=DRAW_PENDING seqId=0
12-18 18:37:54.817  1401  1868 I WindowManager: Relayout Window{2abb771 u0 com.katsuyamaki.DroidOSTrackpadKeyboard}: viewVisibility=0 req=93x93 ty=2032 d0
12-18 18:37:54.818  1401  1868 D WindowManager: makeSurface duration=1 name=$_1570
12-18 18:37:54.820  1401  1868 I WindowManager: Relayout hash=2abb771, pid=1570, syncId=-1: mAttrs={(187,885)(93x93) gr=TOP START CENTER sim={adjust=pan} layoutInDisplayCutoutMode=shortEdges ty=ACCESSIBILITY_OVERLAY fmt=TRANSLUCENT
12-18 18:37:54.820  1401  1868 I WindowManager:   fl=1000308
12-18 18:37:54.820  1401  1868 I WindowManager:   bhv=1
12-18 18:37:54.820  1401  1868 I WindowManager:   fitTypes=206
12-18 18:37:54.820  1401  1868 I WindowManager:   frameRateBoostOnTouch=true
12-18 18:37:54.820  1401  1868 I WindowManager:   dvrrWindowFrameRateHint=true naviIconColor=0}
12-18 18:37:54.830  1401  1868 I WindowManager: Relayout Window{cd23a5c u0 com.katsuyamaki.DroidOSTrackpadKeyboard}: viewVisibility=0 req=50x50 ty=2032 d0
12-18 18:37:54.830  1401  1868 D WindowManager: makeSurface duration=0 name=$_1570
12-18 18:37:54.832  1401  1868 I WindowManager: Relayout hash=cd23a5c, pid=1570, syncId=-1: mAttrs={(540,1260)(wrapxwrap) gr=TOP LEFT CENTER sim={adjust=pan} layoutInDisplayCutoutMode=shortEdges ty=ACCESSIBILITY_OVERLAY fmt=TRANSLUCENT
12-18 18:37:54.832  1401  1868 I WindowManager:   fl=1000318
12-18 18:37:54.832  1401  1868 I WindowManager:   bhv=1
12-18 18:37:54.832  1401  1868 I WindowManager:   fitTypes=206
12-18 18:37:54.832  1401  1868 I WindowManager:   frameRateBoostOnTouch=true
12-18 18:37:54.832  1401  1868 I WindowManager:   dvrrWindowFrameRateHint=true naviIconColor=0}
12-18 18:37:54.835  1401  2151 D WindowManager: finishDrawingWindow: Window{2abb771 u0 com.katsuyamaki.DroidOSTrackpadKeyboard} mDrawState=DRAW_PENDING seqId=0
12-18 18:37:54.841  1570  1570 I WindowManager: WindowManagerGlobal#removeView, ty=2032, view=android.widget.FrameLayout{f900981 VFE...C.. ........ 0,0-93,93}, caller=android.view.WindowManagerGlobal.removeView:654 android.view.WindowManagerImpl.removeView:211 com.example.coverscreentester.OverlayService.enforceZOrder:1539 
12-18 18:37:54.842  1401  3507 D WindowManager: finishDrawingWindow: Window{cd23a5c u0 com.katsuyamaki.DroidOSTrackpadKeyboard} mDrawState=DRAW_PENDING seqId=0
12-18 18:37:54.842  1570  1570 I WindowManager: WindowManagerGlobal#addView, ty=2032, view=android.widget.FrameLayout{f900981 VFE...C.. ........ 0,0-93,93}, caller=android.view.WindowManagerImpl.addView:158 com.example.coverscreentester.OverlayService.enforceZOrder:1539 com.example.coverscreentester.OverlayService.setupBubble$lambda$25$lambda$24:848 
12-18 18:37:54.848  1570  1570 D ViewRootImpl: desktopMode is false
12-18 18:37:54.848  1570  1570 I ViewRootImpl: dVRR is disabled
12-18 18:37:54.855  1570  1570 I WindowManager: WindowManagerGlobal#removeView, ty=2032, view=android.widget.FrameLayout{ab2bcbd V.E...... ........ 0,0-50,50}, caller=android.view.WindowManagerGlobal.removeView:654 android.view.WindowManagerImpl.removeView:211 com.example.coverscreentester.OverlayService.enforceZOrder:1540 
12-18 18:37:54.857  1570  1570 I WindowManager: WindowManagerGlobal#addView, ty=2032, view=android.widget.FrameLayout{ab2bcbd V.E...... ........ 0,0-50,50}, caller=android.view.WindowManagerImpl.addView:158 com.example.coverscreentester.OverlayService.enforceZOrder:1540 com.example.coverscreentester.OverlayService.setupBubble$lambda$25$lambda$24:848 
12-18 18:37:54.864  1570  1570 D ViewRootImpl: desktopMode is false
12-18 18:37:54.865  1570  1570 I ViewRootImpl: dVRR is disabled
12-18 18:37:54.874  1401  2151 D WindowManager: finishDrawingWindow: Window{3d47b32 u0 com.katsuyamaki.DroidOSTrackpadKeyboard} mDrawState=HAS_DRAWN seqId=0
12-18 18:37:54.875  1401  3507 I WindowManager: Relayout Window{810adde u0 com.katsuyamaki.DroidOSTrackpadKeyboard}: viewVisibility=0 req=93x93 ty=2032 d0
12-18 18:37:54.875  1401  3507 D WindowManager: makeSurface duration=0 name=$_1570
12-18 18:37:54.880  1401  3507 I WindowManager: Relayout hash=810adde, pid=1570, syncId=-1: mAttrs={(187,885)(93x93) gr=TOP START CENTER sim={adjust=pan} layoutInDisplayCutoutMode=shortEdges ty=ACCESSIBILITY_OVERLAY fmt=TRANSLUCENT
12-18 18:37:54.880  1401  3507 I WindowManager:   fl=1000308
12-18 18:37:54.880  1401  3507 I WindowManager:   bhv=1
12-18 18:37:54.880  1401  3507 I WindowManager:   fitTypes=206
12-18 18:37:54.880  1401  3507 I WindowManager:   frameRateBoostOnTouch=true
12-18 18:37:54.880  1401  3507 I WindowManager:   dvrrWindowFrameRateHint=true naviIconColor=0}
12-18 18:37:54.888  1401  3507 D WindowManager: finishDrawingWindow: Window{810adde u0 com.katsuyamaki.DroidOSTrackpadKeyboard} mDrawState=DRAW_PENDING seqId=0
12-18 18:37:54.888  1401  2251 I WindowManager: Relayout Window{b63328d u0 com.katsuyamaki.DroidOSTrackpadKeyboard}: viewVisibility=0 req=50x50 ty=2032 d0
12-18 18:37:54.889  1401  2251 D WindowManager: makeSurface duration=1 name=$_1570
12-18 18:37:54.891  1401  2251 I WindowManager: Relayout hash=b63328d, pid=1570, syncId=-1: mAttrs={(540,1260)(wrapxwrap) gr=TOP LEFT CENTER sim={adjust=pan} layoutInDisplayCutoutMode=shortEdges ty=ACCESSIBILITY_OVERLAY fmt=TRANSLUCENT
12-18 18:37:54.891  1401  2251 I WindowManager:   fl=1000318
12-18 18:37:54.891  1401  2251 I WindowManager:   bhv=1
12-18 18:37:54.891  1401  2251 I WindowManager:   fitTypes=206
12-18 18:37:54.891  1401  2251 I WindowManager:   frameRateBoostOnTouch=true
12-18 18:37:54.891  1401  2251 I WindowManager:   dvrrWindowFrameRateHint=true naviIconColor=0}
12-18 18:37:54.898  1401  3507 D WindowManager: finishDrawingWindow: Window{b63328d u0 com.katsuyamaki.DroidOSTrackpadKeyboard} mDrawState=DRAW_PENDING seqId=0
12-18 18:37:54.909  1401  2251 D WindowManager: finishDrawingWindow: Window{b63328d u0 com.katsuyamaki.DroidOSTrackpadKeyboard} mDrawState=HAS_DRAWN seqId=0
12-18 18:37:55.234  1401  1401 D InputDispatcher: Inject motion (0/0): action=0x0, time=119277439112000, f=0x0, d=0 dsdx=1.000000 dtdx=0.000000
12-18 18:37:55.235  1401  1700 I InputDispatcher: Delivering touch to (16162): action: 0x4, f=0x0, d=0, 'c857c99', t=1 
12-18 18:37:55.235  1401  1700 I InputDispatcher: Delivering touch to (1570): action: 0x4, f=0x0, d=0, '2d1b33 ', t=1 
12-18 18:37:55.235  1401  1700 I InputDispatcher: Delivering touch to (2045): action: 0x4, f=0x0, d=0, '253deac', t=1 
12-18 18:37:55.235  1401  1700 I InputDispatcher: Delivering touch to (2738): action: 0x0, f=0x0, d=0, '3dc2dd0', t=1 
12-18 18:37:55.278  1401  1542 D WindowManager: DeferredDisplayUpdater: partially applying DisplayInfo(948 x 1048) immediately
12-18 18:37:55.282  1401  1542 D WindowManager: DeferredDisplayUpdater: partially applying DisplayInfo(1080 x 2520) immediately
12-18 18:37:55.312  1401  1542 D WindowManager: DeferredDisplayUpdater: partially applying DisplayInfo(948 x 1048) immediately
12-18 18:37:55.320  1401  1542 D WindowManager: DeferredDisplayUpdater: partially applying DisplayInfo(1080 x 2520) immediately
12-18 18:37:55.321  1401  1401 D InputDispatcher: Inject motion (0/0): action=0x1, time=119277521010000, f=0x0, d=0 dsdx=1.000000 dtdx=0.000000
12-18 18:37:55.322  1401  1700 I InputDispatcher: Delivering touch to (2738): action: 0x1, f=0x0, d=0, '3dc2dd0', t=1 
12-18 18:37:56.330  1401  1401 D InputDispatcher: Inject motion (0/0): action=0x0, time=119278530099000, f=0x0, d=0 dsdx=1.000000 dtdx=0.000000
12-18 18:37:56.334  1401  1700 I InputDispatcher: Delivering touch to (16162): action: 0x0, f=0x0, d=0, 'c857c99', t=1 +(-50,-200)
12-18 18:37:56.428  1401  1401 D InputDispatcher: Inject motion (0/0): action=0x1, time=119278636960000, f=0x0, d=0 dsdx=1.000000 dtdx=0.000000
12-18 18:37:56.429  1401  1700 I InputDispatcher: Delivering touch to (16162): action: 0x1, f=0x0, d=0, 'c857c99', t=1 +(-50,-200)
12-18 18:37:56.432 16162 16162 W FloatingService: Layer 2038 failed (Permission?), trying Layer 2032...
12-18 18:37:56.432 16162 16162 W FloatingService: java.lang.IllegalArgumentException: Window type mismatch. Window Context's window type is 2032, while LayoutParams' type is set to 2038. Please create another Window Context via createWindowContext(getDisplay(), 2038, null) to add window with type:2038
12-18 18:37:56.432 16162 16162 W FloatingService: 	at android.view.WindowManagerImpl.assertWindowContextTypeMatches(WindowManagerImpl.java:195)
12-18 18:37:56.432 16162 16162 W FloatingService: 	at android.view.WindowManagerImpl.applyTokens(WindowManagerImpl.java:173)
12-18 18:37:56.432 16162 16162 W FloatingService: 	at android.view.WindowManagerImpl.addView(WindowManagerImpl.java:157)
12-18 18:37:56.432 16162 16162 W FloatingService: 	at com.example.quadrantlauncher.FloatingLauncherService.toggleDrawer(FloatingLauncherService.kt:521)
12-18 18:37:56.432 16162 16162 W FloatingService: 	at com.example.quadrantlauncher.FloatingLauncherService.access$toggleDrawer(FloatingLauncherService.kt:54)
12-18 18:37:56.432 16162 16162 W FloatingService: 	at com.example.quadrantlauncher.FloatingLauncherService$setupBubble$1.onTouch(FloatingLauncherService.kt:403)
12-18 18:37:56.432 16162 16162 W FloatingService: 	at android.view.View.performOnTouchCallback(View.java:17224)
12-18 18:37:56.432 16162 16162 W FloatingService: 	at android.view.View.dispatchTouchEvent(View.java:17187)
12-18 18:37:56.432 16162 16162 W FloatingService: 	at android.view.ViewGroup.dispatchTransformedTouchEvent(ViewGroup.java:3360)
12-18 18:37:56.432 16162 16162 W FloatingService: 	at android.view.ViewGroup.dispatchTouchEvent(ViewGroup.java:3027)
12-18 18:37:56.432 16162 16162 W FloatingService: 	at android.view.View.dispatchPointerEvent(View.java:17527)
12-18 18:37:56.432 16162 16162 W FloatingService: 	at android.view.ViewRootImpl$ViewPostImeInputStage.processPointerEvent(ViewRootImpl.java:9787)
12-18 18:37:56.432 16162 16162 W FloatingService: 	at android.view.ViewRootImpl$ViewPostImeInputStage.onProcess(ViewRootImpl.java:9503)
12-18 18:37:56.432 16162 16162 W FloatingService: 	at android.view.ViewRootImpl$InputStage.deliver(ViewRootImpl.java:8841)
12-18 18:37:56.432 16162 16162 W FloatingService: 	at android.view.ViewRootImpl$InputStage.onDeliverToNext(ViewRootImpl.java:8898)
12-18 18:37:56.432 16162 16162 W FloatingService: 	at android.view.ViewRootImpl$InputStage.forward(ViewRootImpl.java:8864)
12-18 18:37:56.432 16162 16162 W FloatingService: 	at android.view.ViewRootImpl$AsyncInputStage.forward(ViewRootImpl.java:9064)
12-18 18:37:56.432 16162 16162 W FloatingService: 	at android.view.ViewRootImpl$InputStage.apply(ViewRootImpl.java:8872)
12-18 18:37:56.432 16162 16162 W FloatingService: 	at android.view.ViewRootImpl$AsyncInputStage.apply(ViewRootImpl.java:9121)
12-18 18:37:56.432 16162 16162 W FloatingService: 	at android.view.ViewRootImpl$InputStage.deliver(ViewRootImpl.java:8845)
12-18 18:37:56.432 16162 16162 W FloatingService: 	at android.view.ViewRootImpl$InputStage.onDeliverToNext(ViewRootImpl.java:8898)
12-18 18:37:56.432 16162 16162 W FloatingService: 	at android.view.ViewRootImpl$InputStage.forward(ViewRootImpl.java:8864)
12-18 18:37:56.432 16162 16162 W FloatingService: 	at android.view.ViewRootImpl$InputStage.apply(ViewRootImpl.java:8872)
12-18 18:37:56.432 16162 16162 W FloatingService: 	at android.view.ViewRootImpl$InputStage.deliver(ViewRootImpl.java:8845)
12-18 18:37:56.432 16162 16162 W FloatingService: 	at android.view.ViewRootImpl.deliverInputEvent(ViewRootImpl.java:12701)
12-18 18:37:56.432 16162 16162 W FloatingService: 	at android.view.ViewRootImpl.doProcessInputEvents(ViewRootImpl.java:12589)
12-18 18:37:56.432 16162 16162 W FloatingService: 	at android.view.ViewRootImpl.enqueueInputEvent(ViewRootImpl.java:12544)
12-18 18:37:56.432 16162 16162 W FloatingService: 	at android.view.ViewRootImpl.processRawInputEvent(ViewRootImpl.java:13081)
12-18 18:37:56.432 16162 16162 W FloatingService: 	at android.view.ViewRootImpl$WindowInputEventReceiver.onInputEvent(ViewRootImpl.java:12831)
12-18 18:37:56.432 16162 16162 W FloatingService: 	at android.view.InputEventReceiver.dispatchInputEvent(InputEventReceiver.java:392)
12-18 18:37:56.432 16162 16162 W FloatingService: 	at android.os.MessageQueue.nativePollOnce(Native Method)
12-18 18:37:56.432 16162 16162 W FloatingService: 	at android.os.MessageQueue.nextLegacy(MessageQueue.java:913)
12-18 18:37:56.432 16162 16162 W FloatingService: 	at android.os.MessageQueue.next(MessageQueue.java:1025)
12-18 18:37:56.432 16162 16162 W FloatingService: 	at android.os.Looper.loopOnce(Looper.java:221)
12-18 18:37:56.432 16162 16162 W FloatingService: 	at android.os.Looper.loop(Looper.java:363)
12-18 18:37:56.432 16162 16162 W FloatingService: 	at android.app.ActivityThread.main(ActivityThread.java:9939)
12-18 18:37:56.432 16162 16162 W FloatingService: 	at java.lang.reflect.Method.invoke(Native Method)
12-18 18:37:56.432 16162 16162 W FloatingService: 	at com.android.internal.os.RuntimeInit$MethodAndArgsCaller.run(RuntimeInit.java:632)
12-18 18:37:56.432 16162 16162 W FloatingService: 	at com.android.internal.os.ZygoteInit.main(ZygoteInit.java:975)
12-18 18:37:56.433 16162 16162 I WindowManager: WindowManagerGlobal#addView, ty=2032, view=android.widget.FrameLayout{e21b085 VFE...C.. .F...... 0,0-1080,2404 aid=1}, caller=android.view.WindowManagerImpl.addView:158 com.example.quadrantlauncher.FloatingLauncherService.toggleDrawer:535 com.example.quadrantlauncher.FloatingLauncherService.access$toggleDrawer:54 
12-18 18:37:56.433 16162 16162 D ViewRootImpl: desktopMode is false
12-18 18:37:56.434 16162 16162 I ViewRootImpl: dVRR is disabled
12-18 18:37:56.447  1401  1868 D WindowManager: Changing focus from Window{3dc2dd0 u0 com.sec.android.app.launcher/com.sec.android.app.launcher.activities.LauncherActivity} to Window{b3ae1c1 u0 com.katsuyamaki.DroidOSLauncher} displayId=0 Callers=com.android.server.wm.WindowManagerService.addWindowInner:565 com.android.server.wm.WindowManagerService.addWindow:1842 com.android.server.wm.Session.addToDisplayAsUser:24 android.view.IWindowSession$Stub.onTransact:757 
12-18 18:37:56.447  1401  1868 I WindowManager: Cancelling animation restarting=true, leash=Surface(name=Surface(name=253deac NavigationBar0)/@0x344c78e - animation-leash of insets_animation)/@0x227ab4b
12-18 18:37:56.447  1401  1868 I WindowManager: Reparenting to original parent: Surface(name=WindowToken{742645f type=2019 android.os.BinderProxy@3f7f8b9})/@0xeea6baf, destroy=false, surface=Surface(name=253deac NavigationBar0)/@0x344c78e
12-18 18:37:56.447  1401  1868 I WindowManager: Reparenting to leash, surface=Surface(name=253deac NavigationBar0)/@0x344c78e, leashParent=Surface(name=WindowToken{742645f type=2019 android.os.BinderProxy@3f7f8b9})/@0xeea6baf
12-18 18:37:56.448  1401  1868 D WindowManager: makeSurface duration=1 leash=Surface(name=Surface(name=253deac NavigationBar0)/@0x344c78e - animation-leash of insets_animation)/@0xcf907f9
12-18 18:37:56.449  1401  1868 I WindowManager: Cancelling animation restarting=true, leash=Surface(name=Surface(name=7a1affc StatusBar)/@0x9878745 - animation-leash of insets_animation)/@0x816f928
12-18 18:37:56.449  1401  1868 I WindowManager: Reparenting to original parent: Surface(name=WindowToken{ea68ef type=2000 android.os.BinderProxy@acba6c9})/@0xe49ce9a, destroy=false, surface=Surface(name=7a1affc StatusBar)/@0x9878745
12-18 18:37:56.449  1401  1868 I WindowManager: Reparenting to leash, surface=Surface(name=7a1affc StatusBar)/@0x9878745, leashParent=Surface(name=WindowToken{ea68ef type=2000 android.os.BinderProxy@acba6c9})/@0xe49ce9a
12-18 18:37:56.450  1401  1868 D WindowManager: makeSurface duration=0 leash=Surface(name=Surface(name=7a1affc StatusBar)/@0x9878745 - animation-leash of insets_animation)/@0x25e259f
12-18 18:37:56.450  1401  1868 D WindowManager: updateSystemBarAttributes: displayId=0, focusedCanBeNavColorWin=false, win=Window{b3ae1c1 u0 com.katsuyamaki.DroidOSLauncher}, navColorWin=Window{3dc2dd0 u0 com.sec.android.app.launcher/com.sec.android.app.launcher.activities.LauncherActivity}, caller=com.android.server.wm.WindowManagerService.updateFocusedWindowLocked:372 com.android.server.wm.WindowManagerService.addWindowInner:565 com.android.server.wm.WindowManagerService.addWindow:1842 
12-18 18:37:56.451  1401  1868 D WindowManager: updateSystemBarAttributes, bhv=1, apr=0, statusBarAprRegions=[AppearanceRegion{ bounds=[0,0][1080,2520]}], requestedVisibilities=-9
12-18 18:37:56.488  1401  2245 I WindowManager: Relayout Window{b3ae1c1 u0 com.katsuyamaki.DroidOSLauncher}: viewVisibility=0 req=1080x2404 ty=2032 d0
12-18 18:37:56.488  1401  2245 D WindowManager: makeSurface duration=0 name=$_16162
12-18 18:37:56.490  1401  2245 I WindowManager: Relayout hash=b3ae1c1, pid=16162, syncId=-1: mAttrs={(0,0)(fillxfill) gr=TOP START CENTER sim={adjust=nothing} ty=ACCESSIBILITY_OVERLAY fmt=TRANSLUCENT
12-18 18:37:56.490  1401  2245 I WindowManager:   fl=1000300
12-18 18:37:56.490  1401  2245 I WindowManager:   bhv=1
12-18 18:37:56.490  1401  2245 I WindowManager:   fitTypes=206
12-18 18:37:56.490  1401  2245 I WindowManager:   frameRateBoostOnTouch=true
12-18 18:37:56.490  1401  2245 I WindowManager:   dvrrWindowFrameRateHint=true naviIconColor=0}
12-18 18:37:56.508  1401  2251 D InputDispatcher: Once focus requested (0): b3ae1c1 com.katsuyamaki.DroidOSLauncher
12-18 18:37:56.508  1401  2251 D InputDispatcher: Focus request (0): b3ae1c1 com.katsuyamaki.DroidOSLauncher but waiting because NO_WINDOW
12-18 18:37:56.508  1401  2251 D InputDispatcher: Focus left window (0): 3dc2dd0 com.sec.android.app.launcher/com.sec.android.app.launcher.activities.LauncherActivity
12-18 18:37:56.602  1401  2151 D WindowManager: finishDrawingWindow: Window{b3ae1c1 u0 com.katsuyamaki.DroidOSLauncher} mDrawState=DRAW_PENDING seqId=0
12-18 18:37:56.603  1401  3507 I WindowManager: Relayout Window{c857c99 u0 com.katsuyamaki.DroidOSLauncher}: viewVisibility=8 req=63x63 ty=2032 d0
12-18 18:37:56.603  1401  3507 E WindowManager: win=Window{c857c99 u0 com.katsuyamaki.DroidOSLauncher} destroySurfaces: appStopped=true cleanupOnResume=false win.mWindowRemovalAllowed=false win.mRemoveOnExit=false win.mViewVisibility=8 caller=com.android.server.wm.WindowManagerService.tryStartExitingAnimation:134 com.android.server.wm.WindowManagerService.relayoutWindow:1147 com.android.server.wm.Session.relayout:27 android.view.IWindowSession$Stub.onTransact:829 com.android.server.wm.Session.onTransact:1 android.os.Binder.execTransactInternal:1457 android.os.Binder.execTransact:1401 
12-18 18:37:56.605  1401  3507 I WindowManager: Relayout hash=c857c99, pid=16162, syncId=-1: mAttrs={(50,200)(wrapxwrap) gr=TOP START CENTER sim={adjust=pan} ty=ACCESSIBILITY_OVERLAY fmt=TRANSLUCENT
12-18 18:37:56.605  1401  3507 I WindowManager:   fl=1040308
12-18 18:37:56.605  1401  3507 I WindowManager:   bhv=1
12-18 18:37:56.605  1401  3507 I WindowManager:   fitTypes=206
12-18 18:37:56.605  1401  3507 I WindowManager:   frameRateBoostOnTouch=true
12-18 18:37:56.605  1401  3507 I WindowManager:   dvrrWindowFrameRateHint=true naviIconColor=0}
12-18 18:37:56.626  1401  3507 D InputDispatcher: Focus entered window (0): b3ae1c1 com.katsuyamaki.DroidOSLauncher
12-18 18:37:56.679  1401  1763 D InputMethodManagerService: isImeSwitcherDisabledPackage : false
12-18 18:37:56.679  1401  1763 D InputMethodManagerService: shouldShowImeSwitcherLocked : checking vis : 3
12-18 18:37:56.680  1401  1763 D InputMethodManagerService: checkDisplayOfStartInputAndUpdateKeyboard: displayId=0, mFocusedDisplayId=0
12-18 18:37:56.681  1401  2151 I WindowManager: Cancelling animation restarting=true, leash=Surface(name=Surface(name=898f977 InputMethod)/@0xbf9fe4d - animation-leash of insets_animation)/@0x73038c3
12-18 18:37:56.681  1401  2151 I WindowManager: Reparenting to original parent: Surface(name=WindowToken{fe60af5 type=2011 android.os.Binder@f55e02c})/@0x17aed02, destroy=false, surface=Surface(name=898f977 InputMethod)/@0xbf9fe4d
12-18 18:37:56.681  1401  2151 I WindowManager: Reparenting to leash, surface=Surface(name=898f977 InputMethod)/@0xbf9fe4d, leashParent=Surface(name=WindowToken{fe60af5 type=2011 android.os.Binder@f55e02c})/@0x17aed02
12-18 18:37:56.682  1401  2151 D WindowManager: makeSurface duration=1 leash=Surface(name=Surface(name=898f977 InputMethod)/@0xbf9fe4d - animation-leash of insets_animation)/@0x6d499dd
12-18 18:37:57.274  1401  1401 D InputDispatcher: Inject motion (0/0): action=0x0, time=119279479287000, f=0x0, d=0 dsdx=1.000000 dtdx=0.000000
12-18 18:37:57.276  1401  1700 I InputDispatcher: Delivering touch to (16162): action: 0x0, f=0x0, d=0, 'b3ae1c1', t=1 +(0,-116)
12-18 18:37:57.319  1401  1401 D InputDispatcher: Inject motion (0/0): action=0x1, time=119279527937000, f=0x0, d=0 dsdx=1.000000 dtdx=0.000000
12-18 18:37:57.320  1401  1700 I InputDispatcher: Delivering touch to (16162): action: 0x1, f=0x0, d=0, 'b3ae1c1', t=1 +(0,-116)
12-18 18:37:57.325 16162 16162 I WindowManager: WindowManagerGlobal#removeView, ty=2032, view=android.widget.FrameLayout{e21b085 VFE...C.. .F.P.... 0,0-1080,2404 aid=1}, caller=android.view.WindowManagerGlobal.removeView:654 android.view.WindowManagerImpl.removeView:211 com.example.quadrantlauncher.FloatingLauncherService.toggleDrawer:508 
12-18 18:37:57.341  1401  3076 I WindowManager: Relayout Window{c857c99 u0 com.katsuyamaki.DroidOSLauncher}: viewVisibility=0 req=63x63 ty=2032 d0
12-18 18:37:57.342  1401  3076 D WindowManager: makeSurface duration=1 name=$_16162
12-18 18:37:57.349  1401  3076 I WindowManager: Relayout hash=c857c99, pid=16162, syncId=-1: mAttrs={(50,200)(wrapxwrap) gr=TOP START CENTER sim={adjust=pan} ty=ACCESSIBILITY_OVERLAY fmt=TRANSLUCENT
12-18 18:37:57.349  1401  3076 I WindowManager:   fl=1040308
12-18 18:37:57.349  1401  3076 I WindowManager:   bhv=1
12-18 18:37:57.349  1401  3076 I WindowManager:   fitTypes=206
12-18 18:37:57.349  1401  3076 I WindowManager:   frameRateBoostOnTouch=true
12-18 18:37:57.349  1401  3076 I WindowManager:   dvrrWindowFrameRateHint=true naviIconColor=0}
12-18 18:37:57.360  1401  2151 D WindowManager: finishDrawingWindow: Window{c857c99 u0 com.katsuyamaki.DroidOSLauncher} mDrawState=DRAW_PENDING seqId=0
12-18 18:37:57.368  1401  2151 I WindowManager: Cancelling animation restarting=true, leash=Surface(name=Surface(name=898f977 InputMethod)/@0xbf9fe4d - animation-leash of insets_animation)/@0x6d499dd
12-18 18:37:57.368  1401  2151 I WindowManager: Reparenting to original parent: Surface(name=WindowToken{fe60af5 type=2011 android.os.Binder@f55e02c})/@0x17aed02, destroy=false, surface=Surface(name=898f977 InputMethod)/@0xbf9fe4d
12-18 18:37:57.368  1401  2151 I WindowManager: Reparenting to leash, surface=Surface(name=898f977 InputMethod)/@0xbf9fe4d, leashParent=Surface(name=WindowToken{fe60af5 type=2011 android.os.Binder@f55e02c})/@0x17aed02
12-18 18:37:57.369  1401  2151 D WindowManager: makeSurface duration=1 leash=Surface(name=Surface(name=898f977 InputMethod)/@0xbf9fe4d - animation-leash of insets_animation)/@0x81edf7f
12-18 18:37:57.374  1401  2151 D WindowManager: Changing focus from Window{b3ae1c1 u0 com.katsuyamaki.DroidOSLauncher} to Window{3dc2dd0 u0 com.sec.android.app.launcher/com.sec.android.app.launcher.activities.LauncherActivity} displayId=0 Callers=com.android.server.wm.WindowState.removeIfPossible:647 com.android.server.wm.Session.remove:16 android.view.IWindowSession$Stub.onTransact:804 com.android.server.wm.Session.onTransact:1 
12-18 18:37:57.374  1401  2151 I WindowManager: Cancelling animation restarting=true, leash=Surface(name=Surface(name=253deac NavigationBar0)/@0x344c78e - animation-leash of insets_animation)/@0xcf907f9
12-18 18:37:57.374  1401  2151 I WindowManager: Reparenting to original parent: Surface(name=WindowToken{742645f type=2019 android.os.BinderProxy@3f7f8b9})/@0xeea6baf, destroy=false, surface=Surface(name=253deac NavigationBar0)/@0x344c78e
12-18 18:37:57.375  1401  2151 I WindowManager: Reparenting to leash, surface=Surface(name=253deac NavigationBar0)/@0x344c78e, leashParent=Surface(name=WindowToken{742645f type=2019 android.os.BinderProxy@3f7f8b9})/@0xeea6baf
12-18 18:37:57.375  1401  2151 D WindowManager: makeSurface duration=1 leash=Surface(name=Surface(name=253deac NavigationBar0)/@0x344c78e - animation-leash of insets_animation)/@0x1fc70aa
12-18 18:37:57.376  1401  2151 I WindowManager: Cancelling animation restarting=true, leash=Surface(name=Surface(name=7a1affc StatusBar)/@0x9878745 - animation-leash of insets_animation)/@0x25e259f
12-18 18:37:57.376  1401  2151 I WindowManager: Reparenting to original parent: Surface(name=WindowToken{ea68ef type=2000 android.os.BinderProxy@acba6c9})/@0xe49ce9a, destroy=false, surface=Surface(name=7a1affc StatusBar)/@0x9878745
12-18 18:37:57.376  1401  2151 I WindowManager: Reparenting to leash, surface=Surface(name=7a1affc StatusBar)/@0x9878745, leashParent=Surface(name=WindowToken{ea68ef type=2000 android.os.BinderProxy@acba6c9})/@0xe49ce9a
12-18 18:37:57.377  1401  2151 D WindowManager: makeSurface duration=0 leash=Surface(name=Surface(name=7a1affc StatusBar)/@0x9878745 - animation-leash of insets_animation)/@0x4bf49b
12-18 18:37:57.377  1401  2151 D WindowManager: updateSystemBarAttributes: displayId=0, focusedCanBeNavColorWin=false, win=Window{3dc2dd0 u0 com.sec.android.app.launcher/com.sec.android.app.launcher.activities.LauncherActivity}, navColorWin=Window{3dc2dd0 u0 com.sec.android.app.launcher/com.sec.android.app.launcher.activities.LauncherActivity}, caller=com.android.server.wm.WindowManagerService.updateFocusedWindowLocked:372 com.android.server.wm.WindowState.removeIfPossible:647 com.android.server.wm.Session.remove:16 
12-18 18:37:57.378  1401  2151 D WindowManager: updateSystemBarAttributes, bhv=2, apr=0, statusBarAprRegions=[AppearanceRegion{ bounds=[0,0][1080,2520]}], requestedVisibilities=-9
12-18 18:37:57.385  1401  3507 D InputDispatcher: Focus left window (0): b3ae1c1 com.katsuyamaki.DroidOSLauncher
12-18 18:37:57.396  1401  3507 D InputDispatcher: Once focus requested (0): 3dc2dd0 com.sec.android.app.launcher/com.sec.android.app.launcher.activities.LauncherActivity
12-18 18:37:57.396  1401  3507 D InputDispatcher: Focus entered window (0): 3dc2dd0 com.sec.android.app.launcher/com.sec.android.app.launcher.activities.LauncherActivity
12-18 18:37:57.405  1401  1763 D InputMethodManagerService: isImeSwitcherDisabledPackage : false
12-18 18:37:57.405  1401  1763 D InputMethodManagerService: shouldShowImeSwitcherLocked : checking vis : 3
12-18 18:37:57.406  1401  1763 D InputMethodManagerService: checkDisplayOfStartInputAndUpdateKeyboard: displayId=0, mFocusedDisplayId=0
12-18 18:37:57.408  1401  2245 I WindowManager: Cancelling animation restarting=true, leash=Surface(name=Surface(name=898f977 InputMethod)/@0xbf9fe4d - animation-leash of insets_animation)/@0x81edf7f
12-18 18:37:57.408  1401  2245 I WindowManager: Reparenting to original parent: Surface(name=WindowToken{fe60af5 type=2011 android.os.Binder@f55e02c})/@0x17aed02, destroy=false, surface=Surface(name=898f977 InputMethod)/@0xbf9fe4d
12-18 18:37:57.408  1401  2245 I WindowManager: Reparenting to leash, surface=Surface(name=898f977 InputMethod)/@0xbf9fe4d, leashParent=Surface(name=WindowToken{fe60af5 type=2011 android.os.Binder@f55e02c})/@0x17aed02
12-18 18:37:57.409  1401  2245 D WindowManager: makeSurface duration=1 leash=Surface(name=Surface(name=898f977 InputMethod)/@0xbf9fe4d - animation-leash of insets_animation)/@0x254b44d
12-18 18:37:57.507  1401  1401 D InputDispatcher: Inject motion (0/0): action=0x0, time=119279711832000, f=0x0, d=0 dsdx=1.000000 dtdx=0.000000
12-18 18:37:57.508  1401  1700 I InputDispatcher: Delivering touch to (16162): action: 0x4, f=0x0, d=0, 'c857c99', t=1 
